ARM Linker, 5.03 [Build 76] [MDK-ARM Lite]

==============================================================================

Section Cross References

    startup_stm32f40xx.o(STACK) refers (Special) to heapauxi.o(.text) for __use_two_region_memory
    startup_stm32f40xx.o(HEAP) refers (Special) to heapauxi.o(.text) for __use_two_region_memory
    startup_stm32f40xx.o(RESET) refers (Special) to heapauxi.o(.text) for __use_two_region_memory
    startup_stm32f40xx.o(RESET) refers to startup_stm32f40xx.o(STACK) for __initial_sp
    startup_stm32f40xx.o(RESET) refers to startup_stm32f40xx.o(.text) for Reset_Handler
    startup_stm32f40xx.o(RESET) refers to main.o(.text) for EXTI1_IRQHandler
    startup_stm32f40xx.o(.text) refers (Special) to heapauxi.o(.text) for __use_two_region_memory
    startup_stm32f40xx.o(.text) refers to system_stm32f4xx.o(.text) for SystemInit
    startup_stm32f40xx.o(.text) refers to __main.o(!!!main) for __main
    startup_stm32f40xx.o(.text) refers to startup_stm32f40xx.o(HEAP) for Heap_Mem
    startup_stm32f40xx.o(.text) refers to startup_stm32f40xx.o(STACK) for Stack_Mem
    fputc_debug.o(.rev16_text) refers (Special) to use_no_semi.o(.text) for __use_no_semihosting_swi
    fputc_debug.o(.revsh_text) refers (Special) to use_no_semi.o(.text) for __use_no_semihosting_swi
    fputc_debug.o(.text) refers (Special) to use_no_semi.o(.text) for __use_no_semihosting_swi
    fputc_debug.o(.data) refers (Special) to use_no_semi.o(.text) for __use_no_semihosting_swi
    main.o(.text) refers to _printf_percent.o(.ARM.Collect$$_printf_percent$$00000000) for _printf_percent
    main.o(.text) refers to _printf_f.o(.ARM.Collect$$_printf_percent$$00000003) for _printf_f
    main.o(.text) refers to printf1.o(x$fpl$printf1) for _printf_fp_dec
    main.o(.text) refers to _printf_x.o(.ARM.Collect$$_printf_percent$$0000000C) for _printf_x
    main.o(.text) refers to _printf_hex_int.o(.text) for _printf_longlong_hex
    main.o(.text) refers to lab3_init.o(.text) for init_TIM2
    main.o(.text) refers to lab3_accelerometer.o(.text) for init_accel
    main.o(.text) refers to lab3_filter.o(.text) for init_moving_average
    main.o(.text) refers to f2d.o(x$fpl$f2d) for __aeabi_f2d
    main.o(.text) refers to noretval__2printf.o(.text) for __2printf
    main.o(.text) refers to stm32f4xx_gpio.o(.text) for GPIO_ToggleBits
    main.o(.text) refers to stm32f4_discovery_lis302dl.o(.text) for LIS302DL_Read
    main.o(.text) refers to cos.o(i.__hardfp_cos) for __hardfp_cos
    main.o(.text) refers to basic.o(x$fpl$basic) for __aeabi_dneg
    main.o(.text) refers to daddsub_clz.o(x$fpl$dadd) for __aeabi_dadd
    main.o(.text) refers to dmul.o(x$fpl$dmul) for __aeabi_dmul
    main.o(.text) refers to pow.o(i.__hardfp_pow) for __hardfp_pow
    main.o(.text) refers to dflt_clz.o(x$fpl$dfltu) for __aeabi_ui2d
    main.o(.text) refers to d2f.o(x$fpl$d2f) for __aeabi_d2f
    main.o(.text) refers to stm32f4xx_tim.o(.text) for TIM_SetCompare1
    main.o(.text) refers to stm32f4xx_exti.o(.text) for EXTI_GetITStatus
    main.o(.text) refers to main.o(.data) for tap_interrupt
    system_stm32f4xx.o(.text) refers to system_stm32f4xx.o(.data) for SystemCoreClock
    lab3_init.o(.text) refers to stm32f4xx_rcc.o(.text) for RCC_AHB1PeriphClockCmd
    lab3_init.o(.text) refers to stm32f4xx_gpio.o(.text) for GPIO_StructInit
    lab3_init.o(.text) refers to stm32f4xx_tim.o(.text) for TIM_TimeBaseInit
    lab3_init.o(.text) refers to misc.o(.text) for NVIC_Init
    lab3_init.o(.text) refers to stm32f4xx_syscfg.o(.text) for SYSCFG_EXTILineConfig
    lab3_init.o(.text) refers to stm32f4xx_exti.o(.text) for EXTI_StructInit
    lab3_init.o(.text) refers to system_stm32f4xx.o(.data) for SystemCoreClock
    lab3_accelerometer.o(.text) refers to stm32f4_discovery_lis302dl.o(.text) for LIS302DL_ReadACC
    lab3_accelerometer.o(.text) refers to dflt_clz.o(x$fpl$dflt) for __aeabi_i2d
    lab3_accelerometer.o(.text) refers to pow.o(i.__hardfp_pow) for __hardfp_pow
    lab3_accelerometer.o(.text) refers to daddsub_clz.o(x$fpl$dadd) for __aeabi_dadd
    lab3_accelerometer.o(.text) refers to sqrt.o(i.__hardfp_sqrt) for __hardfp_sqrt
    lab3_accelerometer.o(.text) refers to ddiv.o(x$fpl$ddiv) for __aeabi_ddiv
    lab3_accelerometer.o(.text) refers to atan.o(i.__hardfp_atan) for __hardfp_atan
    lab3_accelerometer.o(.text) refers to dmul.o(x$fpl$dmul) for __aeabi_dmul
    lab3_accelerometer.o(.text) refers to d2f.o(x$fpl$d2f) for __aeabi_d2f
    lab3_filter.o(.text) refers to f2d.o(x$fpl$f2d) for __aeabi_f2d
    lab3_filter.o(.text) refers to daddsub_clz.o(x$fpl$dadd) for __aeabi_dadd
    lab3_filter.o(.text) refers to ddiv.o(x$fpl$ddiv) for __aeabi_ddiv
    lab3_filter.o(.text) refers to d2f.o(x$fpl$d2f) for __aeabi_d2f
    stm32f4xx_adc.o(.text) refers to stm32f4xx_rcc.o(.text) for RCC_APB2PeriphResetCmd
    stm32f4xx_can.o(.text) refers to stm32f4xx_rcc.o(.text) for RCC_APB1PeriphResetCmd
[...]
    .ARM.Collect$$rtentry$$00000002          0x08000228   Section        0  rtentry2.o(.ARM.Collect$$rtentry$$00000002)
    .ARM.Collect$$rtentry$$00000004          0x08000228   Section        6  rtentry4.o(.ARM.Collect$$rtentry$$00000004)
    .ARM.Collect$$rtentry$$00000009          0x0800022e   Section        0  rtentry2.o(.ARM.Collect$$rtentry$$00000009)
    .ARM.Collect$$rtentry$$0000000A          0x0800022e   Section        4  rtentry2.o(.ARM.Collect$$rtentry$$0000000A)
    .ARM.Collect$$rtentry$$0000000C          0x08000232   Section        0  rtentry2.o(.ARM.Collect$$rtentry$$0000000C)
    .ARM.Collect$$rtentry$$0000000D          0x08000232   Section        8  rtentry2.o(.ARM.Collect$$rtentry$$0000000D)
    .ARM.Collect$$rtexit$$00000000           0x0800023a   Section        2  rtexit.o(.ARM.Collect$$rtexit$$00000000)
    .ARM.Collect$$rtexit$$00000002           0x0800023c   Section        0  rtexit2.o(.ARM.Collect$$rtexit$$00000002)
    .ARM.Collect$$rtexit$$00000003           0x0800023c   Section        4  rtexit2.o(.ARM.Collect$$rtexit$$00000003)
    .ARM.Collect$$rtexit$$00000004           0x08000240   Section        6  rtexit2.o(.ARM.Collect$$rtexit$$00000004)
    .text                                    0x08000248   Section       64  startup_stm32f40xx.o(.text)
    $v0                                      0x08000248   Number         0  startup_stm32f40xx.o(.text)
    .text                                    0x08000288   Section        0  fputc_debug.o(.text)
    ITM_SendChar                             0x08000289   Thumb Code    42  fputc_debug.o(.text)
    .text                                    0x080002d4   Section        0  main.o(.text)
    .text                                    0x08000744   Section        0  system_stm32f4xx.o(.text)
    SetSysClock                              0x08000745   Thumb Code   218  system_stm32f4xx.o(.text)
    .text                                    0x08000950   Section        0  lab3_init.o(.text)
    .text                                    0x08000c70   Section        0  lab3_accelerometer.o(.text)
    .text                                    0x08000f10   Section        0  lab3_filter.o(.text)
    .text                                    0x08000fec   Section        0  misc.o(.text)
    .text                                    0x080010d0   Section        0  stm32f4xx_exti.o(.text)
    .text                                    0x080011ec   Section        0  stm32f4xx_gpio.o(.text)
    .text                                    0x08001448   Section        0  stm32f4xx_rcc.o(.text)
    .text                                    0x080019d0   Section        0  stm32f4xx_spi.o(.text)
    .text                                    0x08001dc4   Section        0  stm32f4xx_syscfg.o(.text)
    .text                                    0x08001e50   Section        0  stm32f4xx_tim.o(.text)
    TI4_Config                               0x080025ef   Thumb Code    80  stm32f4xx_tim.o(.text)
    TI3_Config                               0x08002651   Thumb Code    72  stm32f4xx_tim.o(.text)
    TI2_Config                               0x080026b3   Thumb Code    90  stm32f4xx_tim.o(.text)
    TI1_Config                               0x0800271f   Thumb Code    58  stm32f4xx_tim.o(.text)
    .text                                    0x08002af4   Section        0  stm32f4_discovery_lis302dl.o(.text)
    LIS302DL_SendByte                        0x08002af9   Thumb Code    98  stm32f4_discovery_lis302dl.o(.text)
    LIS302DL_LowLevel_Init                   0x08002b95   Thumb Code   294  stm32f4_discovery_lis302dl.o(.text)
    .text                                    0x08002eb4   Section        2  use_no_semi.o(.text)
    .text                                    0x08002eb8   Section        0  noretval__2printf.o(.text)
    .text                                    0x08002ed0   Section        0  __printf.o(.text)
    .text                                    0x08002f38   Section        0  _printf_hex_int.o(.text)
    .text                                    0x08002f94   Section        0  heapauxi.o(.text)
    .text                                    0x08002f9a   Section        0  _rserrno.o(.text)
    .text                                    0x08002fb0   Section        0  _printf_intcommon.o(.text)
    .text                                    0x08003068   Section        0  _printf_fp_dec.o(.text)
    _fp_digits                               0x0800306b   Thumb Code   426  _printf_fp_dec.o(.text)
    .text                                    0x08003488   Section        0  _printf_char_file.o(.text)
    .text                                    0x080034ac   Section        8  rt_locale_intlibspace.o(.text)
    .text                                    0x080034b4   Section        8  rt_errno_addr_intlibspace.o(.text)
    .text                                    0x080034bc   Section      138  lludiv10.o(.text)
    .text                                    0x08003548   Section        0  _printf_char_common.o(.text)
    _printf_input_char                       0x08003549   Thumb Code    10  _printf_char_common.o(.text)
    .text                                    0x08003578   Section        0  _printf_fp_infnan.o(.text)
    .text                                    0x080035f8   Section        0  bigflt0.o(.text)
    .text                                    0x080036dc   Section        0  ferror.o(.text)
    .text                                    0x080036e4   Section        8  libspace.o(.text)
    .text                                    0x080036ec   Section       74  sys_stackheap_outer.o(.text)
    .text                                    0x08003736   Section        0  exit.o(.text)
    .text                                    0x08003744   Section      128  strcmpv7m.o(.text)
    CL$$btod_d2e                             0x080037c4   Section       62  btod.o(CL$$btod_d2e)
    CL$$btod_d2e_denorm_low                  0x08003802   Section       70  btod.o(CL$$btod_d2e_denorm_low)
    CL$$btod_d2e_norm_op1                    0x08003848   Section       96  btod.o(CL$$btod_d2e_norm_op1)
    CL$$btod_div_common                      0x080038a8   Section      824  btod.o(CL$$btod_div_common)
    CL$$btod_e2e                             0x08003be0   Section      198  btod.o(CL$$btod_e2e)
    CL$$btod_ediv                            0x08003ca6   Section       40  btod.o(CL$$btod_ediv)
    CL$$btod_emul                            0x08003cce   Section       40  btod.o(CL$$btod_emul)
    CL$$btod_mult_common                     0x08003cf6   Section      580  btod.o(CL$$btod_mult_common)
    i.__ARM_fpclassify                       0x08003f3a   Section        0  fpclassify.o(i.__ARM_fpclassify)
    i.__hardfp_atan                          0x08003f70   Section        0  atan.o(i.__hardfp_atan)
    i.__hardfp_cos                           0x08004258   Section        0  cos.o(i.__hardfp_cos)
    i.__hardfp_pow                           0x08004330   Section        0  pow.o(i.__hardfp_pow)
    i.__hardfp_sqrt                          0x08004fc0   Section        0  sqrt.o(i.__hardfp_sqrt)
    i.__ieee754_rem_pio2                     0x08005040   Section        0  rred.o(i.__ieee754_rem_pio2)
    i.__kernel_cos                           0x08005498   Section        0  cos_i.o(i.__kernel_cos)
    i.__kernel_poly                          0x08005608   Section        0  poly.o(i.__kernel_poly)
    i.__kernel_sin                           0x08005700   Section        0  sin_i.o(i.__kernel_sin)
    i.__mathlib_dbl_underflow                0x08005830   Section        0  dunder.o(i.__mathlib_dbl_underflow)
    i.fabs                                   0x08005850   Section        0  fabs.o(i.fabs)
    i.sqrt                                   0x08005870   Section        0  sqrt.o(i.sqrt)
    locale$$code                             0x080058e0   Section       44  lc_numeric_c.o(locale$$code)
    x$fpl$basic                              0x0800590c   Section       24  basic.o(x$fpl$basic)
    $v0                                      0x0800590c   Number         0  basic.o(x$fpl$basic)
    x$fpl$d2f                                0x08005924   Section       98  d2f.o(x$fpl$d2f)
    $v0                                      0x08005924   Number         0  d2f.o(x$fpl$d2f)
    x$fpl$dadd                               0x08005988   Section      336  daddsub_clz.o(x$fpl$dadd)
    $v0                                      0x08005988   Number         0  daddsub_clz.o(x$fpl$dadd)
    _dadd1                                   0x08005999   Thumb Code     0  daddsub_clz.o(x$fpl$dadd)
    x$fpl$dcheck1                            0x08005ad8   Section       16  dcheck1.o(x$fpl$dcheck1)
    $v0                                      0x08005ad8   Number         0  dcheck1.o(x$fpl$dcheck1)
    x$fpl$dcmpinf                            0x08005ae8   Section       24  dcmpi.o(x$fpl$dcmpinf)
    $v0                                      0x08005ae8   Number         0  dcmpi.o(x$fpl$dcmpinf)
    x$fpl$ddiv                               0x08005b00   Section      688  ddiv.o(x$fpl$ddiv)
    $v0                                      0x08005b00   Number         0  ddiv.o(x$fpl$ddiv)
    ddiv_entry                               0x08005b07   Thumb Code     0  ddiv.o(x$fpl$ddiv)
    x$fpl$dfix                               0x08005db0   Section       94  dfix.o(x$fpl$dfix)
    $v0                                      0x08005db0   Number         0  dfix.o(x$fpl$dfix)
    x$fpl$dflt                               0x08005e0e   Section       46  dflt_clz.o(x$fpl$dflt)
    $v0                                      0x08005e0e   Number         0  dflt_clz.o(x$fpl$dflt)
    x$fpl$dfltu                              0x08005e3c   Section       38  dflt_clz.o(x$fpl$dfltu)
    $v0                                      0x08005e3c   Number         0  dflt_clz.o(x$fpl$dfltu)
    x$fpl$dleqf                              0x08005e64   Section      120  dleqf.o(x$fpl$dleqf)
    $v0                                      0x08005e64   Number         0  dleqf.o(x$fpl$dleqf)
    x$fpl$dmul                               0x08005edc   Section      340  dmul.o(x$fpl$dmul)
    $v0                                      0x08005edc   Number         0  dmul.o(x$fpl$dmul)
    x$fpl$dnaninf                            0x08006030   Section      156  dnaninf.o(x$fpl$dnaninf)
    $v0                                      0x08006030   Number         0  dnaninf.o(x$fpl$dnaninf)
    x$fpl$dretinf                            0x080060cc   Section       12  dretinf.o(x$fpl$dretinf)
    $v0                                      0x080060cc   Number         0  dretinf.o(x$fpl$dretinf)
    x$fpl$drleqf                             0x080060d8   Section      108  drleqf.o(x$fpl$drleqf)
    $v0                                      0x080060d8   Number         0  drleqf.o(x$fpl$drleqf)
    x$fpl$drsb                               0x08006144   Section       22  daddsub_clz.o(x$fpl$drsb)
    $v0                                      0x08006144   Number         0  daddsub_clz.o(x$fpl$drsb)
    x$fpl$dsqrt                              0x0800615c   Section      408  dsqrt_umaal.o(x$fpl$dsqrt)
    $v0                                      0x0800615c   Number         0  dsqrt_umaal.o(x$fpl$dsqrt)
    x$fpl$dsub                               0x080062f4   Section      468  daddsub_clz.o(x$fpl$dsub)
    $v0                                      0x080062f4   Number         0  daddsub_clz.o(x$fpl$dsub)
    _dsub1                                   0x08006305   Thumb Code     0  daddsub_clz.o(x$fpl$dsub)
    x$fpl$f2d                                0x080064c8   Section       86  f2d.o(x$fpl$f2d)
    $v0                                      0x080064c8   Number         0  f2d.o(x$fpl$f2d)
    x$fpl$fnaninf                            0x0800651e   Section      140  fnaninf.o(x$fpl$fnaninf)
    $v0                                      0x0800651e   Number         0  fnaninf.o(x$fpl$fnaninf)
    x$fpl$fpinit                             0x080065aa   Section       10  fpinit.o(x$fpl$fpinit)
    $v0                                      0x080065aa   Number         0  fpinit.o(x$fpl$fpinit)
    x$fpl$fretinf                            0x080065b4   Section       10  fretinf.o(x$fpl$fretinf)
    $v0                                      0x080065b4   Number         0  fretinf.o(x$fpl$fretinf)
    x$fpl$printf1                            0x080065be   Section        4  printf1.o(x$fpl$printf1)
    $v0                                      0x080065be   Number         0  printf1.o(x$fpl$printf1)
    x$fpl$retnan                             0x080065c2   Section      100  retnan.o(x$fpl$retnan)
    $v0                                      0x080065c2   Number         0  retnan.o(x$fpl$retnan)
    x$fpl$scalbn                             0x08006626   Section       92  scalbn.o(x$fpl$scalbn)
    $v0                                      0x08006626   Number         0  scalbn.o(x$fpl$scalbn)
    x$fpl$trapveneer                         0x08006682   Section       48  trapv.o(x$fpl$trapveneer)
    $v0                                      0x08006682   Number         0  trapv.o(x$fpl$trapveneer)
    .constdata                               0x080066b2   Section       40  _printf_hex_int.o(.constdata)
    x$fpl$usenofp                            0x080066b2   Section        0  usenofp.o(x$fpl$usenofp)
    uc_hextab                                0x080066b2   Data          20  _printf_hex_int.o(.constdata)
    lc_hextab                                0x080066c6   Data          20  _printf_hex_int.o(.constdata)
    .constdata                               0x080066e0   Section      152  atan.o(.constdata)
    atanhi                                   0x080066e0   Data          32  atan.o(.constdata)
    atanlo                                   0x08006700   Data          32  atan.o(.constdata)
    aTodd                                    0x08006720   Data          40  atan.o(.constdata)
    aTeven                                   0x08006748   Data          48  atan.o(.constdata)
    .constdata                               0x08006778   Section      136  pow.o(.constdata)
    bp                                       0x08006778   Data          16  pow.o(.constdata)
    dp_h                                     0x08006788   Data          16  pow.o(.constdata)
    dp_l                                     0x08006798   Data          16  pow.o(.constdata)
    L                                        0x080067a8   Data          48  pow.o(.constdata)
    P                                        0x080067d8   Data          40  pow.o(.constdata)
    .constdata                               0x08006800   Section       48  cos_i.o(.constdata)
    C                                        0x08006800   Data          48  cos_i.o(.constdata)
    .constdata                               0x08006830   Section        8  qnan.o(.constdata)
    .constdata                               0x08006838   Section      200  rred.o(.constdata)
    pio2s                                    0x08006838   Data          48  rred.o(.constdata)
    twooverpi                                0x08006868   Data         152  rred.o(.constdata)
    .constdata                               0x08006900   Section       40  sin_i.o(.constdata)
    S                                        0x08006900   Data          40  sin_i.o(.constdata)
    .constdata                               0x08006928   Section      148  bigflt0.o(.constdata)
    tenpwrs_x                                0x08006928   Data          60  bigflt0.o(.constdata)
    tenpwrs_i                                0x08006964   Data          64  bigflt0.o(.constdata)
    locale$$data                             0x080069dc   Section       28  lc_numeric_c.o(locale$$data)
    __lcnum_c_name                           0x080069e0   Data           2  lc_numeric_c.o(locale$$data)
    __lcnum_c_start                          0x080069e8   Data           0  lc_numeric_c.o(locale$$data)
    __lcnum_c_point                          0x080069f4   Data           0  lc_numeric_c.o(locale$$data)
    __lcnum_c_thousands                      0x080069f6   Data           0  lc_numeric_c.o(locale$$data)
    __lcnum_c_grouping                       0x080069f7   Data           0  lc_numeric_c.o(locale$$data)
    __lcnum_c_end                            0x080069f8   Data           0  lc_numeric_c.o(locale$$data)
    .data                                    0x20000000   Section        8  fputc_debug.o(.data)
    .data                                    0x20000008   Section       28  main.o(.data)
    tim2_interrupt                           0x20000008   Data           4  main.o(.data)
    tim3_interrupt                           0x2000000c   Data           4  main.o(.data)
    tim5_interrupt                           0x20000010   Data           4  main.o(.data)
    exti_interrupt                           0x20000014   Data           4  main.o(.data)
    tap_interrupt                            0x20000018   Data           4  main.o(.data)
    mode                                     0x2000001c   Data           4  main.o(.data)
    is_initialized                           0x20000020   Data           4  main.o(.data)
    .data                                    0x20000024   Section       20  system_stm32f4xx.o(.data)
    .data                                    0x20000038   Section       16  stm32f4xx_rcc.o(.data)
    APBAHBPrescTable                         0x20000038   Data          16  stm32f4xx_rcc.o(.data)
    .data                                    0x20000048   Section        4  stm32f4_discovery_lis302dl.o(.data)
    .bss                                     0x2000004c   Section       96  libspace.o(.bss)
    HEAP                                     0x200000b0   Section      512  startup_stm32f40xx.o(HEAP)
    Heap_Mem                                 0x200000b0   Data         512  startup_stm32f40xx.o(HEAP)
    STACK                                    0x200002b0   Section     1024  startup_stm32f40xx.o(STACK)
    Stack_Mem                                0x200002b0   Data        1024  startup_stm32f40xx.o(STACK)
    __initial_sp                             0x200006b0   Data           0  startup_stm32f40xx.o(STACK)

    Global Symbols

    Symbol Name                              Value     Ov Type        Size  Object(Section)

    BuildAttributes$$THM_ISAv4$E$P$D$K$B$S$7EM$VFPi3$EXTD16$VFPS$VFMA$PE$A:L22UL41UL21$X:L11$S22US41US21$IEEE1$IW$USESV6$~STKCKD$USESV7$~SHL$OTIME$ROPI$IEEEX$EBA8$UX$STANDARDLIB$REQ8$PRES8$EABIv2 0x00000000   Number         0  anon$$obj.o ABSOLUTE
    __ARM_use_no_argv                        0x00000000   Number         0  main.o ABSOLUTE
    __ARM_exceptions_init                     - Undefined Weak Reference
    __alloca_initialize                       - Undefined Weak Reference
    __cpp_initialize__aeabi_                  - Undefined Weak Reference
    __cxa_finalize                            - Undefined Weak Reference
    __sigvec_lookup                           - Undefined Weak Reference
    _atexit_init                              - Undefined Weak Reference
    _call_atexit_fns                          - Undefined Weak Reference
    _clock_init                               - Undefined Weak Reference
    _fp_trap_init                             - Undefined Weak Reference
    _fp_trap_shutdown                         - Undefined Weak Reference
    _get_lc_collate                           - Undefined Weak Reference
    _get_lc_ctype                             - Undefined Weak Reference
    _get_lc_monetary                          - Undefined Weak Reference
    _get_lc_time                              - Undefined Weak Reference
    _getenv_init                              - Undefined Weak Reference
    _handle_redirection                       - Undefined Weak Reference
    _init_alloc                               - Undefined Weak Reference
    _init_user_alloc                          - Undefined Weak Reference
    _initio                                   - Undefined Weak Reference
    _mutex_acquire                            - Undefined Weak Reference
    _mutex_release                            - Undefined Weak Reference
    _printf_post_padding                      - Undefined Weak Reference
    _printf_pre_padding                       - Undefined Weak Reference
    _printf_truncate_unsigned                 - Undefined Weak Reference
    _rand_init                                - Undefined Weak Reference
    _signal_finish                            - Undefined Weak Reference
    _signal_init                              - Undefined Weak Reference
    _terminate_alloc                          - Undefined Weak Reference
    _terminate_user_alloc                     - Undefined Weak Reference
    _terminateio                              - Undefined Weak Reference
    __Vectors_Size                           0x00000188   Number         0  startup_stm32f40xx.o ABSOLUTE
    __Vectors                                0x08000000   Data           4  startup_stm32f40xx.o(RESET)
    __Vectors_End                            0x08000188   Data           0  startup_stm32f40xx.o(RESET)
    __main                                   0x08000189   Thumb Code     8  __main.o(!!!main)
    __scatterload                            0x08000191   Thumb Code     0  __scatter.o(!!!scatter)
    __scatterload_rt2                        0x08000191   Thumb Code    44  __scatter.o(!!!scatter)
    __scatterload_rt2_thumb_only             0x08000191   Thumb Code     0  __scatter.o(!!!scatter)
    __scatterload_null                       0x0800019f   Thumb Code     0  __scatter.o(!!!scatter)
    __scatterload_copy                       0x080001c5   Thumb Code    26  __scatter_copy.o(!!handler_copy)
    __scatterload_zeroinit                   0x080001e1   Thumb Code    28  __scatter_zi.o(!!handler_zi)
    _printf_f                                0x080001fd   Thumb Code     0  _printf_f.o(.ARM.Collect$$_printf_percent$$00000003)
    _printf_percent                          0x080001fd   Thumb Code     0  _printf_percent.o(.ARM.Collect$$_printf_percent$$00000000)
    _printf_x                                0x08000203   Thumb Code     0  _printf_x.o(.ARM.Collect$$_printf_percent$$0000000C)
    _printf_percent_end                      0x08000209   Thumb Code     0  _printf_percent_end.o(.ARM.Collect$$_printf_percent$$00000017)
    __rt_lib_init                            0x0800020d   Thumb Code     0  libinit.o(.ARM.Collect$$libinit$$00000000)
    __rt_lib_init_fp_1                       0x0800020f   Thumb Code     0  libinit2.o(.ARM.Collect$$libinit$$00000001)
    __rt_lib_init_heap_1                     0x08000213   Thumb Code     0  libinit2.o(.ARM.Collect$$libinit$$00000008)
    __rt_lib_init_lc_common                  0x08000213   Thumb Code     0  libinit2.o(.ARM.Collect$$libinit$$0000000D)
    __rt_lib_init_rand_1                     0x08000213   Thumb Code     0  libinit2.o(.ARM.Collect$$libinit$$0000000C)
    __rt_lib_init_user_alloc_1               0x08000213   Thumb Code     0  libinit2.o(.ARM.Collect$$libinit$$0000000A)
    __rt_lib_init_lc_collate_1               0x08000219   Thumb Code     0  libinit2.o(.ARM.Collect$$libinit$$0000000F)
    __rt_lib_init_lc_ctype_1                 0x08000219   Thumb Code     0  libinit2.o(.ARM.Collect$$libinit$$00000011)
    __rt_lib_init_lc_monetary_1              0x08000219   Thumb Code     0  libinit2.o(.ARM.Collect$$libinit$$00000013)
    __rt_lib_init_lc_numeric_2               0x08000219   Thumb Code     0  libinit2.o(.ARM.Collect$$libinit$$00000014)
    __rt_lib_init_alloca_1                   0x08000223   Thumb Code     0  libinit2.o(.ARM.Collect$$libinit$$0000002C)
    __rt_lib_init_argv_1                     0x08000223   Thumb Code     0  libinit2.o(.ARM.Collect$$libinit$$0000002A)
    __rt_lib_init_atexit_1                   0x08000223   Thumb Code     0  libinit2.o(.ARM.Collect$$libinit$$00000019)
    __rt_lib_init_clock_1                    0x08000223   Thumb Code     0  libinit2.o(.ARM.Collect$$libinit$$0000001F)
    __rt_lib_init_cpp_1                      0x08000223   Thumb Code     0  libinit2.o(.ARM.Collect$$libinit$$00000030)
    __rt_lib_init_exceptions_1               0x08000223   Thumb Code     0  libinit2.o(.ARM.Collect$$libinit$$0000002E)
    __rt_lib_init_fp_trap_1                  0x08000223   Thumb Code     0  libinit2.o(.ARM.Collect$$libinit$$0000001D)
    __rt_lib_init_getenv_1                   0x08000223   Thumb Code     0  libinit2.o(.ARM.Collect$$libinit$$00000021)
    __rt_lib_init_lc_numeric_1               0x08000223   Thumb Code     0  libinit2.o(.ARM.Collect$$libinit$$00000015)
    __rt_lib_init_lc_time_1                  0x08000223   Thumb Code     0  libinit2.o(.ARM.Collect$$libinit$$00000017)
    __rt_lib_init_return                     0x08000223   Thumb Code     0  libinit2.o(.ARM.Collect$$libinit$$00000031)
    __rt_lib_init_signal_1                   0x08000223   Thumb Code     0  libinit2.o(.ARM.Collect$$libinit$$0000001B)
    __rt_lib_init_stdio_1                    0x08000223   Thumb Code     0  libinit2.o(.ARM.Collect$$libinit$$00000023)
    __rt_lib_shutdown                        0x08000225   Thumb Code     0  libshutdown.o(.ARM.Collect$$libshutdown$$00000000)
    __rt_lib_shutdown_fp_trap_1              0x08000227   Thumb Code     0  libshutdown2.o(.ARM.Collect$$libshutdown$$00000006)
    __rt_lib_shutdown_heap_1                 0x08000227   Thumb Code     0  libshutdown2.o(.ARM.Collect$$libshutdown$$0000000E)
    __rt_lib_shutdown_return                 0x08000227   Thumb Code     0  libshutdown2.o(.ARM.Collect$$libshutdown$$0000000F)
    __rt_lib_shutdown_signal_1               0x08000227   Thumb Code     0  libshutdown2.o(.ARM.Collect$$libshutdown$$00000009)
    __rt_lib_shutdown_stdio_1                0x08000227   Thumb Code     0  libshutdown2.o(.ARM.Collect$$libshutdown$$00000003)
    __rt_lib_shutdown_user_alloc_1           0x08000227   Thumb Code     0  libshutdown2.o(.ARM.Collect$$libshutdown$$0000000B)
    __rt_entry                               0x08000229   Thumb Code     0  rtentry.o(.ARM.Collect$$rtentry$$00000000)
    __rt_entry_presh_1                       0x08000229   Thumb Code     0  rtentry2.o(.ARM.Collect$$rtentry$$00000002)
    __rt_entry_sh                            0x08000229   Thumb Code     0  rtentry4.o(.ARM.Collect$$rtentry$$00000004)
    __rt_entry_li                            0x0800022f   Thumb Code     0  rtentry2.o(.ARM.Collect$$rtentry$$0000000A)
    __rt_entry_postsh_1                      0x0800022f   Thumb Code     0  rtentry2.o(.ARM.Collect$$rtentry$$00000009)
    __rt_entry_main                          0x08000233   Thumb Code     0  rtentry2.o(.ARM.Collect$$rtentry$$0000000D)
    __rt_entry_postli_1                      0x08000233   Thumb Code     0  rtentry2.o(.ARM.Collect$$rtentry$$0000000C)
    __rt_exit                                0x0800023b   Thumb Code     0  rtexit.o(.ARM.Collect$$rtexit$$00000000)
    __rt_exit_ls                             0x0800023d   Thumb Code     0  rtexit2.o(.ARM.Collect$$rtexit$$00000003)
    __rt_exit_prels_1                        0x0800023d   Thumb Code     0  rtexit2.o(.ARM.Collect$$rtexit$$00000002)
    __rt_exit_exit                           0x08000241   Thumb Code     0  rtexit2.o(.ARM.Collect$$rtexit$$00000004)
    Reset_Handler                            0x08000249   Thumb Code     8  startup_stm32f40xx.o(.text)
    NMI_Handler                              0x08000251   Thumb Code     2  startup_stm32f40xx.o(.text)
    HardFault_Handler                        0x08000253   Thumb Code     2  startup_stm32f40xx.o(.text)
    MemManage_Handler                        0x08000255   Thumb Code     2  startup_stm32f40xx.o(.text)
    BusFault_Handler                         0x08000257   Thumb Code     2  startup_stm32f40xx.o(.text)
    UsageFault_Handler                       0x08000259   Thumb Code     2  startup_stm32f40xx.o(.text)
    SVC_Handler                              0x0800025b   Thumb Code     2  startup_stm32f40xx.o(.text)
    DebugMon_Handler                         0x0800025d   Thumb Code     2  startup_stm32f40xx.o(.text)
    PendSV_Handler                           0x0800025f   Thumb Code     2  startup_stm32f40xx.o(.text)
    SysTick_Handler                          0x08000261   Thumb Code     2  startup_stm32f40xx.o(.text)
    ADC_IRQHandler                           0x08000263   Thumb Code     0  startup_stm32f40xx.o(.text)
    CAN1_RX0_IRQHandler                      0x08000263   Thumb Code     0  startup_stm32f40xx.o(.text)
    CAN1_RX1_IRQHandler                      0x08000263   Thumb Code     0  startup_stm32f40xx.o(.text)
    CAN1_SCE_IRQHandler                      0x08000263   Thumb Code     0  startup_stm32f40xx.o(.text)
    CAN1_TX_IRQHandler                       0x08000263   Thumb Code     0  startup_stm32f40xx.o(.text)
    CAN2_RX0_IRQHandler                      0x08000263   Thumb Code     0  startup_stm32f40xx.o(.text)
    CAN2_RX1_IRQHandler                      0x08000263   Thumb Code     0  startup_stm32f40xx.o(.text)
    CAN2_SCE_IRQHandler                      0x08000263   Thumb Code     0  startup_stm32f40xx.o(.text)
    CAN2_TX_IRQHandler                       0x08000263   Thumb Code     0  startup_stm32f40xx.o(.text)
    CRYP_IRQHandler                          0x08000263   Thumb Code     0  startup_stm32f40xx.o(.text)
    DCMI_IRQHandler                          0x08000263   Thumb Code     0  startup_stm32f40xx.o(.text)
    DMA1_Stream0_IRQHandler                  0x08000263   Thumb Code     0  startup_stm32f40xx.o(.text)
    DMA1_Stream1_IRQHandler                  0x08000263   Thumb Code     0  startup_stm32f40xx.o(.text)
    DMA1_Stream2_IRQHandler                  0x08000263   Thumb Code     0  startup_stm32f40xx.o(.text)
    DMA1_Stream3_IRQHandler                  0x08000263   Thumb Code     0  startup_stm32f40xx.o(.text)
    DMA1_Stream4_IRQHandler                  0x08000263   Thumb Code     0  startup_stm32f40xx.o(.text)
    DMA1_Stream5_IRQHandler                  0x08000263   Thumb Code     0  startup_stm32f40xx.o(.text)
    DMA1_Stream6_IRQHandler                  0x08000263   Thumb Code     0  startup_stm32f40xx.o(.text)
    DMA1_Stream7_IRQHandler                  0x08000263   Thumb Code     0  startup_stm32f40xx.o(.text)
    DMA2_Stream0_IRQHandler                  0x08000263   Thumb Code     0  startup_stm32f40xx.o(.text)
    DMA2_Stream1_IRQHandler                  0x08000263   Thumb Code     0  startup_stm32f40xx.o(.text)
    DMA2_Stream2_IRQHandler                  0x08000263   Thumb Code     0  startup_stm32f40xx.o(.text)
    DMA2_Stream3_IRQHandler                  0x08000263   Thumb Code     0  startup_stm32f40xx.o(.text)
    DMA2_Stream4_IRQHandler                  0x08000263   Thumb Code     0  startup_stm32f40xx.o(.text)
    DMA2_Stream5_IRQHandler                  0x08000263   Thumb Code     0  startup_stm32f40xx.o(.text)
    DMA2_Stream6_IRQHandler                  0x08000263   Thumb Code     0  startup_stm32f40xx.o(.text)
    DMA2_Stream7_IRQHandler                  0x08000263   Thumb Code     0  startup_stm32f40xx.o(.text)
    ETH_IRQHandler                           0x08000263   Thumb Code     0  startup_stm32f40xx.o(.text)
    ETH_WKUP_IRQHandler                      0x08000263   Thumb Code     0  startup_stm32f40xx.o(.text)
    EXTI0_IRQHandler                         0x08000263   Thumb Code     0  startup_stm32f40xx.o(.text)
    EXTI15_10_IRQHandler                     0x08000263   Thumb Code     0  startup_stm32f40xx.o(.text)
    EXTI2_IRQHandler                         0x08000263   Thumb Code     0  startup_stm32f40xx.o(.text)
    EXTI3_IRQHandler                         0x08000263   Thumb Code     0  startup_stm32f40xx.o(.text)
    EXTI4_IRQHandler                         0x08000263   Thumb Code     0  startup_stm32f40xx.o(.text)
    EXTI9_5_IRQHandler                       0x08000263   Thumb Code     0  startup_stm32f40xx.o(.text)
    FLASH_IRQHandler                         0x08000263   Thumb Code     0  startup_stm32f40xx.o(.text)
    FPU_IRQHandler                           0x08000263   Thumb Code     0  startup_stm32f40xx.o(.text)
    FSMC_IRQHandler                          0x08000263   Thumb Code     0  startup_stm32f40xx.o(.text)
    HASH_RNG_IRQHandler                      0x08000263   Thumb Code     0  startup_stm32f40xx.o(.text)
    I2C1_ER_IRQHandler                       0x08000263   Thumb Code     0  startup_stm32f40xx.o(.text)
    I2C1_EV_IRQHandler                       0x08000263   Thumb Code     0  startup_stm32f40xx.o(.text)
    I2C2_ER_IRQHandler                       0x08000263   Thumb Code     0  startup_stm32f40xx.o(.text)
    I2C2_EV_IRQHandler                       0x08000263   Thumb Code     0  startup_stm32f40xx.o(.text)
    I2C3_ER_IRQHandler                       0x08000263   Thumb Code     0  startup_stm32f40xx.o(.text)
    I2C3_EV_IRQHandler                       0x08000263   Thumb Code     0  startup_stm32f40xx.o(.text)
    OTG_FS_IRQHandler                        0x08000263   Thumb Code     0  startup_stm32f40xx.o(.text)
    OTG_FS_WKUP_IRQHandler                   0x08000263   Thumb Code     0  startup_stm32f40xx.o(.text)
    OTG_HS_EP1_IN_IRQHandler                 0x08000263   Thumb Code     0  startup_stm32f40xx.o(.text)
    OTG_HS_EP1_OUT_IRQHandler                0x08000263   Thumb Code     0  startup_stm32f40xx.o(.text)
    OTG_HS_IRQHandler                        0x08000263   Thumb Code     0  startup_stm32f40xx.o(.text)
    OTG_HS_WKUP_IRQHandler                   0x08000263   Thumb Code     0  startup_stm32f40xx.o(.text)
    PVD_IRQHandler                           0x08000263   Thumb Code     0  startup_stm32f40xx.o(.text)
    RCC_IRQHandler                           0x08000263   Thumb Code     0  startup_stm32f40xx.o(.text)
    RTC_Alarm_IRQHandler                     0x08000263   Thumb Code     0  startup_stm32f40xx.o(.text)
    RTC_WKUP_IRQHandler                      0x08000263   Thumb Code     0  startup_stm32f40xx.o(.text)
    SDIO_IRQHandler                          0x08000263   Thumb Code     0  startup_stm32f40xx.o(.text)
    SPI1_IRQHandler                          0x08000263   Thumb Code     0  startup_stm32f40xx.o(.text)
    SPI2_IRQHandler                          0x08000263   Thumb Code     0  startup_stm32f40xx.o(.text)
    SPI3_IRQHandler                          0x08000263   Thumb Code     0  startup_stm32f40xx.o(.text)
    TAMP_STAMP_IRQHandler                    0x08000263   Thumb Code     0  startup_stm32f40xx.o(.text)
    TIM1_BRK_TIM9_IRQHandler                 0x08000263   Thumb Code     0  startup_stm32f40xx.o(.text)
    TIM1_CC_IRQHandler                       0x08000263   Thumb Code     0  startup_stm32f40xx.o(.text)
    TIM1_TRG_COM_TIM11_IRQHandler            0x08000263   Thumb Code     0  startup_stm32f40xx.o(.text)
    TIM1_UP_TIM10_IRQHandler                 0x08000263   Thumb Code     0  startup_stm32f40xx.o(.text)
    TIM4_IRQHandler                          0x08000263   Thumb Code     0  startup_stm32f40xx.o(.text)
    TIM6_DAC_IRQHandler                      0x08000263   Thumb Code     0  startup_stm32f40xx.o(.text)
    TIM7_IRQHandler                          0x08000263   Thumb Code     0  startup_stm32f40xx.o(.text)
    TIM8_BRK_TIM12_IRQHandler                0x08000263   Thumb Code     0  startup_stm32f40xx.o(.text)
    TIM8_CC_IRQHandler                       0x08000263   Thumb Code     0  startup_stm32f40xx.o(.text)
    TIM8_TRG_COM_TIM14_IRQHandler            0x08000263   Thumb Code     0  startup_stm32f40xx.o(.text)
    TIM8_UP_TIM13_IRQHandler                 0x08000263   Thumb Code     0  startup_stm32f40xx.o(.text)
    UART4_IRQHandler                         0x08000263   Thumb Code     0  startup_stm32f40xx.o(.text)
    UART5_IRQHandler                         0x08000263   Thumb Code     0  startup_stm32f40xx.o(.text)
    USART1_IRQHandler                        0x08000263   Thumb Code     0  startup_stm32f40xx.o(.text)
    USART2_IRQHandler                        0x08000263   Thumb Code     0  startup_stm32f40xx.o(.text)
    USART3_IRQHandler                        0x08000263   Thumb Code     0  startup_stm32f40xx.o(.text)
    USART6_IRQHandler                        0x08000263   Thumb Code     0  startup_stm32f40xx.o(.text)
    WWDG_IRQHandler                          0x08000263   Thumb Code     0  startup_stm32f40xx.o(.text)
    __user_initial_stackheap                 0x08000265   Thumb Code     0  startup_stm32f40xx.o(.text)
    fputc                                    0x080002b3   Thumb Code    14  fputc_debug.o(.text)
    _ttywrch                                 0x080002c1   Thumb Code    12  fputc_debug.o(.text)
    _sys_exit                                0x080002cd   Thumb Code     4  fputc_debug.o(.text)
    main                                     0x080002d5   Thumb Code   912  main.o(.text)
    TIM2_IRQHandler                          0x08000665   Thumb Code    32  main.o(.text)
    TIM3_IRQHandler                          0x08000685   Thumb Code    32  main.o(.text)
    TIM5_IRQHandler                          0x080006a5   Thumb Code    32  main.o(.text)
    EXTI1_IRQHandler                         0x080006c5   Thumb Code    28  main.o(.text)
    SystemInit                               0x0800081f   Thumb Code    88  system_stm32f4xx.o(.text)
    SystemCoreClockUpdate                    0x08000877   Thumb Code   174  system_stm32f4xx.o(.text)
    init_leds                                0x08000951   Thumb Code    54  lab3_init.o(.text)
    init_TIM2                                0x08000987   Thumb Code   114  lab3_init.o(.text)
    init_TIM3                                0x080009f9   Thumb Code   112  lab3_init.o(.text)
    init_EXTI                                0x08000a69   Thumb Code   132  lab3_init.o(.text)
    init_LED_PWM                             0x08000aed   Thumb Code    86  lab3_init.o(.text)
    init_TIM4_PWM                            0x08000b43   Thumb Code   154  lab3_init.o(.text)
    init_TIM5                                0x08000bdd   Thumb Code   124  lab3_init.o(.text)
    getOrientation                           0x08000c71   Thumb Code   480  lab3_accelerometer.o(.text)
    init_accel                               0x08000e51   Thumb Code   162  lab3_accelerometer.o(.text)
    init_moving_average                      0x08000f11   Thumb Code    38  lab3_filter.o(.text)
    insert_value                             0x08000f37   Thumb Code    30  lab3_filter.o(.text)
    calculate_average                        0x08000f55   Thumb Code   130  lab3_filter.o(.text)
    NVIC_PriorityGroupConfig                 0x08000fed   Thumb Code    10  misc.o(.text)
    NVIC_Init                                0x08000ff7   Thumb Code   108  misc.o(.text)
    NVIC_SetVectorTable                      0x08001063   Thumb Code    14  misc.o(.text)
    NVIC_SystemLPConfig                      0x08001071   Thumb Code    34  misc.o(.text)
    SysTick_CLKSourceConfig                  0x08001093   Thumb Code    40  misc.o(.text)
    EXTI_DeInit                              0x080010d1   Thumb Code    28  stm32f4xx_exti.o(.text)
    EXTI_Init                                0x080010ed   Thumb Code   142  stm32f4xx_exti.o(.text)
    EXTI_StructInit                          0x0800117b   Thumb Code    16  stm32f4xx_exti.o(.text)
    EXTI_GenerateSWInterrupt                 0x0800118b   Thumb Code    16  stm32f4xx_exti.o(.text)
    EXTI_GetFlagStatus                       0x0800119b   Thumb Code    22  stm32f4xx_exti.o(.text)
    EXTI_ClearFlag                           0x080011b1   Thumb Code     8  stm32f4xx_exti.o(.text)
    EXTI_GetITStatus                         0x080011b9   Thumb Code    34  stm32f4xx_exti.o(.text)
    EXTI_ClearITPendingBit                   0x080011db   Thumb Code     8  stm32f4xx_exti.o(.text)
    GPIO_DeInit                              0x080011ed   Thumb Code   220  stm32f4xx_gpio.o(.text)
    GPIO_Init                                0x080012c9   Thumb Code   144  stm32f4xx_gpio.o(.text)
    GPIO_StructInit                          0x08001359   Thumb Code    18  stm32f4xx_gpio.o(.text)
    GPIO_PinLockConfig                       0x0800136b   Thumb Code    34  stm32f4xx_gpio.o(.text)
    GPIO_ReadInputDataBit                    0x0800138d   Thumb Code    18  stm32f4xx_gpio.o(.text)
    GPIO_ReadInputData                       0x0800139f   Thumb Code     8  stm32f4xx_gpio.o(.text)
    GPIO_ReadOutputDataBit                   0x080013a7   Thumb Code    18  stm32f4xx_gpio.o(.text)
    GPIO_ReadOutputData                      0x080013b9   Thumb Code     8  stm32f4xx_gpio.o(.text)
    GPIO_SetBits                             0x080013c1   Thumb Code     4  stm32f4xx_gpio.o(.text)
    GPIO_ResetBits                           0x080013c5   Thumb Code     4  stm32f4xx_gpio.o(.text)
    GPIO_WriteBit                            0x080013c9   Thumb Code    10  stm32f4xx_gpio.o(.text)
    GPIO_Write                               0x080013d3   Thumb Code     4  stm32f4xx_gpio.o(.text)
    GPIO_ToggleBits                          0x080013d7   Thumb Code     8  stm32f4xx_gpio.o(.text)
    GPIO_PinAFConfig                         0x080013df   Thumb Code    70  stm32f4xx_gpio.o(.text)
    RCC_DeInit                               0x08001449   Thumb Code    60  stm32f4xx_rcc.o(.text)
    RCC_HSEConfig                            0x08001485   Thumb Code    14  stm32f4xx_rcc.o(.text)
    RCC_GetFlagStatus                        0x08001493   Thumb Code    60  stm32f4xx_rcc.o(.text)
    RCC_WaitForHSEStartUp                    0x080014cf   Thumb Code    56  stm32f4xx_rcc.o(.text)
    RCC_AdjustHSICalibrationValue            0x08001507   Thumb Code    20  stm32f4xx_rcc.o(.text)
    RCC_HSICmd                               0x0800151b   Thumb Code     6  stm32f4xx_rcc.o(.text)
    RCC_LSEConfig                            0x08001521   Thumb Code    46  stm32f4xx_rcc.o(.text)
    RCC_LSICmd                               0x0800154f   Thumb Code     6  stm32f4xx_rcc.o(.text)
    RCC_PLLConfig                            0x08001555   Thumb Code    32  stm32f4xx_rcc.o(.text)
    RCC_PLLCmd                               0x08001575   Thumb Code     6  stm32f4xx_rcc.o(.text)
    RCC_PLLI2SConfig                         0x0800157b   Thumb Code    14  stm32f4xx_rcc.o(.text)
    RCC_PLLI2SCmd                            0x08001589   Thumb Code     6  stm32f4xx_rcc.o(.text)
    RCC_ClockSecuritySystemCmd               0x0800158f   Thumb Code     6  stm32f4xx_rcc.o(.text)
    RCC_MCO1Config                           0x08001595   Thumb Code    28  stm32f4xx_rcc.o(.text)
    RCC_MCO2Config                           0x080015b1   Thumb Code    28  stm32f4xx_rcc.o(.text)
    RCC_SYSCLKConfig                         0x080015cd   Thumb Code    20  stm32f4xx_rcc.o(.text)
    RCC_GetSYSCLKSource                      0x080015e1   Thumb Code    12  stm32f4xx_rcc.o(.text)
    RCC_HCLKConfig                           0x080015ed   Thumb Code    20  stm32f4xx_rcc.o(.text)
    RCC_PCLK1Config                          0x08001601   Thumb Code    20  stm32f4xx_rcc.o(.text)
    RCC_PCLK2Config                          0x08001615   Thumb Code    22  stm32f4xx_rcc.o(.text)
    RCC_GetClocksFreq                        0x0800162b   Thumb Code   222  stm32f4xx_rcc.o(.text)
    RCC_RTCCLKConfig                         0x08001709   Thumb Code    54  stm32f4xx_rcc.o(.text)
    RCC_RTCCLKCmd                            0x0800173f   Thumb Code     8  stm32f4xx_rcc.o(.text)
    RCC_BackupResetCmd                       0x08001747   Thumb Code     8  stm32f4xx_rcc.o(.text)
    RCC_I2SCLKConfig                         0x0800174f   Thumb Code     6  stm32f4xx_rcc.o(.text)
    RCC_AHB1PeriphClockCmd                   0x08001755   Thumb Code    34  stm32f4xx_rcc.o(.text)
    RCC_AHB2PeriphClockCmd                   0x08001777   Thumb Code    34  stm32f4xx_rcc.o(.text)
    RCC_AHB3PeriphClockCmd                   0x08001799   Thumb Code    34  stm32f4xx_rcc.o(.text)
    RCC_APB1PeriphClockCmd                   0x080017bb   Thumb Code    34  stm32f4xx_rcc.o(.text)
    RCC_APB2PeriphClockCmd                   0x080017dd   Thumb Code    34  stm32f4xx_rcc.o(.text)
    RCC_AHB1PeriphResetCmd                   0x080017ff   Thumb Code    34  stm32f4xx_rcc.o(.text)
    RCC_AHB2PeriphResetCmd                   0x08001821   Thumb Code    72  stm32f4xx_rcc.o(.text)
    RCC_AHB3PeriphResetCmd                   0x08001869   Thumb Code    34  stm32f4xx_rcc.o(.text)
    RCC_APB1PeriphResetCmd                   0x0800188b   Thumb Code    34  stm32f4xx_rcc.o(.text)
    RCC_APB2PeriphResetCmd                   0x080018ad   Thumb Code    34  stm32f4xx_rcc.o(.text)
    RCC_AHB1PeriphClockLPModeCmd             0x080018cf   Thumb Code    34  stm32f4xx_rcc.o(.text)
    RCC_AHB2PeriphClockLPModeCmd             0x080018f1   Thumb Code    34  stm32f4xx_rcc.o(.text)
    RCC_AHB3PeriphClockLPModeCmd             0x08001913   Thumb Code    34  stm32f4xx_rcc.o(.text)
    RCC_APB1PeriphClockLPModeCmd             0x08001935   Thumb Code    34  stm32f4xx_rcc.o(.text)
    RCC_APB2PeriphClockLPModeCmd             0x08001957   Thumb Code    34  stm32f4xx_rcc.o(.text)
    RCC_ITConfig                             0x08001979   Thumb Code    34  stm32f4xx_rcc.o(.text)
    RCC_ClearFlag                            0x0800199b   Thumb Code    18  stm32f4xx_rcc.o(.text)
    RCC_GetITStatus                          0x080019ad   Thumb Code    22  stm32f4xx_rcc.o(.text)
    RCC_ClearITPendingBit                    0x080019c3   Thumb Code     8  stm32f4xx_rcc.o(.text)
    SPI_I2S_DeInit                           0x080019d1   Thumb Code    76  stm32f4xx_spi.o(.text)
    SPI_Init                                 0x08001a1d   Thumb Code    60  stm32f4xx_spi.o(.text)
    I2S_Init                                 0x08001a59   Thumb Code   346  stm32f4xx_spi.o(.text)
    SPI_StructInit                           0x08001bb3   Thumb Code    24  stm32f4xx_spi.o(.text)
    I2S_StructInit                           0x08001bcb   Thumb Code    20  stm32f4xx_spi.o(.text)
    SPI_Cmd                                  0x08001bdf   Thumb Code    24  stm32f4xx_spi.o(.text)
    I2S_Cmd                                  0x08001bf7   Thumb Code    24  stm32f4xx_spi.o(.text)
    SPI_DataSizeConfig                       0x08001c0f   Thumb Code    18  stm32f4xx_spi.o(.text)
    SPI_BiDirectionalLineConfig              0x08001c21   Thumb Code    28  stm32f4xx_spi.o(.text)
    SPI_NSSInternalSoftwareConfig            0x08001c3d   Thumb Code    30  stm32f4xx_spi.o(.text)
    SPI_SSOutputCmd                          0x08001c5b   Thumb Code    24  stm32f4xx_spi.o(.text)
    SPI_TIModeCmd                            0x08001c73   Thumb Code    24  stm32f4xx_spi.o(.text)
    I2S_FullDuplexConfig                     0x08001c8b   Thumb Code    80  stm32f4xx_spi.o(.text)
    SPI_I2S_ReceiveData                      0x08001cdb   Thumb Code     6  stm32f4xx_spi.o(.text)
    SPI_I2S_SendData                         0x08001ce1   Thumb Code     4  stm32f4xx_spi.o(.text)
    SPI_CalculateCRC                         0x08001ce5   Thumb Code    24  stm32f4xx_spi.o(.text)
    SPI_TransmitCRC                          0x08001cfd   Thumb Code    10  stm32f4xx_spi.o(.text)
    SPI_GetCRC                               0x08001d07   Thumb Code    16  stm32f4xx_spi.o(.text)
    SPI_GetCRCPolynomial                     0x08001d17   Thumb Code     6  stm32f4xx_spi.o(.text)
    SPI_I2S_DMACmd                           0x08001d1d   Thumb Code    18  stm32f4xx_spi.o(.text)
    SPI_I2S_ITConfig                         0x08001d2f   Thumb Code    32  stm32f4xx_spi.o(.text)
    SPI_I2S_GetFlagStatus                    0x08001d4f   Thumb Code    18  stm32f4xx_spi.o(.text)
    SPI_I2S_ClearFlag                        0x08001d61   Thumb Code     6  stm32f4xx_spi.o(.text)
    SPI_I2S_GetITStatus                      0x08001d67   Thumb Code    52  stm32f4xx_spi.o(.text)
    SPI_I2S_ClearITPendingBit                0x08001d9b   Thumb Code    20  stm32f4xx_spi.o(.text)
    SYSCFG_DeInit                            0x08001dc5   Thumb Code    22  stm32f4xx_syscfg.o(.text)
    SYSCFG_MemoryRemapConfig                 0x08001ddb   Thumb Code     6  stm32f4xx_syscfg.o(.text)
    SYSCFG_EXTILineConfig                    0x08001de1   Thumb Code    66  stm32f4xx_syscfg.o(.text)
    SYSCFG_ETH_MediaInterfaceConfig          0x08001e23   Thumb Code     6  stm32f4xx_syscfg.o(.text)
    SYSCFG_CompensationCellCmd               0x08001e29   Thumb Code     6  stm32f4xx_syscfg.o(.text)
    SYSCFG_GetCompensationCellStatus         0x08001e2f   Thumb Code    22  stm32f4xx_syscfg.o(.text)
    TIM_DeInit                               0x08001e51   Thumb Code   346  stm32f4xx_tim.o(.text)
    TIM_TimeBaseInit                         0x08001fab   Thumb Code   104  stm32f4xx_tim.o(.text)
    TIM_TimeBaseStructInit                   0x08002013   Thumb Code    18  stm32f4xx_tim.o(.text)
    TIM_PrescalerConfig                      0x08002025   Thumb Code     6  stm32f4xx_tim.o(.text)
    TIM_CounterModeConfig                    0x0800202b   Thumb Code    18  stm32f4xx_tim.o(.text)
    TIM_SetCounter                           0x0800203d   Thumb Code     4  stm32f4xx_tim.o(.text)
    TIM_SetAutoreload                        0x08002041   Thumb Code     4  stm32f4xx_tim.o(.text)
    TIM_GetCounter                           0x08002045   Thumb Code     6  stm32f4xx_tim.o(.text)
    TIM_GetPrescaler                         0x0800204b   Thumb Code     6  stm32f4xx_tim.o(.text)
    TIM_UpdateDisableConfig                  0x08002051   Thumb Code    24  stm32f4xx_tim.o(.text)
    TIM_UpdateRequestConfig                  0x08002069   Thumb Code    24  stm32f4xx_tim.o(.text)
    TIM_ARRPreloadConfig                     0x08002081   Thumb Code    24  stm32f4xx_tim.o(.text)
    TIM_SelectOnePulseMode                   0x08002099   Thumb Code    18  stm32f4xx_tim.o(.text)
    TIM_SetClockDivision                     0x080020ab   Thumb Code    18  stm32f4xx_tim.o(.text)
    TIM_Cmd                                  0x080020bd   Thumb Code    24  stm32f4xx_tim.o(.text)
    TIM_OC1Init                              0x080020d5   Thumb Code   114  stm32f4xx_tim.o(.text)
    TIM_OC2Init                              0x08002147   Thumb Code   154  stm32f4xx_tim.o(.text)
    TIM_OC3Init                              0x080021e1   Thumb Code   204  stm32f4xx_tim.o(.text)
    TIM_OC4Init                              0x080022ad   Thumb Code   112  stm32f4xx_tim.o(.text)
    TIM_OCStructInit                         0x0800231d   Thumb Code    20  stm32f4xx_tim.o(.text)
    TIM_SelectOCxM                           0x08002331   Thumb Code    86  stm32f4xx_tim.o(.text)
    TIM_SetCompare1                          0x08002387   Thumb Code     4  stm32f4xx_tim.o(.text)
    TIM_SetCompare2                          0x0800238b   Thumb Code     4  stm32f4xx_tim.o(.text)
    TIM_SetCompare3                          0x0800238f   Thumb Code     4  stm32f4xx_tim.o(.text)
    TIM_SetCompare4                          0x08002393   Thumb Code     4  stm32f4xx_tim.o(.text)
    TIM_ForcedOC1Config                      0x08002397   Thumb Code    18  stm32f4xx_tim.o(.text)
    TIM_ForcedOC2Config                      0x080023a9   Thumb Code    26  stm32f4xx_tim.o(.text)
    TIM_ForcedOC3Config                      0x080023c3   Thumb Code    18  stm32f4xx_tim.o(.text)
    TIM_ForcedOC4Config                      0x080023d5   Thumb Code    26  stm32f4xx_tim.o(.text)
    TIM_OC1PreloadConfig                     0x080023ef   Thumb Code    18  stm32f4xx_tim.o(.text)
    TIM_OC2PreloadConfig                     0x08002401   Thumb Code    26  stm32f4xx_tim.o(.text)
    TIM_OC3PreloadConfig                     0x0800241b   Thumb Code    18  stm32f4xx_tim.o(.text)
    TIM_OC4PreloadConfig                     0x0800242d   Thumb Code    26  stm32f4xx_tim.o(.text)
    TIM_OC1FastConfig                        0x08002447   Thumb Code    18  stm32f4xx_tim.o(.text)
    TIM_OC2FastConfig                        0x08002459   Thumb Code    26  stm32f4xx_tim.o(.text)
    TIM_OC3FastConfig                        0x08002473   Thumb Code    18  stm32f4xx_tim.o(.text)
    TIM_OC4FastConfig                        0x08002485   Thumb Code    26  stm32f4xx_tim.o(.text)
    TIM_ClearOC1Ref                          0x0800249f   Thumb Code    18  stm32f4xx_tim.o(.text)
    TIM_ClearOC2Ref                          0x080024b1   Thumb Code    24  stm32f4xx_tim.o(.text)
    TIM_ClearOC3Ref                          0x080024c9   Thumb Code    18  stm32f4xx_tim.o(.text)
    TIM_ClearOC4Ref                          0x080024db   Thumb Code    24  stm32f4xx_tim.o(.text)
    TIM_OC1PolarityConfig                    0x080024f3   Thumb Code    18  stm32f4xx_tim.o(.text)
    TIM_OC1NPolarityConfig                   0x08002505   Thumb Code    18  stm32f4xx_tim.o(.text)
    TIM_OC2PolarityConfig                    0x08002517   Thumb Code    26  stm32f4xx_tim.o(.text)
    TIM_OC2NPolarityConfig                   0x08002531   Thumb Code    26  stm32f4xx_tim.o(.text)
    TIM_OC3PolarityConfig                    0x0800254b   Thumb Code    26  stm32f4xx_tim.o(.text)
    TIM_OC3NPolarityConfig                   0x08002565   Thumb Code    26  stm32f4xx_tim.o(.text)
    TIM_OC4PolarityConfig                    0x0800257f   Thumb Code    26  stm32f4xx_tim.o(.text)
    TIM_CCxCmd                               0x08002599   Thumb Code    30  stm32f4xx_tim.o(.text)
    TIM_CCxNCmd                              0x080025b7   Thumb Code    30  stm32f4xx_tim.o(.text)
    TIM_SetIC4Prescaler                      0x080025d5   Thumb Code    26  stm32f4xx_tim.o(.text)
    TIM_SetIC3Prescaler                      0x0800263f   Thumb Code    18  stm32f4xx_tim.o(.text)
    TIM_SetIC2Prescaler                      0x08002699   Thumb Code    26  stm32f4xx_tim.o(.text)
    TIM_SetIC1Prescaler                      0x0800270d   Thumb Code    18  stm32f4xx_tim.o(.text)
    TIM_ICInit                               0x08002759   Thumb Code   110  stm32f4xx_tim.o(.text)
    TIM_ICStructInit                         0x080027c7   Thumb Code    18  stm32f4xx_tim.o(.text)
    TIM_PWMIConfig                           0x080027d9   Thumb Code   124  stm32f4xx_tim.o(.text)
    TIM_GetCapture1                          0x08002855   Thumb Code     6  stm32f4xx_tim.o(.text)
    TIM_GetCapture2                          0x0800285b   Thumb Code     6  stm32f4xx_tim.o(.text)
    TIM_GetCapture3                          0x08002861   Thumb Code     6  stm32f4xx_tim.o(.text)
    TIM_GetCapture4                          0x08002867   Thumb Code     6  stm32f4xx_tim.o(.text)
    TIM_BDTRConfig                           0x0800286d   Thumb Code    32  stm32f4xx_tim.o(.text)
    TIM_BDTRStructInit                       0x0800288d   Thumb Code    18  stm32f4xx_tim.o(.text)
    TIM_CtrlPWMOutputs                       0x0800289f   Thumb Code    30  stm32f4xx_tim.o(.text)
    TIM_SelectCOM                            0x080028bd   Thumb Code    24  stm32f4xx_tim.o(.text)
    TIM_CCPreloadControl                     0x080028d5   Thumb Code    24  stm32f4xx_tim.o(.text)
    TIM_ITConfig                             0x080028ed   Thumb Code    18  stm32f4xx_tim.o(.text)
    TIM_GenerateEvent                        0x080028ff   Thumb Code     4  stm32f4xx_tim.o(.text)
    TIM_GetFlagStatus                        0x08002903   Thumb Code    18  stm32f4xx_tim.o(.text)
    TIM_ClearFlag                            0x08002915   Thumb Code     6  stm32f4xx_tim.o(.text)
    TIM_GetITStatus                          0x0800291b   Thumb Code    34  stm32f4xx_tim.o(.text)
    TIM_ClearITPendingBit                    0x0800293d   Thumb Code     6  stm32f4xx_tim.o(.text)
    TIM_DMAConfig                            0x08002943   Thumb Code    10  stm32f4xx_tim.o(.text)
    TIM_DMACmd                               0x0800294d   Thumb Code    18  stm32f4xx_tim.o(.text)
    TIM_SelectCCDMA                          0x0800295f   Thumb Code    24  stm32f4xx_tim.o(.text)
    TIM_InternalClockConfig                  0x08002977   Thumb Code    12  stm32f4xx_tim.o(.text)
    TIM_SelectInputTrigger                   0x08002983   Thumb Code    18  stm32f4xx_tim.o(.text)
    TIM_ITRxExternalClockConfig              0x08002995   Thumb Code    24  stm32f4xx_tim.o(.text)
    TIM_TIxExternalClockConfig               0x080029ad   Thumb Code    62  stm32f4xx_tim.o(.text)
    TIM_ETRConfig                            0x080029eb   Thumb Code    28  stm32f4xx_tim.o(.text)
    TIM_ETRClockMode1Config                  0x08002a07   Thumb Code    54  stm32f4xx_tim.o(.text)
    TIM_ETRClockMode2Config                  0x08002a3d   Thumb Code    32  stm32f4xx_tim.o(.text)
    TIM_SelectOutputTrigger                  0x08002a5d   Thumb Code    18  stm32f4xx_tim.o(.text)
    TIM_SelectSlaveMode                      0x08002a6f   Thumb Code    18  stm32f4xx_tim.o(.text)
    TIM_SelectMasterSlaveMode                0x08002a81   Thumb Code    18  stm32f4xx_tim.o(.text)
    TIM_EncoderInterfaceConfig               0x08002a93   Thumb Code    66  stm32f4xx_tim.o(.text)
    TIM_SelectHallSensor                     0x08002ad5   Thumb Code    24  stm32f4xx_tim.o(.text)
    TIM_RemapConfig                          0x08002aed   Thumb Code     6  stm32f4xx_tim.o(.text)
    LIS302DL_TIMEOUT_UserCallback            0x08002af5   Thumb Code     4  stm32f4_discovery_lis302dl.o(.text)
    LIS302DL_Write                           0x08002b5b   Thumb Code    58  stm32f4_discovery_lis302dl.o(.text)
    LIS302DL_Init                            0x08002cbb   Thumb Code    44  stm32f4_discovery_lis302dl.o(.text)
    LIS302DL_Read                            0x08002ce7   Thumb Code    66  stm32f4_discovery_lis302dl.o(.text)
    LIS302DL_FilterConfig                    0x08002d29   Thumb Code    58  stm32f4_discovery_lis302dl.o(.text)
    LIS302DL_InterruptConfig                 0x08002d63   Thumb Code    42  stm32f4_discovery_lis302dl.o(.text)
    LIS302DL_LowpowerCmd                     0x08002d8d   Thumb Code    44  stm32f4_discovery_lis302dl.o(.text)
    LIS302DL_DataRateCmd                     0x08002db9   Thumb Code    44  stm32f4_discovery_lis302dl.o(.text)
    LIS302DL_FullScaleCmd                    0x08002de5   Thumb Code    44  stm32f4_discovery_lis302dl.o(.text)
    LIS302DL_RebootCmd                       0x08002e11   Thumb Code    34  stm32f4_discovery_lis302dl.o(.text)
    LIS302DL_ReadACC                         0x08002e33   Thumb Code   112  stm32f4_discovery_lis302dl.o(.text)
    __I$use$semihosting                      0x08002eb5   Thumb Code     0  use_no_semi.o(.text)
    __use_no_semihosting_swi                 0x08002eb5   Thumb Code     2  use_no_semi.o(.text)
    __2printf                                0x08002eb9   Thumb Code    20  noretval__2printf.o(.text)
    __printf                                 0x08002ed1   Thumb Code   104  __printf.o(.text)
    _printf_int_hex                          0x08002f39   Thumb Code    88  _printf_hex_int.o(.text)
    _printf_longlong_hex                     0x08002f39   Thumb Code     0  _printf_hex_int.o(.text)
    __use_two_region_memory                  0x08002f95   Thumb Code     2  heapauxi.o(.text)
    __rt_heap_escrow$2region                 0x08002f97   Thumb Code     2  heapauxi.o(.text)
    __rt_heap_expand$2region                 0x08002f99   Thumb Code     2  heapauxi.o(.text)
    __read_errno                             0x08002f9b   Thumb Code    10  _rserrno.o(.text)
    __set_errno                              0x08002fa5   Thumb Code    12  _rserrno.o(.text)
    _printf_int_common                       0x08002fb1   Thumb Code   184  _printf_intcommon.o(.text)
    __lib_sel_fp_printf                      0x08003069   Thumb Code     2  _printf_fp_dec.o(.text)
    _printf_fp_dec_real                      0x08003215   Thumb Code   628  _printf_fp_dec.o(.text)
    _printf_char_file                        0x08003489   Thumb Code    32  _printf_char_file.o(.text)
    __rt_locale                              0x080034ad   Thumb Code     8  rt_locale_intlibspace.o(.text)
    __aeabi_errno_addr                       0x080034b5   Thumb Code     8  rt_errno_addr_intlibspace.o(.text)
    __errno$intlibspace                      0x080034b5   Thumb Code     0  rt_errno_addr_intlibspace.o(.text)
    __rt_errno_addr$intlibspace              0x080034b5   Thumb Code     0  rt_errno_addr_intlibspace.o(.text)
    _ll_udiv10                               0x080034bd   Thumb Code   138  lludiv10.o(.text)
    _printf_char_common                      0x08003553   Thumb Code    32  _printf_char_common.o(.text)
    _printf_fp_infnan                        0x08003579   Thumb Code   112  _printf_fp_infnan.o(.text)
    _btod_etento                             0x080035f9   Thumb Code   222  bigflt0.o(.text)
    ferror                                   0x080036dd   Thumb Code     8  ferror.o(.text)
    __user_libspace                          0x080036e5   Thumb Code     8  libspace.o(.text)
    __user_perproc_libspace                  0x080036e5   Thumb Code     0  libspace.o(.text)
    __user_perthread_libspace                0x080036e5   Thumb Code     0  libspace.o(.text)
    __user_setup_stackheap                   0x080036ed   Thumb Code    74  sys_stackheap_outer.o(.text)
    exit                                     0x08003737   Thumb Code    12  exit.o(.text)
    strcmp                                   0x08003745   Thumb Code   128  strcmpv7m.o(.text)
    _btod_d2e                                0x080037c5   Thumb Code    62  btod.o(CL$$btod_d2e)
    _d2e_denorm_low                          0x08003803   Thumb Code    70  btod.o(CL$$btod_d2e_denorm_low)
    _d2e_norm_op1                            0x08003849   Thumb Code    96  btod.o(CL$$btod_d2e_norm_op1)
    __btod_div_common                        0x080038a9   Thumb Code   696  btod.o(CL$$btod_div_common)
    _e2e                                     0x08003be1   Thumb Code   198  btod.o(CL$$btod_e2e)
    _btod_ediv                               0x08003ca7   Thumb Code    40  btod.o(CL$$btod_ediv)
    _btod_emul                               0x08003ccf   Thumb Code    40  btod.o(CL$$btod_emul)
    __btod_mult_common                       0x08003cf7   Thumb Code   580  btod.o(CL$$btod_mult_common)
    __ARM_fpclassify                         0x08003f3b   Thumb Code    48  fpclassify.o(i.__ARM_fpclassify)
    __hardfp_atan                            0x08003f71   Thumb Code   636  atan.o(i.__hardfp_atan)
    __hardfp_cos                             0x08004259   Thumb Code   200  cos.o(i.__hardfp_cos)
    __hardfp_pow                             0x08004331   Thumb Code  3132  pow.o(i.__hardfp_pow)
    __hardfp_sqrt                            0x08004fc1   Thumb Code   122  sqrt.o(i.__hardfp_sqrt)
    __ieee754_rem_pio2                       0x08005041   Thumb Code   972  rred.o(i.__ieee754_rem_pio2)
    __kernel_cos                             0x08005499   Thumb Code   322  cos_i.o(i.__kernel_cos)
    __kernel_poly                            0x08005609   Thumb Code   248  poly.o(i.__kernel_poly)
    __kernel_sin                             0x08005701   Thumb Code   280  sin_i.o(i.__kernel_sin)
    __mathlib_dbl_underflow                  0x08005831   Thumb Code    24  dunder.o(i.__mathlib_dbl_underflow)
    fabs                                     0x08005851   Thumb Code    32  fabs.o(i.fabs)
    sqrt                                     0x08005871   Thumb Code   110  sqrt.o(i.sqrt)
    _get_lc_numeric                          0x080058e1   Thumb Code    44  lc_numeric_c.o(locale$$code)
    __aeabi_dneg                             0x0800590d   Thumb Code     0  basic.o(x$fpl$basic)
    _dneg                                    0x0800590d   Thumb Code     6  basic.o(x$fpl$basic)
    __aeabi_fneg                             0x08005913   Thumb Code     0  basic.o(x$fpl$basic)
    _fneg                                    0x08005913   Thumb Code     6  basic.o(x$fpl$basic)
    _dabs                                    0x08005919   Thumb Code     6  basic.o(x$fpl$basic)
    _fabs                                    0x0800591f   Thumb Code     6  basic.o(x$fpl$basic)
    __aeabi_d2f                              0x08005925   Thumb Code     0  d2f.o(x$fpl$d2f)
    _d2f                                     0x08005925   Thumb Code    98  d2f.o(x$fpl$d2f)
    __aeabi_dadd                             0x08005989   Thumb Code     0  daddsub_clz.o(x$fpl$dadd)
    _dadd                                    0x08005989   Thumb Code   332  daddsub_clz.o(x$fpl$dadd)
    __fpl_dcheck_NaN1                        0x08005ad9   Thumb Code    10  dcheck1.o(x$fpl$dcheck1)
    __fpl_dcmp_Inf                           0x08005ae9   Thumb Code    24  dcmpi.o(x$fpl$dcmpinf)
    __aeabi_ddiv                             0x08005b01   Thumb Code     0  ddiv.o(x$fpl$ddiv)
    _ddiv                                    0x08005b01   Thumb Code   552  ddiv.o(x$fpl$ddiv)
    __aeabi_d2iz                             0x08005db1   Thumb Code     0  dfix.o(x$fpl$dfix)
    _dfix                                    0x08005db1   Thumb Code    94  dfix.o(x$fpl$dfix)
    __aeabi_i2d                              0x08005e0f   Thumb Code     0  dflt_clz.o(x$fpl$dflt)
    _dflt                                    0x08005e0f   Thumb Code    46  dflt_clz.o(x$fpl$dflt)
    __aeabi_ui2d                             0x08005e3d   Thumb Code     0  dflt_clz.o(x$fpl$dfltu)
    _dfltu                                   0x08005e3d   Thumb Code    38  dflt_clz.o(x$fpl$dfltu)
    __aeabi_cdcmple                          0x08005e65   Thumb Code     0  dleqf.o(x$fpl$dleqf)
    _dcmple                                  0x08005e65   Thumb Code   120  dleqf.o(x$fpl$dleqf)
    __fpl_dcmple_InfNaN                      0x08005ec7   Thumb Code     0  dleqf.o(x$fpl$dleqf)
    __aeabi_dmul                             0x08005edd   Thumb Code     0  dmul.o(x$fpl$dmul)
    _dmul                                    0x08005edd   Thumb Code   332  dmul.o(x$fpl$dmul)
    __fpl_dnaninf                            0x08006031   Thumb Code   156  dnaninf.o(x$fpl$dnaninf)
    __fpl_dretinf                            0x080060cd   Thumb Code    12  dretinf.o(x$fpl$dretinf)
    __aeabi_cdrcmple                         0x080060d9   Thumb Code     0  drleqf.o(x$fpl$drleqf)
    _drcmple                                 0x080060d9   Thumb Code   108  drleqf.o(x$fpl$drleqf)
    __aeabi_drsub                            0x08006145   Thumb Code     0  daddsub_clz.o(x$fpl$drsb)
    _drsb                                    0x08006145   Thumb Code    22  daddsub_clz.o(x$fpl$drsb)
    _dsqrt                                   0x0800615d   Thumb Code   404  dsqrt_umaal.o(x$fpl$dsqrt)
    __aeabi_dsub                             0x080062f5   Thumb Code     0  daddsub_clz.o(x$fpl$dsub)
    _dsub                                    0x080062f5   Thumb Code   464  daddsub_clz.o(x$fpl$dsub)
    __aeabi_f2d                              0x080064c9   Thumb Code     0  f2d.o(x$fpl$f2d)
    _f2d                                     0x080064c9   Thumb Code    86  f2d.o(x$fpl$f2d)
    __fpl_fnaninf                            0x0800651f   Thumb Code   140  fnaninf.o(x$fpl$fnaninf)
    _fp_init                                 0x080065ab   Thumb Code    10  fpinit.o(x$fpl$fpinit)
    __fplib_config_fpu_vfp                   0x080065b3   Thumb Code     0  fpinit.o(x$fpl$fpinit)
    __fplib_config_pureend_doubles           0x080065b3   Thumb Code     0  fpinit.o(x$fpl$fpinit)
    __fpl_fretinf                            0x080065b5   Thumb Code    10  fretinf.o(x$fpl$fretinf)
    _printf_fp_dec                           0x080065bf   Thumb Code     4  printf1.o(x$fpl$printf1)
    __fpl_return_NaN                         0x080065c3   Thumb Code   100  retnan.o(x$fpl$retnan)
    __ARM_scalbn                             0x08006627   Thumb Code    92  scalbn.o(x$fpl$scalbn)
    __fpl_cmpreturn                          0x08006683   Thumb Code    48  trapv.o(x$fpl$trapveneer)
    __I$use$fp                               0x080066b2   Number         0  usenofp.o(x$fpl$usenofp)
    __mathlib_zero                           0x08006830   Data           8  qnan.o(.constdata)
    Region$$Table$$Base                      0x080069bc   Number         0  anon$$obj.o(Region$$Table)
    Region$$Table$$Limit                     0x080069dc   Number         0  anon$$obj.o(Region$$Table)
    __stdout                                 0x20000000   Data           4  fputc_debug.o(.data)
    __stdin                                  0x20000004   Data           4  fputc_debug.o(.data)
    SystemCoreClock                          0x20000024   Data           4  system_stm32f4xx.o(.data)
    AHBPrescTable                            0x20000028   Data          16  system_stm32f4xx.o(.data)
    LIS302DLTimeout                          0x20000048   Data           4  stm32f4_discovery_lis302dl.o(.data)
    __libspace_start                         0x2000004c   Data          96  libspace.o(.bss)
    __temporary_stack_top$libspace           0x200000ac   Data           0  libspace.o(.bss)



==============================================================================

Memory Map of the image

  Image Entry point : 0x08000249

  Load Region LR_1 (Base: 0x08000000, Size: 0x00006a44, Max: 0xffffffff, ABSOLUTE)

    Execution Region ER_RO (Base: 0x08000000, Size: 0x000069f8, Max: 0xffffffff, ABSOLUTE)

    Base Addr    Size         Type   Attr      Idx    E Section Name        Object

    0x08000000   0x00000188   Data   RO            3    RESET               startup_stm32f40xx.o
    0x08000188   0x00000008   Code   RO         1000  * !!!main             c_w.l(__main.o)
    0x08000190   0x00000034   Code   RO         1345    !!!scatter          c_w.l(__scatter.o)
    0x080001c4   0x0000001a   Code   RO         1347    !!handler_copy      c_w.l(__scatter_copy.o)
    0x080001de   0x00000002   PAD
    0x080001e0   0x0000001c   Code   RO         1349    !!handler_zi        c_w.l(__scatter_zi.o)
    0x080001fc   0x00000000   Code   RO          997    .ARM.Collect$$_printf_percent$$00000000  c_w.l(_printf_percent.o)
    0x080001fc   0x00000006   Code   RO          996    .ARM.Collect$$_printf_percent$$00000003  c_w.l(_printf_f.o)
    0x08000202   0x00000006   Code   RO          995    .ARM.Collect$$_printf_percent$$0000000C  c_w.l(_printf_x.o)
    0x08000208   0x00000004   Code   RO         1089    .ARM.Collect$$_printf_percent$$00000017  c_w.l(_printf_percent_end.o)
    0x0800020c   0x00000002   Code   RO         1223    .ARM.Collect$$libinit$$00000000  c_w.l(libinit.o)
    0x0800020e   0x00000004   Code   RO         1224    .ARM.Collect$$libinit$$00000001  c_w.l(libinit2.o)
    0x08000212   0x00000000   Code   RO         1228    .ARM.Collect$$libinit$$00000008  c_w.l(libinit2.o)
    0x08000212   0x00000000   Code   RO         1230    .ARM.Collect$$libinit$$0000000A  c_w.l(libinit2.o)
    0x08000212   0x00000000   Code   RO         1232    .ARM.Collect$$libinit$$0000000C  c_w.l(libinit2.o)
    0x08000212   0x00000006   Code   RO         1233    .ARM.Collect$$libinit$$0000000D  c_w.l(libinit2.o)
    0x08000218   0x00000000   Code   RO         1235    .ARM.Collect$$libinit$$0000000F  c_w.l(libinit2.o)
    0x08000218   0x00000000   Code   RO         1237    .ARM.Collect$$libinit$$00000011  c_w.l(libinit2.o)
    0x08000218   0x00000000   Code   RO         1239    .ARM.Collect$$libinit$$00000013  c_w.l(libinit2.o)
    0x08000218   0x0000000a   Code   RO         1240    .ARM.Collect$$libinit$$00000014  c_w.l(libinit2.o)
    0x08000222   0x00000000   Code   RO         1241    .ARM.Collect$$libinit$$00000015  c_w.l(libinit2.o)
    0x08000222   0x00000000   Code   RO         1243    .ARM.Collect$$libinit$$00000017  c_w.l(libinit2.o)
    0x08000222   0x00000000   Code   RO         1245    .ARM.Collect$$libinit$$00000019  c_w.l(libinit2.o)
    0x08000222   0x00000000   Code   RO         1247    .ARM.Collect$$libinit$$0000001B  c_w.l(libinit2.o)
    0x08000222   0x00000000   Code   RO         1249    .ARM.Collect$$libinit$$0000001D  c_w.l(libinit2.o)
    0x08000222   0x00000000   Code   RO         1251    .ARM.Collect$$libinit$$0000001F  c_w.l(libinit2.o)
    0x08000222   0x00000000   Code   RO         1253    .ARM.Collect$$libinit$$00000021  c_w.l(libinit2.o)
    0x08000222   0x00000000   Code   RO         1255    .ARM.Collect$$libinit$$00000023  c_w.l(libinit2.o)
    0x08000222   0x00000000   Code   RO         1259    .ARM.Collect$$libinit$$0000002A  c_w.l(libinit2.o)
    0x08000222   0x00000000   Code   RO         1261    .ARM.Collect$$libinit$$0000002C  c_w.l(libinit2.o)
    0x08000222   0x00000000   Code   RO         1263    .ARM.Collect$$libinit$$0000002E  c_w.l(libinit2.o)
    0x08000222   0x00000000   Code   RO         1265    .ARM.Collect$$libinit$$00000030  c_w.l(libinit2.o)
    0x08000222   0x00000002   Code   RO         1266    .ARM.Collect$$libinit$$00000031  c_w.l(libinit2.o)
    0x08000224   0x00000002   Code   RO         1298    .ARM.Collect$$libshutdown$$00000000  c_w.l(libshutdown.o)
    0x08000226   0x00000000   Code   RO         1308    .ARM.Collect$$libshutdown$$00000003  c_w.l(libshutdown2.o)
    0x08000226   0x00000000   Code   RO         1311    .ARM.Collect$$libshutdown$$00000006  c_w.l(libshutdown2.o)
    0x08000226   0x00000000   Code   RO         1314    .ARM.Collect$$libshutdown$$00000009  c_w.l(libshutdown2.o)
    0x08000226   0x00000000   Code   RO         1316    .ARM.Collect$$libshutdown$$0000000B  c_w.l(libshutdown2.o)
    0x08000226   0x00000000   Code   RO         1319    .ARM.Collect$$libshutdown$$0000000E  c_w.l(libshutdown2.o)
    0x08000226   0x00000002   Code   RO         1320    .ARM.Collect$$libshutdown$$0000000F  c_w.l(libshutdown2.o)
    0x08000228   0x00000000   Code   RO         1080    .ARM.Collect$$rtentry$$00000000  c_w.l(rtentry.o)
    0x08000228   0x00000000   Code   RO         1135    .ARM.Collect$$rtentry$$00000002  c_w.l(rtentry2.o)
    0x08000228   0x00000006   Code   RO         1147    .ARM.Collect$$rtentry$$00000004  c_w.l(rtentry4.o)
    0x0800022e   0x00000000   Code   RO         1137    .ARM.Collect$$rtentry$$00000009  c_w.l(rtentry2.o)
    0x0800022e   0x00000004   Code   RO         1138    .ARM.Collect$$rtentry$$0000000A  c_w.l(rtentry2.o)
    0x08000232   0x00000000   Code   RO         1140    .ARM.Collect$$rtentry$$0000000C  c_w.l(rtentry2.o)
    0x08000232   0x00000008   Code   RO         1141    .ARM.Collect$$rtentry$$0000000D  c_w.l(rtentry2.o)
    0x0800023a   0x00000002   Code   RO         1269    .ARM.Collect$$rtexit$$00000000  c_w.l(rtexit.o)
    0x0800023c   0x00000000   Code   RO         1278    .ARM.Collect$$rtexit$$00000002  c_w.l(rtexit2.o)
    0x0800023c   0x00000004   Code   RO         1279    .ARM.Collect$$rtexit$$00000003  c_w.l(rtexit2.o)
    0x08000240   0x00000006   Code   RO         1280    .ARM.Collect$$rtexit$$00000004  c_w.l(rtexit2.o)
    0x08000246   0x00000002   PAD
    0x08000248   0x00000040   Code   RO            4  * .text               startup_stm32f40xx.o
    0x08000288   0x0000004c   Code   RO           12    .text               fputc_debug.o
    0x080002d4   0x00000470   Code   RO          147    .text               main.o
    0x08000744   0x0000020c   Code   RO          211    .text               system_stm32f4xx.o
    0x08000950   0x00000320   Code   RO          237    .text               lab3_init.o
    0x08000c70   0x000002a0   Code   RO          257    .text               lab3_accelerometer.o
    0x08000f10   0x000000dc   Code   RO          277    .text               lab3_filter.o
    0x08000fec   0x000000e4   Code   RO          297    .text               misc.o
    0x080010d0   0x0000011c   Code   RO          541    .text               stm32f4xx_exti.o
    0x080011ec   0x0000025c   Code   RO          601    .text               stm32f4xx_gpio.o
    0x08001448   0x00000588   Code   RO          741    .text               stm32f4xx_rcc.o
    0x080019d0   0x000003f4   Code   RO          823    .text               stm32f4xx_spi.o
    0x08001dc4   0x0000008c   Code   RO          843    .text               stm32f4xx_syscfg.o
    0x08001e50   0x00000ca2   Code   RO          863    .text               stm32f4xx_tim.o
    0x08002af2   0x00000002   PAD
    0x08002af4   0x000003c0   Code   RO          923    .text               stm32f4_discovery_lis302dl.o
    0x08002eb4   0x00000002   Code   RO          946    .text               c_w.l(use_no_semi.o)
    0x08002eb6   0x00000002   PAD
    0x08002eb8   0x00000018   Code   RO          950    .text               c_w.l(noretval__2printf.o)
    0x08002ed0   0x00000068   Code   RO          952    .text               c_w.l(__printf.o)
    0x08002f38   0x0000005c   Code   RO          957    .text               c_w.l(_printf_hex_int.o)
    0x08002f94   0x00000006   Code   RO          998    .text               c_w.l(heapauxi.o)
    0x08002f9a   0x00000016   Code   RO         1081    .text               c_w.l(_rserrno.o)
    0x08002fb0   0x000000b8   Code   RO         1083    .text               c_w.l(_printf_intcommon.o)
    0x08003068   0x00000420   Code   RO         1085    .text               c_w.l(_printf_fp_dec.o)
    0x08003488   0x00000024   Code   RO         1087    .text               c_w.l(_printf_char_file.o)
    0x080034ac   0x00000008   Code   RO         1152    .text               c_w.l(rt_locale_intlibspace.o)
    0x080034b4   0x00000008   Code   RO         1157    .text               c_w.l(rt_errno_addr_intlibspace.o)
    0x080034bc   0x0000008a   Code   RO         1159    .text               c_w.l(lludiv10.o)
    0x08003546   0x00000002   PAD
    0x08003548   0x00000030   Code   RO         1161    .text               c_w.l(_printf_char_common.o)
    0x08003578   0x00000080   Code   RO         1163    .text               c_w.l(_printf_fp_infnan.o)
    0x080035f8   0x000000e4   Code   RO         1165    .text               c_w.l(bigflt0.o)
    0x080036dc   0x00000008   Code   RO         1190    .text               c_w.l(ferror.o)
    0x080036e4   0x00000008   Code   RO         1207    .text               c_w.l(libspace.o)
    0x080036ec   0x0000004a   Code   RO         1210    .text               c_w.l(sys_stackheap_outer.o)
    0x08003736   0x0000000c   Code   RO         1214    .text               c_w.l(exit.o)
    0x08003742   0x00000002   PAD
    0x08003744   0x00000080   Code   RO         1216    .text               c_w.l(strcmpv7m.o)
    0x080037c4   0x0000003e   Code   RO         1168    CL$$btod_d2e        c_w.l(btod.o)
    0x08003802   0x00000046   Code   RO         1170    CL$$btod_d2e_denorm_low  c_w.l(btod.o)
    0x08003848   0x00000060   Code   RO         1169    CL$$btod_d2e_norm_op1  c_w.l(btod.o)
    0x080038a8   0x00000338   Code   RO         1178    CL$$btod_div_common  c_w.l(btod.o)
    0x08003be0   0x000000c6   Code   RO         1175    CL$$btod_e2e        c_w.l(btod.o)
    0x08003ca6   0x00000028   Code   RO         1172    CL$$btod_ediv       c_w.l(btod.o)
    0x08003cce   0x00000028   Code   RO         1171    CL$$btod_emul       c_w.l(btod.o)
    0x08003cf6   0x00000244   Code   RO         1177    CL$$btod_mult_common  c_w.l(btod.o)
    0x08003f3a   0x00000030   Code   RO         1118    i.__ARM_fpclassify  m_wm.l(fpclassify.o)
    0x08003f6a   0x00000006   PAD
    0x08003f70   0x000002e8   Code   RO         1028    i.__hardfp_atan     m_wm.l(atan.o)
    0x08004258   0x000000d8   Code   RO         1042    i.__hardfp_cos      m_wm.l(cos.o)
    0x08004330   0x00000c90   Code   RO         1054    i.__hardfp_pow      m_wm.l(pow.o)
    0x08004fc0   0x0000007a   Code   RO         1068    i.__hardfp_sqrt     m_wm.l(sqrt.o)
    0x0800503a   0x00000006   PAD
    0x08005040   0x00000458   Code   RO         1123    i.__ieee754_rem_pio2  m_wm.l(rred.o)
    0x08005498   0x00000170   Code   RO         1107    i.__kernel_cos      m_wm.l(cos_i.o)
    0x08005608   0x000000f8   Code   RO         1120    i.__kernel_poly     m_wm.l(poly.o)
    0x08005700   0x00000130   Code   RO         1128    i.__kernel_sin      m_wm.l(sin_i.o)
    0x08005830   0x00000020   Code   RO         1110    i.__mathlib_dbl_underflow  m_wm.l(dunder.o)
    0x08005850   0x00000020   Code   RO         1114    i.fabs              m_wm.l(fabs.o)
    0x08005870   0x0000006e   Code   RO         1070    i.sqrt              m_wm.l(sqrt.o)
    0x080058de   0x00000002   PAD
    0x080058e0   0x0000002c   Code   RO         1195    locale$$code        c_w.l(lc_numeric_c.o)
    0x0800590c   0x00000018   Code   RO         1002    x$fpl$basic         fz_wm.l(basic.o)
    0x08005924   0x00000062   Code   RO         1004    x$fpl$d2f           fz_wm.l(d2f.o)
    0x08005986   0x00000002   PAD
    0x08005988   0x00000150   Code   RO         1006    x$fpl$dadd          fz_wm.l(daddsub_clz.o)
    0x08005ad8   0x00000010   Code   RO         1197    x$fpl$dcheck1       fz_wm.l(dcheck1.o)
    0x08005ae8   0x00000018   Code   RO         1199    x$fpl$dcmpinf       fz_wm.l(dcmpi.o)
    0x08005b00   0x000002b0   Code   RO         1013    x$fpl$ddiv          fz_wm.l(ddiv.o)
    0x08005db0   0x0000005e   Code   RO         1201    x$fpl$dfix          fz_wm.l(dfix.o)
    0x08005e0e   0x0000002e   Code   RO         1017    x$fpl$dflt          fz_wm.l(dflt_clz.o)
    0x08005e3c   0x00000026   Code   RO         1016    x$fpl$dfltu         fz_wm.l(dflt_clz.o)
    0x08005e62   0x00000002   PAD
    0x08005e64   0x00000078   Code   RO         1090    x$fpl$dleqf         fz_wm.l(dleqf.o)
    0x08005edc   0x00000154   Code   RO         1022    x$fpl$dmul          fz_wm.l(dmul.o)
    0x08006030   0x0000009c   Code   RO         1092    x$fpl$dnaninf       fz_wm.l(dnaninf.o)
    0x080060cc   0x0000000c   Code   RO         1094    x$fpl$dretinf       fz_wm.l(dretinf.o)
    0x080060d8   0x0000006c   Code   RO         1096    x$fpl$drleqf        fz_wm.l(drleqf.o)
    0x08006144   0x00000016   Code   RO         1007    x$fpl$drsb          fz_wm.l(daddsub_clz.o)
    0x0800615a   0x00000002   PAD
    0x0800615c   0x00000198   Code   RO         1098    x$fpl$dsqrt         fz_wm.l(dsqrt_umaal.o)
    0x080062f4   0x000001d4   Code   RO         1008    x$fpl$dsub          fz_wm.l(daddsub_clz.o)
    0x080064c8   0x00000056   Code   RO         1024    x$fpl$f2d           fz_wm.l(f2d.o)
    0x0800651e   0x0000008c   Code   RO         1100    x$fpl$fnaninf       fz_wm.l(fnaninf.o)
    0x080065aa   0x0000000a   Code   RO         1273    x$fpl$fpinit        fz_wm.l(fpinit.o)
    0x080065b4   0x0000000a   Code   RO         1102    x$fpl$fretinf       fz_wm.l(fretinf.o)
    0x080065be   0x00000004   Code   RO         1026    x$fpl$printf1       fz_wm.l(printf1.o)
    0x080065c2   0x00000064   Code   RO         1267    x$fpl$retnan        fz_wm.l(retnan.o)
    0x08006626   0x0000005c   Code   RO         1104    x$fpl$scalbn        fz_wm.l(scalbn.o)
    0x08006682   0x00000030   Code   RO         1275    x$fpl$trapveneer    fz_wm.l(trapv.o)
    0x080066b2   0x00000000   Code   RO         1106    x$fpl$usenofp       fz_wm.l(usenofp.o)
    0x080066b2   0x00000028   Data   RO          958    .constdata          c_w.l(_printf_hex_int.o)
    0x080066da   0x00000006   PAD
    0x080066e0   0x00000098   Data   RO         1031    .constdata          m_wm.l(atan.o)
    0x08006778   0x00000088   Data   RO         1057    .constdata          m_wm.l(pow.o)
    0x08006800   0x00000030   Data   RO         1108    .constdata          m_wm.l(cos_i.o)
    0x08006830   0x00000008   Data   RO         1122    .constdata          m_wm.l(qnan.o)
    0x08006838   0x000000c8   Data   RO         1125    .constdata          m_wm.l(rred.o)
    0x08006900   0x00000028   Data   RO         1129    .constdata          m_wm.l(sin_i.o)
    0x08006928   0x00000094   Data   RO         1166    .constdata          c_w.l(bigflt0.o)
    0x080069bc   0x00000020   Data   RO         1343    Region$$Table       anon$$obj.o
    0x080069dc   0x0000001c   Data   RO         1194    locale$$data        c_w.l(lc_numeric_c.o)


    Execution Region ER_RW (Base: 0x20000000, Size: 0x0000004c, Max: 0xffffffff, ABSOLUTE)

    Base Addr    Size         Type   Attr      Idx    E Section Name        Object

    0x20000000   0x00000008   Data   RW           13    .data               fputc_debug.o
    0x20000008   0x0000001c   Data   RW          148    .data               main.o
    0x20000024   0x00000014   Data   RW          212    .data               system_stm32f4xx.o
    0x20000038   0x00000010   Data   RW          742    .data               stm32f4xx_rcc.o
    0x20000048   0x00000004   Data   RW          924    .data               stm32f4_discovery_lis302dl.o


    Execution Region ER_ZI (Base: 0x2000004c, Size: 0x00000664, Max: 0xffffffff, ABSOLUTE)

    Base Addr    Size         Type   Attr      Idx    E Section Name        Object

    0x2000004c   0x00000060   Zero   RW         1208    .bss                c_w.l(libspace.o)
    0x200000ac   0x00000004   PAD
    0x200000b0   0x00000200   Zero   RW            2    HEAP                startup_stm32f40xx.o
    0x200002b0   0x00000400   Zero   RW            1    STACK               startup_stm32f40xx.o


==============================================================================

Image component sizes


      Code (inc. data)   RO Data    RW Data    ZI Data      Debug   Object Name

        76          4          0          8          0     265061   fputc_debug.o
       672         30          0          0          0       1612   lab3_accelerometer.o
       220         22          0          0          0       1493   lab3_filter.o
       800         24          0          0          0       1951   lab3_init.o
      1136        100          0         28          0     219396   main.o
       228         22          0          0          0       1841   misc.o
        64         26        392          0       1536        808   startup_stm32f40xx.o
       960         18          0          4          0       4188   stm32f4_discovery_lis302dl.o
       284         10          0          0          0       2315   stm32f4xx_exti.o
       604         36          0          0          0       4081   stm32f4xx_gpio.o
      1416         48          0         16          0      10947   stm32f4xx_rcc.o
      1012         22          0          0          0       6781   stm32f4xx_spi.o
       140         12          0          0          0       1679   stm32f4xx_syscfg.o
      3234         60          0          0          0      22316   stm32f4xx_tim.o
       524         44          0         20          0       1679   system_stm32f4xx.o

    ----------------------------------------------------------------------
     11372        478        424         76       1536     546148   Object Totals
         0          0         32          0          0          0   (incl. Generated)
         2          0          0          0          0          0   (incl. Padding)

    ----------------------------------------------------------------------

      Code (inc. data)   RO Data    RW Data    ZI Data      Debug   Library Member Name

         8          0          0          0          0         68   __main.o
       104          0          0          0          0         84   __printf.o
        52          8          0          0          0          0   __scatter.o
        26          0          0          0          0          0   __scatter_copy.o
        28          0          0          0          0          0   __scatter_zi.o
        48          6          0          0          0         96   _printf_char_common.o
        36          4          0          0          0         80   _printf_char_file.o
         6          0          0          0          0          0   _printf_f.o
      1056          0          0          0          0        216   _printf_fp_dec.o
       128         16          0          0          0         84   _printf_fp_infnan.o
        92          4         40          0          0         88   _printf_hex_int.o
       184          0          0          0          0         88   _printf_intcommon.o
         0          0          0          0          0          0   _printf_percent.o
         4          0          0          0          0          0   _printf_percent_end.o
         6          0          0          0          0          0   _printf_x.o
        22          0          0          0          0        100   _rserrno.o
       228          6        148          0          0         96   bigflt0.o
      1910        128          0          0          0        672   btod.o
        12          0          0          0          0         72   exit.o
         8          0          0          0          0         68   ferror.o
         6          0          0          0          0        152   heapauxi.o
        44         10         28          0          0         76   lc_numeric_c.o
         2          0          0          0          0          0   libinit.o
        22          0          0          0          0          0   libinit2.o
         2          0          0          0          0          0   libshutdown.o
         2          0          0          0          0          0   libshutdown2.o
         8          4          0          0         96         68   libspace.o
       138          0          0          0          0         80   lludiv10.o
        24          4          0          0          0         84   noretval__2printf.o
         8          4          0          0          0         68   rt_errno_addr_intlibspace.o
         8          4          0          0          0         68   rt_locale_intlibspace.o
         0          0          0          0          0          0   rtentry.o
        12          0          0          0          0          0   rtentry2.o
         6          0          0          0          0          0   rtentry4.o
         2          0          0          0          0          0   rtexit.o
        10          0          0          0          0          0   rtexit2.o
       128          0          0          0          0         68   strcmpv7m.o
        74          0          0          0          0         80   sys_stackheap_outer.o
         2          0          0          0          0         68   use_no_semi.o
        24          0          0          0          0        164   basic.o
        98          4          0          0          0        140   d2f.o
       826         16          0          0          0        492   daddsub_clz.o
        16          4          0          0          0        116   dcheck1.o
        24          0          0          0          0        116   dcmpi.o
       688        140          0          0          0        256   ddiv.o
        94          4          0          0          0        140   dfix.o
        84          0          0          0          0        232   dflt_clz.o
       120          4          0          0          0        140   dleqf.o
       340         12          0          0          0        152   dmul.o
       156          4          0          0          0        140   dnaninf.o
        12          0          0          0          0        116   dretinf.o
       108          0          0          0          0        128   drleqf.o
       408         56          0          0          0        168   dsqrt_umaal.o
        86          4          0          0          0        132   f2d.o
       140          4          0          0          0        132   fnaninf.o
        10          0          0          0          0        116   fpinit.o
        10          0          0          0          0        116   fretinf.o
         4          0          0          0          0        116   printf1.o
       100          0          0          0          0        116   retnan.o
        92          0          0          0          0        116   scalbn.o
        48          0          0          0          0        116   trapv.o
         0          0          0          0          0          0   usenofp.o
       744        108        152          0          0        220   atan.o
       216         16          0          0          0        152   cos.o
       368         46         48          0          0        200   cos_i.o
        32          8          0          0          0        124   dunder.o
        32          0          0          0          0        124   fabs.o
        48          0          0          0          0        124   fpclassify.o
       248          0          0          0          0        152   poly.o
      3216        310        136          0          0        216   pow.o
         0          0          8          0          0          0   qnan.o
      1112        140        200          0          0        188   rred.o
       304         24         40          0          0        208   sin_i.o
       232          0          0          0          0        296   sqrt.o

    ----------------------------------------------------------------------
     14526       1102        806          0        100       8088   Library Totals
        30          0          6          0          4          0   (incl. Padding)

    ----------------------------------------------------------------------

      Code (inc. data)   RO Data    RW Data    ZI Data      Debug   Library Name

      4456        198        216          0         96       2624   c_w.l
      3488        252          0          0          0       3460   fz_wm.l
      6552        652        584          0          0       2004   m_wm.l

    ----------------------------------------------------------------------
     14526       1102        806          0        100       8088   Library Totals

    ----------------------------------------------------------------------

==============================================================================


      Code (inc. data)   RO Data    RW Data    ZI Data      Debug   

     25898       1580       1230         76       1636     546228   Grand Totals
     25898       1580       1230         76       1636     546228   ELF Image Totals
     25898       1580       1230         76          0          0   ROM Totals

==============================================================================

    Total RO  Size (Code + RO Data)                27128 (  26.49kB)
    Total RW  Size (RW Data + ZI Data)              1712 (   1.67kB)
    Total ROM Size (Code + RO Data + RW Data)      27204 (  26.57kB)

==============================================================================

