ARM Linker, 5.03 [Build 76] [MDK-ARM Lite]

==============================================================================

Section Cross References

    startup_stm32f40xx.o(STACK) refers (Special) to heapauxi.o(.text) for __use_two_region_memory
    startup_stm32f40xx.o(HEAP) refers (Special) to heapauxi.o(.text) for __use_two_region_memory
    startup_stm32f40xx.o(RESET) refers (Special) to heapauxi.o(.text) for __use_two_region_memory
    startup_stm32f40xx.o(RESET) refers to startup_stm32f40xx.o(STACK) for __initial_sp
    startup_stm32f40xx.o(RESET) refers to startup_stm32f40xx.o(.text) for Reset_Handler
    startup_stm32f40xx.o(RESET) refers to main.o(.text) for EXTI1_IRQHandler
    startup_stm32f40xx.o(.text) refers (Special) to heapauxi.o(.text) for __use_two_region_memory
    startup_stm32f40xx.o(.text) refers to system_stm32f4xx.o(.text) for SystemInit
    startup_stm32f40xx.o(.text) refers to __main.o(!!!main) for __main
    startup_stm32f40xx.o(.text) refers to startup_stm32f40xx.o(HEAP) for Heap_Mem
    startup_stm32f40xx.o(.text) refers to startup_stm32f40xx.o(STACK) for Stack_Mem
    fputc_debug.o(.rev16_text) refers (Special) to use_no_semi.o(.text) for __use_no_semihosting_swi
    fputc_debug.o(.revsh_text) refers (Special) to use_no_semi.o(.text) for __use_no_semihosting_swi
    fputc_debug.o(.text) refers (Special) to use_no_semi.o(.text) for __use_no_semihosting_swi
    fputc_debug.o(.data) refers (Special) to use_no_semi.o(.text) for __use_no_semihosting_swi
    main.o(.text) refers to _printf_percent.o(.ARM.Collect$$_printf_percent$$00000000) for _printf_percent
    main.o(.text) refers to _printf_x.o(.ARM.Collect$$_printf_percent$$0000000C) for _printf_x
    main.o(.text) refers to _printf_hex_int.o(.text) for _printf_longlong_hex
    main.o(.text) refers to lab3_init.o(.text) for init_TIM2
    main.o(.text) refers to lab3_accelerometer.o(.text) for init_accel
    main.o(.text) refers to stm32f4xx_gpio.o(.text) for GPIO_ToggleBits
    main.o(.text) refers to stm32f4_discovery_lis302dl.o(.text) for LIS302DL_Read
    main.o(.text) refers to noretval__2printf.o(.text) for __2printf
    main.o(.text) refers to stm32f4xx_tim.o(.text) for TIM_GetITStatus
    main.o(.text) refers to stm32f4xx_exti.o(.text) for EXTI_GetITStatus
    main.o(.text) refers to main.o(.data) for tap_interrupt
    system_stm32f4xx.o(.text) refers to system_stm32f4xx.o(.data) for SystemCoreClock
    lab3_init.o(.text) refers to stm32f4xx_rcc.o(.text) for RCC_AHB1PeriphClockCmd
    lab3_init.o(.text) refers to stm32f4xx_gpio.o(.text) for GPIO_StructInit
    lab3_init.o(.text) refers to stm32f4xx_tim.o(.text) for TIM_TimeBaseInit
    lab3_init.o(.text) refers to misc.o(.text) for NVIC_Init
    lab3_init.o(.text) refers to stm32f4xx_syscfg.o(.text) for SYSCFG_EXTILineConfig
    lab3_init.o(.text) refers to stm32f4xx_exti.o(.text) for EXTI_StructInit
    lab3_init.o(.text) refers to system_stm32f4xx.o(.data) for SystemCoreClock
    lab3_accelerometer.o(.text) refers to stm32f4_discovery_lis302dl.o(.text) for LIS302DL_ReadACC
    lab3_accelerometer.o(.text) refers to dflt_clz.o(x$fpl$dflt) for __aeabi_i2d
    lab3_accelerometer.o(.text) refers to pow.o(i.__hardfp_pow) for __hardfp_pow
    lab3_accelerometer.o(.text) refers to daddsub_clz.o(x$fpl$dadd) for __aeabi_dadd
    lab3_accelerometer.o(.text) refers to sqrt.o(i.__hardfp_sqrt) for __hardfp_sqrt
    lab3_accelerometer.o(.text) refers to ddiv.o(x$fpl$ddiv) for __aeabi_ddiv
    lab3_accelerometer.o(.text) refers to atan.o(i.__hardfp_atan) for __hardfp_atan
    lab3_accelerometer.o(.text) refers to dmul.o(x$fpl$dmul) for __aeabi_dmul
    lab3_accelerometer.o(.text) refers to d2f.o(x$fpl$d2f) for __aeabi_d2f
    stm32f4xx_adc.o(.text) refers to stm32f4xx_rcc.o(.text) for RCC_APB2PeriphResetCmd
    stm32f4xx_can.o(.text) refers to stm32f4xx_rcc.o(.text) for RCC_APB1PeriphResetCmd
    stm32f4xx_cryp.o(.text) refers to stm32f4xx_rcc.o(.text) for RCC_AHB2PeriphResetCmd
    stm32f4xx_cryp_aes.o(.text) refers to stm32f4xx_cryp.o(.text) for CRYP_KeyStructInit
    stm32f4xx_cryp_des.o(.text) refers to stm32f4xx_cryp.o(.text) for CRYP_KeyStructInit
    stm32f4xx_cryp_tdes.o(.text) refers to stm32f4xx_cryp.o(.text) for CRYP_KeyStructInit
    stm32f4xx_dac.o(.text) refers to stm32f4xx_rcc.o(.text) for RCC_APB1PeriphResetCmd
    stm32f4xx_gpio.o(.text) refers to stm32f4xx_rcc.o(.text) for RCC_AHB1PeriphResetCmd
    stm32f4xx_hash.o(.text) refers to stm32f4xx_rcc.o(.text) for RCC_AHB2PeriphResetCmd
    stm32f4xx_hash_md5.o(.text) refers to stm32f4xx_hash.o(.text) for HASH_DeInit
    stm32f4xx_hash_sha1.o(.text) refers to stm32f4xx_hash.o(.text) for HASH_DeInit
    stm32f4xx_i2c.o(.text) refers to stm32f4xx_rcc.o(.text) for RCC_APB1PeriphResetCmd
    stm32f4xx_pwr.o(.text) refers to stm32f4xx_rcc.o(.text) for RCC_APB1PeriphResetCmd
    stm32f4xx_rcc.o(.text) refers to stm32f4xx_rcc.o(.data) for APBAHBPrescTable
[...]
    LIS302DL\\src\\stm32f4_discovery_lis302dl.c 0x00000000   Number         0  stm32f4_discovery_lis302dl.o ABSOLUTE
    LIS302DL\src\stm32f4_discovery_lis302dl.c 0x00000000   Number         0  stm32f4_discovery_lis302dl.o ABSOLUTE
    STM32F4xx_StdPeriph_Driver\\src\\misc.c  0x00000000   Number         0  misc.o ABSOLUTE
    STM32F4xx_StdPeriph_Driver\\src\\stm32f4xx_adc.c 0x00000000   Number         0  stm32f4xx_adc.o ABSOLUTE
    STM32F4xx_StdPeriph_Driver\\src\\stm32f4xx_can.c 0x00000000   Number         0  stm32f4xx_can.o ABSOLUTE
    STM32F4xx_StdPeriph_Driver\\src\\stm32f4xx_crc.c 0x00000000   Number         0  stm32f4xx_crc.o ABSOLUTE
    STM32F4xx_StdPeriph_Driver\\src\\stm32f4xx_cryp.c 0x00000000   Number         0  stm32f4xx_cryp.o ABSOLUTE
    STM32F4xx_StdPeriph_Driver\\src\\stm32f4xx_cryp_aes.c 0x00000000   Number         0  stm32f4xx_cryp_aes.o ABSOLUTE
    STM32F4xx_StdPeriph_Driver\\src\\stm32f4xx_cryp_des.c 0x00000000   Number         0  stm32f4xx_cryp_des.o ABSOLUTE
    STM32F4xx_StdPeriph_Driver\\src\\stm32f4xx_cryp_tdes.c 0x00000000   Number         0  stm32f4xx_cryp_tdes.o ABSOLUTE
    STM32F4xx_StdPeriph_Driver\\src\\stm32f4xx_dac.c 0x00000000   Number         0  stm32f4xx_dac.o ABSOLUTE
    STM32F4xx_StdPeriph_Driver\\src\\stm32f4xx_dbgmcu.c 0x00000000   Number         0  stm32f4xx_dbgmcu.o ABSOLUTE
    STM32F4xx_StdPeriph_Driver\\src\\stm32f4xx_dcmi.c 0x00000000   Number         0  stm32f4xx_dcmi.o ABSOLUTE
    STM32F4xx_StdPeriph_Driver\\src\\stm32f4xx_dma.c 0x00000000   Number         0  stm32f4xx_dma.o ABSOLUTE
    STM32F4xx_StdPeriph_Driver\\src\\stm32f4xx_exti.c 0x00000000   Number         0  stm32f4xx_exti.o ABSOLUTE
    STM32F4xx_StdPeriph_Driver\\src\\stm32f4xx_flash.c 0x00000000   Number         0  stm32f4xx_flash.o ABSOLUTE
    STM32F4xx_StdPeriph_Driver\\src\\stm32f4xx_fsmc.c 0x00000000   Number         0  stm32f4xx_fsmc.o ABSOLUTE
    STM32F4xx_StdPeriph_Driver\\src\\stm32f4xx_gpio.c 0x00000000   Number         0  stm32f4xx_gpio.o ABSOLUTE
    STM32F4xx_StdPeriph_Driver\\src\\stm32f4xx_hash.c 0x00000000   Number         0  stm32f4xx_hash.o ABSOLUTE
    STM32F4xx_StdPeriph_Driver\\src\\stm32f4xx_hash_md5.c 0x00000000   Number         0  stm32f4xx_hash_md5.o ABSOLUTE
    STM32F4xx_StdPeriph_Driver\\src\\stm32f4xx_hash_sha1.c 0x00000000   Number         0  stm32f4xx_hash_sha1.o ABSOLUTE
    STM32F4xx_StdPeriph_Driver\\src\\stm32f4xx_i2c.c 0x00000000   Number         0  stm32f4xx_i2c.o ABSOLUTE
    STM32F4xx_StdPeriph_Driver\\src\\stm32f4xx_iwdg.c 0x00000000   Number         0  stm32f4xx_iwdg.o ABSOLUTE
    STM32F4xx_StdPeriph_Driver\\src\\stm32f4xx_pwr.c 0x00000000   Number         0  stm32f4xx_pwr.o ABSOLUTE
    STM32F4xx_StdPeriph_Driver\\src\\stm32f4xx_rcc.c 0x00000000   Number         0  stm32f4xx_rcc.o ABSOLUTE
    STM32F4xx_StdPeriph_Driver\\src\\stm32f4xx_rng.c 0x00000000   Number         0  stm32f4xx_rng.o ABSOLUTE
    STM32F4xx_StdPeriph_Driver\\src\\stm32f4xx_rtc.c 0x00000000   Number         0  stm32f4xx_rtc.o ABSOLUTE
    STM32F4xx_StdPeriph_Driver\\src\\stm32f4xx_sdio.c 0x00000000   Number         0  stm32f4xx_sdio.o ABSOLUTE
    STM32F4xx_StdPeriph_Driver\\src\\stm32f4xx_spi.c 0x00000000   Number         0  stm32f4xx_spi.o ABSOLUTE
    STM32F4xx_StdPeriph_Driver\\src\\stm32f4xx_syscfg.c 0x00000000   Number         0  stm32f4xx_syscfg.o ABSOLUTE
    STM32F4xx_StdPeriph_Driver\\src\\stm32f4xx_tim.c 0x00000000   Number         0  stm32f4xx_tim.o ABSOLUTE
    STM32F4xx_StdPeriph_Driver\\src\\stm32f4xx_usart.c 0x00000000   Number         0  stm32f4xx_usart.o ABSOLUTE
    STM32F4xx_StdPeriph_Driver\\src\\stm32f4xx_wwdg.c 0x00000000   Number         0  stm32f4xx_wwdg.o ABSOLUTE
    STM32F4xx_StdPeriph_Driver\src\misc.c    0x00000000   Number         0  misc.o ABSOLUTE
    STM32F4xx_StdPeriph_Driver\src\stm32f4xx_adc.c 0x00000000   Number         0  stm32f4xx_adc.o ABSOLUTE
    STM32F4xx_StdPeriph_Driver\src\stm32f4xx_can.c 0x00000000   Number         0  stm32f4xx_can.o ABSOLUTE
    STM32F4xx_StdPeriph_Driver\src\stm32f4xx_crc.c 0x00000000   Number         0  stm32f4xx_crc.o ABSOLUTE
    STM32F4xx_StdPeriph_Driver\src\stm32f4xx_cryp.c 0x00000000   Number         0  stm32f4xx_cryp.o ABSOLUTE
    STM32F4xx_StdPeriph_Driver\src\stm32f4xx_cryp_aes.c 0x00000000   Number         0  stm32f4xx_cryp_aes.o ABSOLUTE
    STM32F4xx_StdPeriph_Driver\src\stm32f4xx_cryp_des.c 0x00000000   Number         0  stm32f4xx_cryp_des.o ABSOLUTE
    STM32F4xx_StdPeriph_Driver\src\stm32f4xx_cryp_tdes.c 0x00000000   Number         0  stm32f4xx_cryp_tdes.o ABSOLUTE
    STM32F4xx_StdPeriph_Driver\src\stm32f4xx_dac.c 0x00000000   Number         0  stm32f4xx_dac.o ABSOLUTE
    STM32F4xx_StdPeriph_Driver\src\stm32f4xx_dbgmcu.c 0x00000000   Number         0  stm32f4xx_dbgmcu.o ABSOLUTE
    STM32F4xx_StdPeriph_Driver\src\stm32f4xx_dcmi.c 0x00000000   Number         0  stm32f4xx_dcmi.o ABSOLUTE
    STM32F4xx_StdPeriph_Driver\src\stm32f4xx_dma.c 0x00000000   Number         0  stm32f4xx_dma.o ABSOLUTE
    STM32F4xx_StdPeriph_Driver\src\stm32f4xx_exti.c 0x00000000   Number         0  stm32f4xx_exti.o ABSOLUTE
    STM32F4xx_StdPeriph_Driver\src\stm32f4xx_flash.c 0x00000000   Number         0  stm32f4xx_flash.o ABSOLUTE
    STM32F4xx_StdPeriph_Driver\src\stm32f4xx_fsmc.c 0x00000000   Number         0  stm32f4xx_fsmc.o ABSOLUTE
    STM32F4xx_StdPeriph_Driver\src\stm32f4xx_gpio.c 0x00000000   Number         0  stm32f4xx_gpio.o ABSOLUTE
    STM32F4xx_StdPeriph_Driver\src\stm32f4xx_hash.c 0x00000000   Number         0  stm32f4xx_hash.o ABSOLUTE
    STM32F4xx_StdPeriph_Driver\src\stm32f4xx_hash_md5.c 0x00000000   Number         0  stm32f4xx_hash_md5.o ABSOLUTE
    STM32F4xx_StdPeriph_Driver\src\stm32f4xx_hash_sha1.c 0x00000000   Number         0  stm32f4xx_hash_sha1.o ABSOLUTE
    STM32F4xx_StdPeriph_Driver\src\stm32f4xx_i2c.c 0x00000000   Number         0  stm32f4xx_i2c.o ABSOLUTE
    STM32F4xx_StdPeriph_Driver\src\stm32f4xx_iwdg.c 0x00000000   Number         0  stm32f4xx_iwdg.o ABSOLUTE
    STM32F4xx_StdPeriph_Driver\src\stm32f4xx_pwr.c 0x00000000   Number         0  stm32f4xx_pwr.o ABSOLUTE
    STM32F4xx_StdPeriph_Driver\src\stm32f4xx_rcc.c 0x00000000   Number         0  stm32f4xx_rcc.o ABSOLUTE
    STM32F4xx_StdPeriph_Driver\src\stm32f4xx_rng.c 0x00000000   Number         0  stm32f4xx_rng.o ABSOLUTE
    STM32F4xx_StdPeriph_Driver\src\stm32f4xx_rtc.c 0x00000000   Number         0  stm32f4xx_rtc.o ABSOLUTE
    STM32F4xx_StdPeriph_Driver\src\stm32f4xx_sdio.c 0x00000000   Number         0  stm32f4xx_sdio.o ABSOLUTE
    STM32F4xx_StdPeriph_Driver\src\stm32f4xx_spi.c 0x00000000   Number         0  stm32f4xx_spi.o ABSOLUTE
    STM32F4xx_StdPeriph_Driver\src\stm32f4xx_syscfg.c 0x00000000   Number         0  stm32f4xx_syscfg.o ABSOLUTE
    STM32F4xx_StdPeriph_Driver\src\stm32f4xx_tim.c 0x00000000   Number         0  stm32f4xx_tim.o ABSOLUTE
    STM32F4xx_StdPeriph_Driver\src\stm32f4xx_usart.c 0x00000000   Number         0  stm32f4xx_usart.o ABSOLUTE
    STM32F4xx_StdPeriph_Driver\src\stm32f4xx_wwdg.c 0x00000000   Number         0  stm32f4xx_wwdg.o ABSOLUTE
    dc.s                                     0x00000000   Number         0  dc.o ABSOLUTE
    src\\fputc_debug.c                       0x00000000   Number         0  fputc_debug.o ABSOLUTE
    src\\lab3_accelerometer.c                0x00000000   Number         0  lab3_accelerometer.o ABSOLUTE
    src\\lab3_init.c                         0x00000000   Number         0  lab3_init.o ABSOLUTE
    src\\main.c                              0x00000000   Number         0  main.o ABSOLUTE
    src\\system_stm32f4xx.c                  0x00000000   Number         0  system_stm32f4xx.o ABSOLUTE
    src\fputc_debug.c                        0x00000000   Number         0  fputc_debug.o ABSOLUTE
    src\lab3_accelerometer.c                 0x00000000   Number         0  lab3_accelerometer.o ABSOLUTE
    src\lab3_init.c                          0x00000000   Number         0  lab3_init.o ABSOLUTE
    src\main.c                               0x00000000   Number         0  main.o ABSOLUTE
    src\startup_stm32f40xx.s                 0x00000000   Number         0  startup_stm32f40xx.o ABSOLUTE
    src\system_stm32f4xx.c                   0x00000000   Number         0  system_stm32f4xx.o ABSOLUTE
    RESET                                    0x08000000   Section      392  startup_stm32f40xx.o(RESET)
    !!!main                                  0x08000188   Section        8  __main.o(!!!main)
    !!!scatter                               0x08000190   Section       52  __scatter.o(!!!scatter)
    !!handler_copy                           0x080001c4   Section       26  __scatter_copy.o(!!handler_copy)
    !!handler_zi                             0x080001e0   Section       28  __scatter_zi.o(!!handler_zi)
    .ARM.Collect$$_printf_percent$$00000000  0x080001fc   Section        0  _printf_percent.o(.ARM.Collect$$_printf_percent$$00000000)
    .ARM.Collect$$_printf_percent$$0000000C  0x080001fc   Section        6  _printf_x.o(.ARM.Collect$$_printf_percent$$0000000C)
    .ARM.Collect$$_printf_percent$$00000017  0x08000202   Section        4  _printf_percent_end.o(.ARM.Collect$$_printf_percent$$00000017)
    .ARM.Collect$$libinit$$00000000          0x08000206   Section        2  libinit.o(.ARM.Collect$$libinit$$00000000)
    .ARM.Collect$$libinit$$00000001          0x08000208   Section        4  libinit2.o(.ARM.Collect$$libinit$$00000001)
    .ARM.Collect$$libinit$$00000008          0x0800020c   Section        0  libinit2.o(.ARM.Collect$$libinit$$00000008)
    .ARM.Collect$$libinit$$0000000A          0x0800020c   Section        0  libinit2.o(.ARM.Collect$$libinit$$0000000A)
    .ARM.Collect$$libinit$$0000000C          0x0800020c   Section        0  libinit2.o(.ARM.Collect$$libinit$$0000000C)
    .ARM.Collect$$libinit$$0000000F          0x0800020c   Section        0  libinit2.o(.ARM.Collect$$libinit$$0000000F)
    .ARM.Collect$$libinit$$00000011          0x0800020c   Section        0  libinit2.o(.ARM.Collect$$libinit$$00000011)
    .ARM.Collect$$libinit$$00000013          0x0800020c   Section        0  libinit2.o(.ARM.Collect$$libinit$$00000013)
    .ARM.Collect$$libinit$$00000015          0x0800020c   Section        0  libinit2.o(.ARM.Collect$$libinit$$00000015)
    .ARM.Collect$$libinit$$00000017          0x0800020c   Section        0  libinit2.o(.ARM.Collect$$libinit$$00000017)
    .ARM.Collect$$libinit$$00000019          0x0800020c   Section        0  libinit2.o(.ARM.Collect$$libinit$$00000019)
    .ARM.Collect$$libinit$$0000001B          0x0800020c   Section        0  libinit2.o(.ARM.Collect$$libinit$$0000001B)
    .ARM.Collect$$libinit$$0000001D          0x0800020c   Section        0  libinit2.o(.ARM.Collect$$libinit$$0000001D)
    .ARM.Collect$$libinit$$0000001F          0x0800020c   Section        0  libinit2.o(.ARM.Collect$$libinit$$0000001F)
    .ARM.Collect$$libinit$$00000021          0x0800020c   Section        0  libinit2.o(.ARM.Collect$$libinit$$00000021)
    .ARM.Collect$$libinit$$00000023          0x0800020c   Section        0  libinit2.o(.ARM.Collect$$libinit$$00000023)
    .ARM.Collect$$libinit$$0000002A          0x0800020c   Section        0  libinit2.o(.ARM.Collect$$libinit$$0000002A)
    .ARM.Collect$$libinit$$0000002C          0x0800020c   Section        0  libinit2.o(.ARM.Collect$$libinit$$0000002C)
    .ARM.Collect$$libinit$$0000002E          0x0800020c   Section        0  libinit2.o(.ARM.Collect$$libinit$$0000002E)
    .ARM.Collect$$libinit$$00000030          0x0800020c   Section        0  libinit2.o(.ARM.Collect$$libinit$$00000030)
    .ARM.Collect$$libinit$$00000031          0x0800020c   Section        2  libinit2.o(.ARM.Collect$$libinit$$00000031)
    .ARM.Collect$$libshutdown$$00000000      0x0800020e   Section        2  libshutdown.o(.ARM.Collect$$libshutdown$$00000000)
    .ARM.Collect$$libshutdown$$00000003      0x08000210   Section        0  libshutdown2.o(.ARM.Collect$$libshutdown$$00000003)
    .ARM.Collect$$libshutdown$$00000006      0x08000210   Section        0  libshutdown2.o(.ARM.Collect$$libshutdown$$00000006)
    .ARM.Collect$$libshutdown$$00000009      0x08000210   Section        0  libshutdown2.o(.ARM.Collect$$libshutdown$$00000009)
    .ARM.Collect$$libshutdown$$0000000B      0x08000210   Section        0  libshutdown2.o(.ARM.Collect$$libshutdown$$0000000B)
    .ARM.Collect$$libshutdown$$0000000E      0x08000210   Section        0  libshutdown2.o(.ARM.Collect$$libshutdown$$0000000E)
    .ARM.Collect$$libshutdown$$0000000F      0x08000210   Section        2  libshutdown2.o(.ARM.Collect$$libshutdown$$0000000F)
    .ARM.Collect$$rtentry$$00000000          0x08000212   Section        0  rtentry.o(.ARM.Collect$$rtentry$$00000000)
    .ARM.Collect$$rtentry$$00000002          0x08000212   Section        0  rtentry2.o(.ARM.Collect$$rtentry$$00000002)
    .ARM.Collect$$rtentry$$00000004          0x08000212   Section        6  rtentry4.o(.ARM.Collect$$rtentry$$00000004)
    .ARM.Collect$$rtentry$$00000009          0x08000218   Section        0  rtentry2.o(.ARM.Collect$$rtentry$$00000009)
    .ARM.Collect$$rtentry$$0000000A          0x08000218   Section        4  rtentry2.o(.ARM.Collect$$rtentry$$0000000A)
    .ARM.Collect$$rtentry$$0000000C          0x0800021c   Section        0  rtentry2.o(.ARM.Collect$$rtentry$$0000000C)
    .ARM.Collect$$rtentry$$0000000D          0x0800021c   Section        8  rtentry2.o(.ARM.Collect$$rtentry$$0000000D)
    .ARM.Collect$$rtexit$$00000000           0x08000224   Section        2  rtexit.o(.ARM.Collect$$rtexit$$00000000)
    .ARM.Collect$$rtexit$$00000002           0x08000226   Section        0  rtexit2.o(.ARM.Collect$$rtexit$$00000002)
    .ARM.Collect$$rtexit$$00000003           0x08000226   Section        4  rtexit2.o(.ARM.Collect$$rtexit$$00000003)
    .ARM.Collect$$rtexit$$00000004           0x0800022a   Section        6  rtexit2.o(.ARM.Collect$$rtexit$$00000004)
    .text                                    0x08000230   Section       64  startup_stm32f40xx.o(.text)
    $v0                                      0x08000230   Number         0  startup_stm32f40xx.o(.text)
    .text                                    0x08000270   Section        0  fputc_debug.o(.text)
    ITM_SendChar                             0x08000271   Thumb Code    42  fputc_debug.o(.text)
    .text                                    0x080002bc   Section        0  main.o(.text)
    .text                                    0x0800056c   Section        0  system_stm32f4xx.o(.text)
    SetSysClock                              0x0800056d   Thumb Code   218  system_stm32f4xx.o(.text)
    .text                                    0x08000778   Section        0  lab3_init.o(.text)
    .text                                    0x08000a84   Section        0  lab3_accelerometer.o(.text)
    .text                                    0x08000d24   Section        0  misc.o(.text)
    .text                                    0x08000e08   Section        0  stm32f4xx_exti.o(.text)
    .text                                    0x08000f24   Section        0  stm32f4xx_gpio.o(.text)
    .text                                    0x08001180   Section        0  stm32f4xx_rcc.o(.text)
    .text                                    0x08001708   Section        0  stm32f4xx_spi.o(.text)
    .text                                    0x08001afc   Section        0  stm32f4xx_syscfg.o(.text)
    .text                                    0x08001b88   Section        0  stm32f4xx_tim.o(.text)
    TI4_Config                               0x08002327   Thumb Code    80  stm32f4xx_tim.o(.text)
    TI3_Config                               0x08002389   Thumb Code    72  stm32f4xx_tim.o(.text)
    TI2_Config                               0x080023eb   Thumb Code    90  stm32f4xx_tim.o(.text)
    TI1_Config                               0x08002457   Thumb Code    58  stm32f4xx_tim.o(.text)
    .text                                    0x0800282c   Section        0  stm32f4_discovery_lis302dl.o(.text)
    LIS302DL_SendByte                        0x08002831   Thumb Code    98  stm32f4_discovery_lis302dl.o(.text)
    LIS302DL_LowLevel_Init                   0x080028cd   Thumb Code   294  stm32f4_discovery_lis302dl.o(.text)
    .text                                    0x08002bec   Section        2  use_no_semi.o(.text)
    .text                                    0x08002bf0   Section        0  noretval__2printf.o(.text)
    .text                                    0x08002c08   Section        0  __printf.o(.text)
    .text                                    0x08002c70   Section        0  _printf_hex_int.o(.text)
    .text                                    0x08002ccc   Section        0  heapauxi.o(.text)
    .text                                    0x08002cd2   Section        0  _rserrno.o(.text)
    .text                                    0x08002ce8   Section        0  _printf_intcommon.o(.text)
    .text                                    0x08002da0   Section        0  _printf_char_file.o(.text)
    .text                                    0x08002dc4   Section        8  rt_errno_addr_intlibspace.o(.text)
    .text                                    0x08002dcc   Section        0  _printf_char_common.o(.text)
    _printf_input_char                       0x08002dcd   Thumb Code    10  _printf_char_common.o(.text)
    .text                                    0x08002dfc   Section        0  ferror.o(.text)
    .text                                    0x08002e04   Section        8  libspace.o(.text)
    .text                                    0x08002e0c   Section       74  sys_stackheap_outer.o(.text)
    .text                                    0x08002e56   Section        0  exit.o(.text)
    i.__ARM_fpclassify                       0x08002e62   Section        0  fpclassify.o(i.__ARM_fpclassify)
    i.__hardfp_atan                          0x08002e98   Section        0  atan.o(i.__hardfp_atan)
    i.__hardfp_pow                           0x08003180   Section        0  pow.o(i.__hardfp_pow)
    i.__hardfp_sqrt                          0x08003e10   Section        0  sqrt.o(i.__hardfp_sqrt)
    i.__kernel_poly                          0x08003e8a   Section        0  poly.o(i.__kernel_poly)
    i.__mathlib_dbl_underflow                0x08003f88   Section        0  dunder.o(i.__mathlib_dbl_underflow)
    i.fabs                                   0x08003fa8   Section        0  fabs.o(i.fabs)
    i.sqrt                                   0x08003fc8   Section        0  sqrt.o(i.sqrt)
    x$fpl$basic                              0x08004036   Section       24  basic.o(x$fpl$basic)
    $v0                                      0x08004036   Number         0  basic.o(x$fpl$basic)
    x$fpl$d2f                                0x08004050   Section       98  d2f.o(x$fpl$d2f)
    $v0                                      0x08004050   Number         0  d2f.o(x$fpl$d2f)
    x$fpl$dadd                               0x080040b4   Section      336  daddsub_clz.o(x$fpl$dadd)
    $v0                                      0x080040b4   Number         0  daddsub_clz.o(x$fpl$dadd)
    _dadd1                                   0x080040c5   Thumb Code     0  daddsub_clz.o(x$fpl$dadd)
    x$fpl$dcheck1                            0x08004204   Section       16  dcheck1.o(x$fpl$dcheck1)
    $v0                                      0x08004204   Number         0  dcheck1.o(x$fpl$dcheck1)
    x$fpl$dcmpinf                            0x08004214   Section       24  dcmpi.o(x$fpl$dcmpinf)
    $v0                                      0x08004214   Number         0  dcmpi.o(x$fpl$dcmpinf)
    x$fpl$ddiv                               0x0800422c   Section      688  ddiv.o(x$fpl$ddiv)
    $v0                                      0x0800422c   Number         0  ddiv.o(x$fpl$ddiv)
    ddiv_entry                               0x08004233   Thumb Code     0  ddiv.o(x$fpl$ddiv)
    x$fpl$dflt                               0x080044dc   Section       46  dflt_clz.o(x$fpl$dflt)
    $v0                                      0x080044dc   Number         0  dflt_clz.o(x$fpl$dflt)
    x$fpl$dleqf                              0x0800450c   Section      120  dleqf.o(x$fpl$dleqf)
    $v0                                      0x0800450c   Number         0  dleqf.o(x$fpl$dleqf)
    x$fpl$dmul                               0x08004584   Section      340  dmul.o(x$fpl$dmul)
    $v0                                      0x08004584   Number         0  dmul.o(x$fpl$dmul)
    x$fpl$dnaninf                            0x080046d8   Section      156  dnaninf.o(x$fpl$dnaninf)
    $v0                                      0x080046d8   Number         0  dnaninf.o(x$fpl$dnaninf)
    x$fpl$dretinf                            0x08004774   Section       12  dretinf.o(x$fpl$dretinf)
    $v0                                      0x08004774   Number         0  dretinf.o(x$fpl$dretinf)
    x$fpl$drleqf                             0x08004780   Section      108  drleqf.o(x$fpl$drleqf)
    $v0                                      0x08004780   Number         0  drleqf.o(x$fpl$drleqf)
    x$fpl$drsb                               0x080047ec   Section       22  daddsub_clz.o(x$fpl$drsb)
    $v0                                      0x080047ec   Number         0  daddsub_clz.o(x$fpl$drsb)
    x$fpl$dsqrt                              0x08004804   Section      408  dsqrt_umaal.o(x$fpl$dsqrt)
    $v0                                      0x08004804   Number         0  dsqrt_umaal.o(x$fpl$dsqrt)
    x$fpl$dsub                               0x0800499c   Section      468  daddsub_clz.o(x$fpl$dsub)
    $v0                                      0x0800499c   Number         0  daddsub_clz.o(x$fpl$dsub)
    _dsub1                                   0x080049ad   Thumb Code     0  daddsub_clz.o(x$fpl$dsub)
    x$fpl$fpinit                             0x08004b70   Section       10  fpinit.o(x$fpl$fpinit)
    $v0                                      0x08004b70   Number         0  fpinit.o(x$fpl$fpinit)
    x$fpl$fretinf                            0x08004b7a   Section       10  fretinf.o(x$fpl$fretinf)
    $v0                                      0x08004b7a   Number         0  fretinf.o(x$fpl$fretinf)
    x$fpl$retnan                             0x08004b84   Section      100  retnan.o(x$fpl$retnan)
    $v0                                      0x08004b84   Number         0  retnan.o(x$fpl$retnan)
    x$fpl$scalbn                             0x08004be8   Section       92  scalbn.o(x$fpl$scalbn)
    $v0                                      0x08004be8   Number         0  scalbn.o(x$fpl$scalbn)
    x$fpl$trapveneer                         0x08004c44   Section       48  trapv.o(x$fpl$trapveneer)
    $v0                                      0x08004c44   Number         0  trapv.o(x$fpl$trapveneer)
    .constdata                               0x08004c74   Section       40  _printf_hex_int.o(.constdata)
    x$fpl$usenofp                            0x08004c74   Section        0  usenofp.o(x$fpl$usenofp)
    uc_hextab                                0x08004c74   Data          20  _printf_hex_int.o(.constdata)
    lc_hextab                                0x08004c88   Data          20  _printf_hex_int.o(.constdata)
    .constdata                               0x08004ca0   Section      152  atan.o(.constdata)
    atanhi                                   0x08004ca0   Data          32  atan.o(.constdata)
    atanlo                                   0x08004cc0   Data          32  atan.o(.constdata)
    aTodd                                    0x08004ce0   Data          40  atan.o(.constdata)
    aTeven                                   0x08004d08   Data          48  atan.o(.constdata)
    .constdata                               0x08004d38   Section      136  pow.o(.constdata)
    bp                                       0x08004d38   Data          16  pow.o(.constdata)
    dp_h                                     0x08004d48   Data          16  pow.o(.constdata)
    dp_l                                     0x08004d58   Data          16  pow.o(.constdata)
    L                                        0x08004d68   Data          48  pow.o(.constdata)
    P                                        0x08004d98   Data          40  pow.o(.constdata)
    .constdata                               0x08004dc0   Section        8  qnan.o(.constdata)
    .data                                    0x20000000   Section        8  fputc_debug.o(.data)
    .data                                    0x20000008   Section       28  main.o(.data)
    tim2_interrupt                           0x20000008   Data           4  main.o(.data)
    tim3_interrupt                           0x2000000c   Data           4  main.o(.data)
    tim5_interrupt                           0x20000010   Data           4  main.o(.data)
    exti_interrupt                           0x20000014   Data           4  main.o(.data)
    tap_interrupt                            0x20000018   Data           4  main.o(.data)
    mode                                     0x2000001c   Data           4  main.o(.data)
    is_initialized                           0x20000020   Data           4  main.o(.data)
    .data                                    0x20000024   Section       20  system_stm32f4xx.o(.data)
    .data                                    0x20000038   Section       16  stm32f4xx_rcc.o(.data)
    APBAHBPrescTable                         0x20000038   Data          16  stm32f4xx_rcc.o(.data)
    .data                                    0x20000048   Section        4  stm32f4_discovery_lis302dl.o(.data)
    .bss                                     0x2000004c   Section       96  libspace.o(.bss)
    HEAP                                     0x200000b0   Section      512  startup_stm32f40xx.o(HEAP)
    Heap_Mem                                 0x200000b0   Data         512  startup_stm32f40xx.o(HEAP)
    STACK                                    0x200002b0   Section     1024  startup_stm32f40xx.o(STACK)
    Stack_Mem                                0x200002b0   Data        1024  startup_stm32f40xx.o(STACK)
    __initial_sp                             0x200006b0   Data           0  startup_stm32f40xx.o(STACK)

    Global Symbols

    Symbol Name                              Value     Ov Type        Size  Object(Section)

    BuildAttributes$$THM_ISAv4$E$P$D$K$B$S$7EM$VFPi3$EXTD16$VFPS$VFMA$PE$A:L22UL41UL21$X:L11$S22US41US21$IEEE1$IW$USESV6$~STKCKD$USESV7$~SHL$OTIME$ROPI$IEEEX$EBA8$UX$STANDARDLIB$REQ8$PRES8$EABIv2 0x00000000   Number         0  anon$$obj.o ABSOLUTE
    __ARM_use_no_argv                        0x00000000   Number         0  main.o ABSOLUTE
    __ARM_exceptions_init                     - Undefined Weak Reference
    __alloca_initialize                       - Undefined Weak Reference
    __cpp_initialize__aeabi_                  - Undefined Weak Reference
    __cxa_finalize                            - Undefined Weak Reference
    __rt_locale                               - Undefined Weak Reference
    __sigvec_lookup                           - Undefined Weak Reference
    _atexit_init                              - Undefined Weak Reference
    _call_atexit_fns                          - Undefined Weak Reference
    _clock_init                               - Undefined Weak Reference
    _fp_trap_init                             - Undefined Weak Reference
    _fp_trap_shutdown                         - Undefined Weak Reference
    _get_lc_collate                           - Undefined Weak Reference
    _get_lc_ctype                             - Undefined Weak Reference
    _get_lc_monetary                          - Undefined Weak Reference
    _get_lc_numeric                           - Undefined Weak Reference
    _get_lc_time                              - Undefined Weak Reference
    _getenv_init                              - Undefined Weak Reference
    _handle_redirection                       - Undefined Weak Reference
    _init_alloc                               - Undefined Weak Reference
    _init_user_alloc                          - Undefined Weak Reference
    _initio                                   - Undefined Weak Reference
    _mutex_acquire                            - Undefined Weak Reference
    _mutex_release                            - Undefined Weak Reference
    _printf_post_padding                      - Undefined Weak Reference
    _printf_pre_padding                       - Undefined Weak Reference
    _printf_truncate_unsigned                 - Undefined Weak Reference
    _rand_init                                - Undefined Weak Reference
    _signal_finish                            - Undefined Weak Reference
    _signal_init                              - Undefined Weak Reference
    _terminate_alloc                          - Undefined Weak Reference
    _terminate_user_alloc                     - Undefined Weak Reference
    _terminateio                              - Undefined Weak Reference
    __Vectors_Size                           0x00000188   Number         0  startup_stm32f40xx.o ABSOLUTE
    __Vectors                                0x08000000   Data           4  startup_stm32f40xx.o(RESET)
    __Vectors_End                            0x08000188   Data           0  startup_stm32f40xx.o(RESET)
    __main                                   0x08000189   Thumb Code     8  __main.o(!!!main)
    __scatterload                            0x08000191   Thumb Code     0  __scatter.o(!!!scatter)
    __scatterload_rt2                        0x08000191   Thumb Code    44  __scatter.o(!!!scatter)
    __scatterload_rt2_thumb_only             0x08000191   Thumb Code     0  __scatter.o(!!!scatter)
    __scatterload_null                       0x0800019f   Thumb Code     0  __scatter.o(!!!scatter)
    __scatterload_copy                       0x080001c5   Thumb Code    26  __scatter_copy.o(!!handler_copy)
    __scatterload_zeroinit                   0x080001e1   Thumb Code    28  __scatter_zi.o(!!handler_zi)
    _printf_percent                          0x080001fd   Thumb Code     0  _printf_percent.o(.ARM.Collect$$_printf_percent$$00000000)
    _printf_x                                0x080001fd   Thumb Code     0  _printf_x.o(.ARM.Collect$$_printf_percent$$0000000C)
    _printf_percent_end                      0x08000203   Thumb Code     0  _printf_percent_end.o(.ARM.Collect$$_printf_percent$$00000017)
    __rt_lib_init                            0x08000207   Thumb Code     0  libinit.o(.ARM.Collect$$libinit$$00000000)
    __rt_lib_init_fp_1                       0x08000209   Thumb Code     0  libinit2.o(.ARM.Collect$$libinit$$00000001)
    __rt_lib_init_alloca_1                   0x0800020d   Thumb Code     0  libinit2.o(.ARM.Collect$$libinit$$0000002C)
    __rt_lib_init_argv_1                     0x0800020d   Thumb Code     0  libinit2.o(.ARM.Collect$$libinit$$0000002A)
    __rt_lib_init_atexit_1                   0x0800020d   Thumb Code     0  libinit2.o(.ARM.Collect$$libinit$$00000019)
    __rt_lib_init_clock_1                    0x0800020d   Thumb Code     0  libinit2.o(.ARM.Collect$$libinit$$0000001F)
    __rt_lib_init_cpp_1                      0x0800020d   Thumb Code     0  libinit2.o(.ARM.Collect$$libinit$$00000030)
    __rt_lib_init_exceptions_1               0x0800020d   Thumb Code     0  libinit2.o(.ARM.Collect$$libinit$$0000002E)
    __rt_lib_init_fp_trap_1                  0x0800020d   Thumb Code     0  libinit2.o(.ARM.Collect$$libinit$$0000001D)
    __rt_lib_init_getenv_1                   0x0800020d   Thumb Code     0  libinit2.o(.ARM.Collect$$libinit$$00000021)
    __rt_lib_init_heap_1                     0x0800020d   Thumb Code     0  libinit2.o(.ARM.Collect$$libinit$$00000008)
    __rt_lib_init_lc_collate_1               0x0800020d   Thumb Code     0  libinit2.o(.ARM.Collect$$libinit$$0000000F)
    __rt_lib_init_lc_ctype_1                 0x0800020d   Thumb Code     0  libinit2.o(.ARM.Collect$$libinit$$00000011)
    __rt_lib_init_lc_monetary_1              0x0800020d   Thumb Code     0  libinit2.o(.ARM.Collect$$libinit$$00000013)
    __rt_lib_init_lc_numeric_1               0x0800020d   Thumb Code     0  libinit2.o(.ARM.Collect$$libinit$$00000015)
    __rt_lib_init_lc_time_1                  0x0800020d   Thumb Code     0  libinit2.o(.ARM.Collect$$libinit$$00000017)
    __rt_lib_init_rand_1                     0x0800020d   Thumb Code     0  libinit2.o(.ARM.Collect$$libinit$$0000000C)
    __rt_lib_init_return                     0x0800020d   Thumb Code     0  libinit2.o(.ARM.Collect$$libinit$$00000031)
    __rt_lib_init_signal_1                   0x0800020d   Thumb Code     0  libinit2.o(.ARM.Collect$$libinit$$0000001B)
    __rt_lib_init_stdio_1                    0x0800020d   Thumb Code     0  libinit2.o(.ARM.Collect$$libinit$$00000023)
    __rt_lib_init_user_alloc_1               0x0800020d   Thumb Code     0  libinit2.o(.ARM.Collect$$libinit$$0000000A)
    __rt_lib_shutdown                        0x0800020f   Thumb Code     0  libshutdown.o(.ARM.Collect$$libshutdown$$00000000)
    __rt_lib_shutdown_fp_trap_1              0x08000211   Thumb Code     0  libshutdown2.o(.ARM.Collect$$libshutdown$$00000006)
    __rt_lib_shutdown_heap_1                 0x08000211   Thumb Code     0  libshutdown2.o(.ARM.Collect$$libshutdown$$0000000E)
    __rt_lib_shutdown_return                 0x08000211   Thumb Code     0  libshutdown2.o(.ARM.Collect$$libshutdown$$0000000F)
    __rt_lib_shutdown_signal_1               0x08000211   Thumb Code     0  libshutdown2.o(.ARM.Collect$$libshutdown$$00000009)
    __rt_lib_shutdown_stdio_1                0x08000211   Thumb Code     0  libshutdown2.o(.ARM.Collect$$libshutdown$$00000003)
    __rt_lib_shutdown_user_alloc_1           0x08000211   Thumb Code     0  libshutdown2.o(.ARM.Collect$$libshutdown$$0000000B)
    __rt_entry                               0x08000213   Thumb Code     0  rtentry.o(.ARM.Collect$$rtentry$$00000000)
    __rt_entry_presh_1                       0x08000213   Thumb Code     0  rtentry2.o(.ARM.Collect$$rtentry$$00000002)
    __rt_entry_sh                            0x08000213   Thumb Code     0  rtentry4.o(.ARM.Collect$$rtentry$$00000004)
    __rt_entry_li                            0x08000219   Thumb Code     0  rtentry2.o(.ARM.Collect$$rtentry$$0000000A)
    __rt_entry_postsh_1                      0x08000219   Thumb Code     0  rtentry2.o(.ARM.Collect$$rtentry$$00000009)
    __rt_entry_main                          0x0800021d   Thumb Code     0  rtentry2.o(.ARM.Collect$$rtentry$$0000000D)
    __rt_entry_postli_1                      0x0800021d   Thumb Code     0  rtentry2.o(.ARM.Collect$$rtentry$$0000000C)
    __rt_exit                                0x08000225   Thumb Code     0  rtexit.o(.ARM.Collect$$rtexit$$00000000)
    __rt_exit_ls                             0x08000227   Thumb Code     0  rtexit2.o(.ARM.Collect$$rtexit$$00000003)
    __rt_exit_prels_1                        0x08000227   Thumb Code     0  rtexit2.o(.ARM.Collect$$rtexit$$00000002)
    __rt_exit_exit                           0x0800022b   Thumb Code     0  rtexit2.o(.ARM.Collect$$rtexit$$00000004)
    Reset_Handler                            0x08000231   Thumb Code     8  startup_stm32f40xx.o(.text)
    NMI_Handler                              0x08000239   Thumb Code     2  startup_stm32f40xx.o(.text)
    HardFault_Handler                        0x0800023b   Thumb Code     2  startup_stm32f40xx.o(.text)
    MemManage_Handler                        0x0800023d   Thumb Code     2  startup_stm32f40xx.o(.text)
    BusFault_Handler                         0x0800023f   Thumb Code     2  startup_stm32f40xx.o(.text)
    UsageFault_Handler                       0x08000241   Thumb Code     2  startup_stm32f40xx.o(.text)
    SVC_Handler                              0x08000243   Thumb Code     2  startup_stm32f40xx.o(.text)
    DebugMon_Handler                         0x08000245   Thumb Code     2  startup_stm32f40xx.o(.text)
    PendSV_Handler                           0x08000247   Thumb Code     2  startup_stm32f40xx.o(.text)
    SysTick_Handler                          0x08000249   Thumb Code     2  startup_stm32f40xx.o(.text)
    ADC_IRQHandler                           0x0800024b   Thumb Code     0  startup_stm32f40xx.o(.text)
    CAN1_RX0_IRQHandler                      0x0800024b   Thumb Code     0  startup_stm32f40xx.o(.text)
    CAN1_RX1_IRQHandler                      0x0800024b   Thumb Code     0  startup_stm32f40xx.o(.text)
    CAN1_SCE_IRQHandler                      0x0800024b   Thumb Code     0  startup_stm32f40xx.o(.text)
    CAN1_TX_IRQHandler                       0x0800024b   Thumb Code     0  startup_stm32f40xx.o(.text)
    CAN2_RX0_IRQHandler                      0x0800024b   Thumb Code     0  startup_stm32f40xx.o(.text)
    CAN2_RX1_IRQHandler                      0x0800024b   Thumb Code     0  startup_stm32f40xx.o(.text)
    CAN2_SCE_IRQHandler                      0x0800024b   Thumb Code     0  startup_stm32f40xx.o(.text)
    CAN2_TX_IRQHandler                       0x0800024b   Thumb Code     0  startup_stm32f40xx.o(.text)
    CRYP_IRQHandler                          0x0800024b   Thumb Code     0  startup_stm32f40xx.o(.text)
    DCMI_IRQHandler                          0x0800024b   Thumb Code     0  startup_stm32f40xx.o(.text)
    DMA1_Stream0_IRQHandler                  0x0800024b   Thumb Code     0  startup_stm32f40xx.o(.text)
    DMA1_Stream1_IRQHandler                  0x0800024b   Thumb Code     0  startup_stm32f40xx.o(.text)
    DMA1_Stream2_IRQHandler                  0x0800024b   Thumb Code     0  startup_stm32f40xx.o(.text)
    DMA1_Stream3_IRQHandler                  0x0800024b   Thumb Code     0  startup_stm32f40xx.o(.text)
    DMA1_Stream4_IRQHandler                  0x0800024b   Thumb Code     0  startup_stm32f40xx.o(.text)
    DMA1_Stream5_IRQHandler                  0x0800024b   Thumb Code     0  startup_stm32f40xx.o(.text)
    DMA1_Stream6_IRQHandler                  0x0800024b   Thumb Code     0  startup_stm32f40xx.o(.text)
    DMA1_Stream7_IRQHandler                  0x0800024b   Thumb Code     0  startup_stm32f40xx.o(.text)
    DMA2_Stream0_IRQHandler                  0x0800024b   Thumb Code     0  startup_stm32f40xx.o(.text)
    DMA2_Stream1_IRQHandler                  0x0800024b   Thumb Code     0  startup_stm32f40xx.o(.text)
    DMA2_Stream2_IRQHandler                  0x0800024b   Thumb Code     0  startup_stm32f40xx.o(.text)
    DMA2_Stream3_IRQHandler                  0x0800024b   Thumb Code     0  startup_stm32f40xx.o(.text)
    DMA2_Stream4_IRQHandler                  0x0800024b   Thumb Code     0  startup_stm32f40xx.o(.text)
    DMA2_Stream5_IRQHandler                  0x0800024b   Thumb Code     0  startup_stm32f40xx.o(.text)
    DMA2_Stream6_IRQHandler                  0x0800024b   Thumb Code     0  startup_stm32f40xx.o(.text)
    DMA2_Stream7_IRQHandler                  0x0800024b   Thumb Code     0  startup_stm32f40xx.o(.text)
    ETH_IRQHandler                           0x0800024b   Thumb Code     0  startup_stm32f40xx.o(.text)
    ETH_WKUP_IRQHandler                      0x0800024b   Thumb Code     0  startup_stm32f40xx.o(.text)
    EXTI0_IRQHandler                         0x0800024b   Thumb Code     0  startup_stm32f40xx.o(.text)
    EXTI15_10_IRQHandler                     0x0800024b   Thumb Code     0  startup_stm32f40xx.o(.text)
    EXTI2_IRQHandler                         0x0800024b   Thumb Code     0  startup_stm32f40xx.o(.text)
    EXTI3_IRQHandler                         0x0800024b   Thumb Code     0  startup_stm32f40xx.o(.text)
    EXTI4_IRQHandler                         0x0800024b   Thumb Code     0  startup_stm32f40xx.o(.text)
    EXTI9_5_IRQHandler                       0x0800024b   Thumb Code     0  startup_stm32f40xx.o(.text)
    FLASH_IRQHandler                         0x0800024b   Thumb Code     0  startup_stm32f40xx.o(.text)
    FPU_IRQHandler                           0x0800024b   Thumb Code     0  startup_stm32f40xx.o(.text)
    FSMC_IRQHandler                          0x0800024b   Thumb Code     0  startup_stm32f40xx.o(.text)
    HASH_RNG_IRQHandler                      0x0800024b   Thumb Code     0  startup_stm32f40xx.o(.text)
    I2C1_ER_IRQHandler                       0x0800024b   Thumb Code     0  startup_stm32f40xx.o(.text)
    I2C1_EV_IRQHandler                       0x0800024b   Thumb Code     0  startup_stm32f40xx.o(.text)
    I2C2_ER_IRQHandler                       0x0800024b   Thumb Code     0  startup_stm32f40xx.o(.text)
    I2C2_EV_IRQHandler                       0x0800024b   Thumb Code     0  startup_stm32f40xx.o(.text)
    I2C3_ER_IRQHandler                       0x0800024b   Thumb Code     0  startup_stm32f40xx.o(.text)
    I2C3_EV_IRQHandler                       0x0800024b   Thumb Code     0  startup_stm32f40xx.o(.text)
    OTG_FS_IRQHandler                        0x0800024b   Thumb Code     0  startup_stm32f40xx.o(.text)
    OTG_FS_WKUP_IRQHandler                   0x0800024b   Thumb Code     0  startup_stm32f40xx.o(.text)
    OTG_HS_EP1_IN_IRQHandler                 0x0800024b   Thumb Code     0  startup_stm32f40xx.o(.text)
    OTG_HS_EP1_OUT_IRQHandler                0x0800024b   Thumb Code     0  startup_stm32f40xx.o(.text)
    OTG_HS_IRQHandler                        0x0800024b   Thumb Code     0  startup_stm32f40xx.o(.text)
    OTG_HS_WKUP_IRQHandler                   0x0800024b   Thumb Code     0  startup_stm32f40xx.o(.text)
    PVD_IRQHandler                           0x0800024b   Thumb Code     0  startup_stm32f40xx.o(.text)
    RCC_IRQHandler                           0x0800024b   Thumb Code     0  startup_stm32f40xx.o(.text)
    RTC_Alarm_IRQHandler                     0x0800024b   Thumb Code     0  startup_stm32f40xx.o(.text)
    RTC_WKUP_IRQHandler                      0x0800024b   Thumb Code     0  startup_stm32f40xx.o(.text)
    SDIO_IRQHandler                          0x0800024b   Thumb Code     0  startup_stm32f40xx.o(.text)
    SPI1_IRQHandler                          0x0800024b   Thumb Code     0  startup_stm32f40xx.o(.text)
    SPI2_IRQHandler                          0x0800024b   Thumb Code     0  startup_stm32f40xx.o(.text)
    SPI3_IRQHandler                          0x0800024b   Thumb Code     0  startup_stm32f40xx.o(.text)
    TAMP_STAMP_IRQHandler                    0x0800024b   Thumb Code     0  startup_stm32f40xx.o(.text)
    TIM1_BRK_TIM9_IRQHandler                 0x0800024b   Thumb Code     0  startup_stm32f40xx.o(.text)
    TIM1_CC_IRQHandler                       0x0800024b   Thumb Code     0  startup_stm32f40xx.o(.text)
    TIM1_TRG_COM_TIM11_IRQHandler            0x0800024b   Thumb Code     0  startup_stm32f40xx.o(.text)
    TIM1_UP_TIM10_IRQHandler                 0x0800024b   Thumb Code     0  startup_stm32f40xx.o(.text)
    TIM4_IRQHandler                          0x0800024b   Thumb Code     0  startup_stm32f40xx.o(.text)
    TIM6_DAC_IRQHandler                      0x0800024b   Thumb Code     0  startup_stm32f40xx.o(.text)
    TIM7_IRQHandler                          0x0800024b   Thumb Code     0  startup_stm32f40xx.o(.text)
    TIM8_BRK_TIM12_IRQHandler                0x0800024b   Thumb Code     0  startup_stm32f40xx.o(.text)
    TIM8_CC_IRQHandler                       0x0800024b   Thumb Code     0  startup_stm32f40xx.o(.text)
    TIM8_TRG_COM_TIM14_IRQHandler            0x0800024b   Thumb Code     0  startup_stm32f40xx.o(.text)
    TIM8_UP_TIM13_IRQHandler                 0x0800024b   Thumb Code     0  startup_stm32f40xx.o(.text)
    UART4_IRQHandler                         0x0800024b   Thumb Code     0  startup_stm32f40xx.o(.text)
    UART5_IRQHandler                         0x0800024b   Thumb Code     0  startup_stm32f40xx.o(.text)
    USART1_IRQHandler                        0x0800024b   Thumb Code     0  startup_stm32f40xx.o(.text)
    USART2_IRQHandler                        0x0800024b   Thumb Code     0  startup_stm32f40xx.o(.text)
    USART3_IRQHandler                        0x0800024b   Thumb Code     0  startup_stm32f40xx.o(.text)
    USART6_IRQHandler                        0x0800024b   Thumb Code     0  startup_stm32f40xx.o(.text)
    WWDG_IRQHandler                          0x0800024b   Thumb Code     0  startup_stm32f40xx.o(.text)
    __user_initial_stackheap                 0x0800024d   Thumb Code     0  startup_stm32f40xx.o(.text)
    fputc                                    0x0800029b   Thumb Code    14  fputc_debug.o(.text)
    _ttywrch                                 0x080002a9   Thumb Code    12  fputc_debug.o(.text)
    _sys_exit                                0x080002b5   Thumb Code     4  fputc_debug.o(.text)
    main                                     0x080002bd   Thumb Code   498  main.o(.text)
    TIM2_IRQHandler                          0x080004af   Thumb Code    32  main.o(.text)
    TIM3_IRQHandler                          0x080004cf   Thumb Code    32  main.o(.text)
    TIM5_IRQHandler                          0x080004ef   Thumb Code    32  main.o(.text)
    EXTI1_IRQHandler                         0x0800050f   Thumb Code    28  main.o(.text)
    SystemInit                               0x08000647   Thumb Code    88  system_stm32f4xx.o(.text)
    SystemCoreClockUpdate                    0x0800069f   Thumb Code   174  system_stm32f4xx.o(.text)
    init_leds                                0x08000779   Thumb Code    54  lab3_init.o(.text)
    init_TIM2                                0x080007af   Thumb Code   114  lab3_init.o(.text)
    init_TIM3                                0x08000821   Thumb Code   112  lab3_init.o(.text)
    init_EXTI                                0x08000891   Thumb Code   132  lab3_init.o(.text)
    init_LED_PWM                             0x08000915   Thumb Code    86  lab3_init.o(.text)
    init_TIM4_PWM                            0x0800096b   Thumb Code   146  lab3_init.o(.text)
    init_TIM5                                0x080009fd   Thumb Code   112  lab3_init.o(.text)
    getOrientation                           0x08000a85   Thumb Code   480  lab3_accelerometer.o(.text)
    init_accel                               0x08000c65   Thumb Code   162  lab3_accelerometer.o(.text)
    NVIC_PriorityGroupConfig                 0x08000d25   Thumb Code    10  misc.o(.text)
    NVIC_Init                                0x08000d2f   Thumb Code   108  misc.o(.text)
    NVIC_SetVectorTable                      0x08000d9b   Thumb Code    14  misc.o(.text)
    NVIC_SystemLPConfig                      0x08000da9   Thumb Code    34  misc.o(.text)
    SysTick_CLKSourceConfig                  0x08000dcb   Thumb Code    40  misc.o(.text)
    EXTI_DeInit                              0x08000e09   Thumb Code    28  stm32f4xx_exti.o(.text)
    EXTI_Init                                0x08000e25   Thumb Code   142  stm32f4xx_exti.o(.text)
    EXTI_StructInit                          0x08000eb3   Thumb Code    16  stm32f4xx_exti.o(.text)
    EXTI_GenerateSWInterrupt                 0x08000ec3   Thumb Code    16  stm32f4xx_exti.o(.text)
    EXTI_GetFlagStatus                       0x08000ed3   Thumb Code    22  stm32f4xx_exti.o(.text)
    EXTI_ClearFlag                           0x08000ee9   Thumb Code     8  stm32f4xx_exti.o(.text)
    EXTI_GetITStatus                         0x08000ef1   Thumb Code    34  stm32f4xx_exti.o(.text)
    EXTI_ClearITPendingBit                   0x08000f13   Thumb Code     8  stm32f4xx_exti.o(.text)
    GPIO_DeInit                              0x08000f25   Thumb Code   220  stm32f4xx_gpio.o(.text)
    GPIO_Init                                0x08001001   Thumb Code   144  stm32f4xx_gpio.o(.text)
    GPIO_StructInit                          0x08001091   Thumb Code    18  stm32f4xx_gpio.o(.text)
    GPIO_PinLockConfig                       0x080010a3   Thumb Code    34  stm32f4xx_gpio.o(.text)
    GPIO_ReadInputDataBit                    0x080010c5   Thumb Code    18  stm32f4xx_gpio.o(.text)
    GPIO_ReadInputData                       0x080010d7   Thumb Code     8  stm32f4xx_gpio.o(.text)
    GPIO_ReadOutputDataBit                   0x080010df   Thumb Code    18  stm32f4xx_gpio.o(.text)
    GPIO_ReadOutputData                      0x080010f1   Thumb Code     8  stm32f4xx_gpio.o(.text)
    GPIO_SetBits                             0x080010f9   Thumb Code     4  stm32f4xx_gpio.o(.text)
    GPIO_ResetBits                           0x080010fd   Thumb Code     4  stm32f4xx_gpio.o(.text)
    GPIO_WriteBit                            0x08001101   Thumb Code    10  stm32f4xx_gpio.o(.text)
    GPIO_Write                               0x0800110b   Thumb Code     4  stm32f4xx_gpio.o(.text)
    GPIO_ToggleBits                          0x0800110f   Thumb Code     8  stm32f4xx_gpio.o(.text)
    GPIO_PinAFConfig                         0x08001117   Thumb Code    70  stm32f4xx_gpio.o(.text)
    RCC_DeInit                               0x08001181   Thumb Code    60  stm32f4xx_rcc.o(.text)
    RCC_HSEConfig                            0x080011bd   Thumb Code    14  stm32f4xx_rcc.o(.text)
    RCC_GetFlagStatus                        0x080011cb   Thumb Code    60  stm32f4xx_rcc.o(.text)
    RCC_WaitForHSEStartUp                    0x08001207   Thumb Code    56  stm32f4xx_rcc.o(.text)
    RCC_AdjustHSICalibrationValue            0x0800123f   Thumb Code    20  stm32f4xx_rcc.o(.text)
    RCC_HSICmd                               0x08001253   Thumb Code     6  stm32f4xx_rcc.o(.text)
    RCC_LSEConfig                            0x08001259   Thumb Code    46  stm32f4xx_rcc.o(.text)
    RCC_LSICmd                               0x08001287   Thumb Code     6  stm32f4xx_rcc.o(.text)
    RCC_PLLConfig                            0x0800128d   Thumb Code    32  stm32f4xx_rcc.o(.text)
    RCC_PLLCmd                               0x080012ad   Thumb Code     6  stm32f4xx_rcc.o(.text)
    RCC_PLLI2SConfig                         0x080012b3   Thumb Code    14  stm32f4xx_rcc.o(.text)
    RCC_PLLI2SCmd                            0x080012c1   Thumb Code     6  stm32f4xx_rcc.o(.text)
    RCC_ClockSecuritySystemCmd               0x080012c7   Thumb Code     6  stm32f4xx_rcc.o(.text)
    RCC_MCO1Config                           0x080012cd   Thumb Code    28  stm32f4xx_rcc.o(.text)
    RCC_MCO2Config                           0x080012e9   Thumb Code    28  stm32f4xx_rcc.o(.text)
    RCC_SYSCLKConfig                         0x08001305   Thumb Code    20  stm32f4xx_rcc.o(.text)
    RCC_GetSYSCLKSource                      0x08001319   Thumb Code    12  stm32f4xx_rcc.o(.text)
    RCC_HCLKConfig                           0x08001325   Thumb Code    20  stm32f4xx_rcc.o(.text)
    RCC_PCLK1Config                          0x08001339   Thumb Code    20  stm32f4xx_rcc.o(.text)
    RCC_PCLK2Config                          0x0800134d   Thumb Code    22  stm32f4xx_rcc.o(.text)
    RCC_GetClocksFreq                        0x08001363   Thumb Code   222  stm32f4xx_rcc.o(.text)
    RCC_RTCCLKConfig                         0x08001441   Thumb Code    54  stm32f4xx_rcc.o(.text)
    RCC_RTCCLKCmd                            0x08001477   Thumb Code     8  stm32f4xx_rcc.o(.text)
    RCC_BackupResetCmd                       0x0800147f   Thumb Code     8  stm32f4xx_rcc.o(.text)
    RCC_I2SCLKConfig                         0x08001487   Thumb Code     6  stm32f4xx_rcc.o(.text)
    RCC_AHB1PeriphClockCmd                   0x0800148d   Thumb Code    34  stm32f4xx_rcc.o(.text)
    RCC_AHB2PeriphClockCmd                   0x080014af   Thumb Code    34  stm32f4xx_rcc.o(.text)
    RCC_AHB3PeriphClockCmd                   0x080014d1   Thumb Code    34  stm32f4xx_rcc.o(.text)
    RCC_APB1PeriphClockCmd                   0x080014f3   Thumb Code    34  stm32f4xx_rcc.o(.text)
    RCC_APB2PeriphClockCmd                   0x08001515   Thumb Code    34  stm32f4xx_rcc.o(.text)
    RCC_AHB1PeriphResetCmd                   0x08001537   Thumb Code    34  stm32f4xx_rcc.o(.text)
    RCC_AHB2PeriphResetCmd                   0x08001559   Thumb Code    72  stm32f4xx_rcc.o(.text)
    RCC_AHB3PeriphResetCmd                   0x080015a1   Thumb Code    34  stm32f4xx_rcc.o(.text)
    RCC_APB1PeriphResetCmd                   0x080015c3   Thumb Code    34  stm32f4xx_rcc.o(.text)
    RCC_APB2PeriphResetCmd                   0x080015e5   Thumb Code    34  stm32f4xx_rcc.o(.text)
    RCC_AHB1PeriphClockLPModeCmd             0x08001607   Thumb Code    34  stm32f4xx_rcc.o(.text)
    RCC_AHB2PeriphClockLPModeCmd             0x08001629   Thumb Code    34  stm32f4xx_rcc.o(.text)
    RCC_AHB3PeriphClockLPModeCmd             0x0800164b   Thumb Code    34  stm32f4xx_rcc.o(.text)
    RCC_APB1PeriphClockLPModeCmd             0x0800166d   Thumb Code    34  stm32f4xx_rcc.o(.text)
    RCC_APB2PeriphClockLPModeCmd             0x0800168f   Thumb Code    34  stm32f4xx_rcc.o(.text)
    RCC_ITConfig                             0x080016b1   Thumb Code    34  stm32f4xx_rcc.o(.text)
    RCC_ClearFlag                            0x080016d3   Thumb Code    18  stm32f4xx_rcc.o(.text)
    RCC_GetITStatus                          0x080016e5   Thumb Code    22  stm32f4xx_rcc.o(.text)
    RCC_ClearITPendingBit                    0x080016fb   Thumb Code     8  stm32f4xx_rcc.o(.text)
    SPI_I2S_DeInit                           0x08001709   Thumb Code    76  stm32f4xx_spi.o(.text)
    SPI_Init                                 0x08001755   Thumb Code    60  stm32f4xx_spi.o(.text)
    I2S_Init                                 0x08001791   Thumb Code   346  stm32f4xx_spi.o(.text)
    SPI_StructInit                           0x080018eb   Thumb Code    24  stm32f4xx_spi.o(.text)
    I2S_StructInit                           0x08001903   Thumb Code    20  stm32f4xx_spi.o(.text)
    SPI_Cmd                                  0x08001917   Thumb Code    24  stm32f4xx_spi.o(.text)
    I2S_Cmd                                  0x0800192f   Thumb Code    24  stm32f4xx_spi.o(.text)
    SPI_DataSizeConfig                       0x08001947   Thumb Code    18  stm32f4xx_spi.o(.text)
    SPI_BiDirectionalLineConfig              0x08001959   Thumb Code    28  stm32f4xx_spi.o(.text)
    SPI_NSSInternalSoftwareConfig            0x08001975   Thumb Code    30  stm32f4xx_spi.o(.text)
    SPI_SSOutputCmd                          0x08001993   Thumb Code    24  stm32f4xx_spi.o(.text)
    SPI_TIModeCmd                            0x080019ab   Thumb Code    24  stm32f4xx_spi.o(.text)
    I2S_FullDuplexConfig                     0x080019c3   Thumb Code    80  stm32f4xx_spi.o(.text)
    SPI_I2S_ReceiveData                      0x08001a13   Thumb Code     6  stm32f4xx_spi.o(.text)
    SPI_I2S_SendData                         0x08001a19   Thumb Code     4  stm32f4xx_spi.o(.text)
    SPI_CalculateCRC                         0x08001a1d   Thumb Code    24  stm32f4xx_spi.o(.text)
    SPI_TransmitCRC                          0x08001a35   Thumb Code    10  stm32f4xx_spi.o(.text)
    SPI_GetCRC                               0x08001a3f   Thumb Code    16  stm32f4xx_spi.o(.text)
    SPI_GetCRCPolynomial                     0x08001a4f   Thumb Code     6  stm32f4xx_spi.o(.text)
    SPI_I2S_DMACmd                           0x08001a55   Thumb Code    18  stm32f4xx_spi.o(.text)
    SPI_I2S_ITConfig                         0x08001a67   Thumb Code    32  stm32f4xx_spi.o(.text)
    SPI_I2S_GetFlagStatus                    0x08001a87   Thumb Code    18  stm32f4xx_spi.o(.text)
    SPI_I2S_ClearFlag                        0x08001a99   Thumb Code     6  stm32f4xx_spi.o(.text)
    SPI_I2S_GetITStatus                      0x08001a9f   Thumb Code    52  stm32f4xx_spi.o(.text)
    SPI_I2S_ClearITPendingBit                0x08001ad3   Thumb Code    20  stm32f4xx_spi.o(.text)
    SYSCFG_DeInit                            0x08001afd   Thumb Code    22  stm32f4xx_syscfg.o(.text)
    SYSCFG_MemoryRemapConfig                 0x08001b13   Thumb Code     6  stm32f4xx_syscfg.o(.text)
    SYSCFG_EXTILineConfig                    0x08001b19   Thumb Code    66  stm32f4xx_syscfg.o(.text)
    SYSCFG_ETH_MediaInterfaceConfig          0x08001b5b   Thumb Code     6  stm32f4xx_syscfg.o(.text)
    SYSCFG_CompensationCellCmd               0x08001b61   Thumb Code     6  stm32f4xx_syscfg.o(.text)
    SYSCFG_GetCompensationCellStatus         0x08001b67   Thumb Code    22  stm32f4xx_syscfg.o(.text)
    TIM_DeInit                               0x08001b89   Thumb Code   346  stm32f4xx_tim.o(.text)
    TIM_TimeBaseInit                         0x08001ce3   Thumb Code   104  stm32f4xx_tim.o(.text)
    TIM_TimeBaseStructInit                   0x08001d4b   Thumb Code    18  stm32f4xx_tim.o(.text)
    TIM_PrescalerConfig                      0x08001d5d   Thumb Code     6  stm32f4xx_tim.o(.text)
    TIM_CounterModeConfig                    0x08001d63   Thumb Code    18  stm32f4xx_tim.o(.text)
    TIM_SetCounter                           0x08001d75   Thumb Code     4  stm32f4xx_tim.o(.text)
    TIM_SetAutoreload                        0x08001d79   Thumb Code     4  stm32f4xx_tim.o(.text)
    TIM_GetCounter                           0x08001d7d   Thumb Code     6  stm32f4xx_tim.o(.text)
    TIM_GetPrescaler                         0x08001d83   Thumb Code     6  stm32f4xx_tim.o(.text)
    TIM_UpdateDisableConfig                  0x08001d89   Thumb Code    24  stm32f4xx_tim.o(.text)
    TIM_UpdateRequestConfig                  0x08001da1   Thumb Code    24  stm32f4xx_tim.o(.text)
    TIM_ARRPreloadConfig                     0x08001db9   Thumb Code    24  stm32f4xx_tim.o(.text)
    TIM_SelectOnePulseMode                   0x08001dd1   Thumb Code    18  stm32f4xx_tim.o(.text)
    TIM_SetClockDivision                     0x08001de3   Thumb Code    18  stm32f4xx_tim.o(.text)
    TIM_Cmd                                  0x08001df5   Thumb Code    24  stm32f4xx_tim.o(.text)
    TIM_OC1Init                              0x08001e0d   Thumb Code   114  stm32f4xx_tim.o(.text)
    TIM_OC2Init                              0x08001e7f   Thumb Code   154  stm32f4xx_tim.o(.text)
    TIM_OC3Init                              0x08001f19   Thumb Code   204  stm32f4xx_tim.o(.text)
    TIM_OC4Init                              0x08001fe5   Thumb Code   112  stm32f4xx_tim.o(.text)
    TIM_OCStructInit                         0x08002055   Thumb Code    20  stm32f4xx_tim.o(.text)
    TIM_SelectOCxM                           0x08002069   Thumb Code    86  stm32f4xx_tim.o(.text)
    TIM_SetCompare1                          0x080020bf   Thumb Code     4  stm32f4xx_tim.o(.text)
    TIM_SetCompare2                          0x080020c3   Thumb Code     4  stm32f4xx_tim.o(.text)
    TIM_SetCompare3                          0x080020c7   Thumb Code     4  stm32f4xx_tim.o(.text)
    TIM_SetCompare4                          0x080020cb   Thumb Code     4  stm32f4xx_tim.o(.text)
    TIM_ForcedOC1Config                      0x080020cf   Thumb Code    18  stm32f4xx_tim.o(.text)
    TIM_ForcedOC2Config                      0x080020e1   Thumb Code    26  stm32f4xx_tim.o(.text)
    TIM_ForcedOC3Config                      0x080020fb   Thumb Code    18  stm32f4xx_tim.o(.text)
    TIM_ForcedOC4Config                      0x0800210d   Thumb Code    26  stm32f4xx_tim.o(.text)
    TIM_OC1PreloadConfig                     0x08002127   Thumb Code    18  stm32f4xx_tim.o(.text)
    TIM_OC2PreloadConfig                     0x08002139   Thumb Code    26  stm32f4xx_tim.o(.text)
    TIM_OC3PreloadConfig                     0x08002153   Thumb Code    18  stm32f4xx_tim.o(.text)
    TIM_OC4PreloadConfig                     0x08002165   Thumb Code    26  stm32f4xx_tim.o(.text)
    TIM_OC1FastConfig                        0x0800217f   Thumb Code    18  stm32f4xx_tim.o(.text)
    TIM_OC2FastConfig                        0x08002191   Thumb Code    26  stm32f4xx_tim.o(.text)
    TIM_OC3FastConfig                        0x080021ab   Thumb Code    18  stm32f4xx_tim.o(.text)
    TIM_OC4FastConfig                        0x080021bd   Thumb Code    26  stm32f4xx_tim.o(.text)
    TIM_ClearOC1Ref                          0x080021d7   Thumb Code    18  stm32f4xx_tim.o(.text)
    TIM_ClearOC2Ref                          0x080021e9   Thumb Code    24  stm32f4xx_tim.o(.text)
    TIM_ClearOC3Ref                          0x08002201   Thumb Code    18  stm32f4xx_tim.o(.text)
    TIM_ClearOC4Ref                          0x08002213   Thumb Code    24  stm32f4xx_tim.o(.text)
    TIM_OC1PolarityConfig                    0x0800222b   Thumb Code    18  stm32f4xx_tim.o(.text)
    TIM_OC1NPolarityConfig                   0x0800223d   Thumb Code    18  stm32f4xx_tim.o(.text)
    TIM_OC2PolarityConfig                    0x0800224f   Thumb Code    26  stm32f4xx_tim.o(.text)
    TIM_OC2NPolarityConfig                   0x08002269   Thumb Code    26  stm32f4xx_tim.o(.text)
    TIM_OC3PolarityConfig                    0x08002283   Thumb Code    26  stm32f4xx_tim.o(.text)
    TIM_OC3NPolarityConfig                   0x0800229d   Thumb Code    26  stm32f4xx_tim.o(.text)
    TIM_OC4PolarityConfig                    0x080022b7   Thumb Code    26  stm32f4xx_tim.o(.text)
    TIM_CCxCmd                               0x080022d1   Thumb Code    30  stm32f4xx_tim.o(.text)
    TIM_CCxNCmd                              0x080022ef   Thumb Code    30  stm32f4xx_tim.o(.text)
    TIM_SetIC4Prescaler                      0x0800230d   Thumb Code    26  stm32f4xx_tim.o(.text)
    TIM_SetIC3Prescaler                      0x08002377   Thumb Code    18  stm32f4xx_tim.o(.text)
    TIM_SetIC2Prescaler                      0x080023d1   Thumb Code    26  stm32f4xx_tim.o(.text)
    TIM_SetIC1Prescaler                      0x08002445   Thumb Code    18  stm32f4xx_tim.o(.text)
    TIM_ICInit                               0x08002491   Thumb Code   110  stm32f4xx_tim.o(.text)
    TIM_ICStructInit                         0x080024ff   Thumb Code    18  stm32f4xx_tim.o(.text)
    TIM_PWMIConfig                           0x08002511   Thumb Code   124  stm32f4xx_tim.o(.text)
    TIM_GetCapture1                          0x0800258d   Thumb Code     6  stm32f4xx_tim.o(.text)
    TIM_GetCapture2                          0x08002593   Thumb Code     6  stm32f4xx_tim.o(.text)
    TIM_GetCapture3                          0x08002599   Thumb Code     6  stm32f4xx_tim.o(.text)
    TIM_GetCapture4                          0x0800259f   Thumb Code     6  stm32f4xx_tim.o(.text)
    TIM_BDTRConfig                           0x080025a5   Thumb Code    32  stm32f4xx_tim.o(.text)
    TIM_BDTRStructInit                       0x080025c5   Thumb Code    18  stm32f4xx_tim.o(.text)
    TIM_CtrlPWMOutputs                       0x080025d7   Thumb Code    30  stm32f4xx_tim.o(.text)
    TIM_SelectCOM                            0x080025f5   Thumb Code    24  stm32f4xx_tim.o(.text)
    TIM_CCPreloadControl                     0x0800260d   Thumb Code    24  stm32f4xx_tim.o(.text)
    TIM_ITConfig                             0x08002625   Thumb Code    18  stm32f4xx_tim.o(.text)
    TIM_GenerateEvent                        0x08002637   Thumb Code     4  stm32f4xx_tim.o(.text)
    TIM_GetFlagStatus                        0x0800263b   Thumb Code    18  stm32f4xx_tim.o(.text)
    TIM_ClearFlag                            0x0800264d   Thumb Code     6  stm32f4xx_tim.o(.text)
    TIM_GetITStatus                          0x08002653   Thumb Code    34  stm32f4xx_tim.o(.text)
    TIM_ClearITPendingBit                    0x08002675   Thumb Code     6  stm32f4xx_tim.o(.text)
    TIM_DMAConfig                            0x0800267b   Thumb Code    10  stm32f4xx_tim.o(.text)
    TIM_DMACmd                               0x08002685   Thumb Code    18  stm32f4xx_tim.o(.text)
    TIM_SelectCCDMA                          0x08002697   Thumb Code    24  stm32f4xx_tim.o(.text)
    TIM_InternalClockConfig                  0x080026af   Thumb Code    12  stm32f4xx_tim.o(.text)
    TIM_SelectInputTrigger                   0x080026bb   Thumb Code    18  stm32f4xx_tim.o(.text)
    TIM_ITRxExternalClockConfig              0x080026cd   Thumb Code    24  stm32f4xx_tim.o(.text)
    TIM_TIxExternalClockConfig               0x080026e5   Thumb Code    62  stm32f4xx_tim.o(.text)
    TIM_ETRConfig                            0x08002723   Thumb Code    28  stm32f4xx_tim.o(.text)
    TIM_ETRClockMode1Config                  0x0800273f   Thumb Code    54  stm32f4xx_tim.o(.text)
    TIM_ETRClockMode2Config                  0x08002775   Thumb Code    32  stm32f4xx_tim.o(.text)
    TIM_SelectOutputTrigger                  0x08002795   Thumb Code    18  stm32f4xx_tim.o(.text)
    TIM_SelectSlaveMode                      0x080027a7   Thumb Code    18  stm32f4xx_tim.o(.text)
    TIM_SelectMasterSlaveMode                0x080027b9   Thumb Code    18  stm32f4xx_tim.o(.text)
    TIM_EncoderInterfaceConfig               0x080027cb   Thumb Code    66  stm32f4xx_tim.o(.text)
    TIM_SelectHallSensor                     0x0800280d   Thumb Code    24  stm32f4xx_tim.o(.text)
    TIM_RemapConfig                          0x08002825   Thumb Code     6  stm32f4xx_tim.o(.text)
    LIS302DL_TIMEOUT_UserCallback            0x0800282d   Thumb Code     4  stm32f4_discovery_lis302dl.o(.text)
    LIS302DL_Write                           0x08002893   Thumb Code    58  stm32f4_discovery_lis302dl.o(.text)
    LIS302DL_Init                            0x080029f3   Thumb Code    44  stm32f4_discovery_lis302dl.o(.text)
    LIS302DL_Read                            0x08002a1f   Thumb Code    66  stm32f4_discovery_lis302dl.o(.text)
    LIS302DL_FilterConfig                    0x08002a61   Thumb Code    58  stm32f4_discovery_lis302dl.o(.text)
    LIS302DL_InterruptConfig                 0x08002a9b   Thumb Code    42  stm32f4_discovery_lis302dl.o(.text)
    LIS302DL_LowpowerCmd                     0x08002ac5   Thumb Code    44  stm32f4_discovery_lis302dl.o(.text)
    LIS302DL_DataRateCmd                     0x08002af1   Thumb Code    44  stm32f4_discovery_lis302dl.o(.text)
    LIS302DL_FullScaleCmd                    0x08002b1d   Thumb Code    44  stm32f4_discovery_lis302dl.o(.text)
    LIS302DL_RebootCmd                       0x08002b49   Thumb Code    34  stm32f4_discovery_lis302dl.o(.text)
    LIS302DL_ReadACC                         0x08002b6b   Thumb Code   112  stm32f4_discovery_lis302dl.o(.text)
    __I$use$semihosting                      0x08002bed   Thumb Code     0  use_no_semi.o(.text)
    __use_no_semihosting_swi                 0x08002bed   Thumb Code     2  use_no_semi.o(.text)
    __2printf                                0x08002bf1   Thumb Code    20  noretval__2printf.o(.text)
    __printf                                 0x08002c09   Thumb Code   104  __printf.o(.text)
    _printf_int_hex                          0x08002c71   Thumb Code    88  _printf_hex_int.o(.text)
    _printf_longlong_hex                     0x08002c71   Thumb Code     0  _printf_hex_int.o(.text)
    __use_two_region_memory                  0x08002ccd   Thumb Code     2  heapauxi.o(.text)
    __rt_heap_escrow$2region                 0x08002ccf   Thumb Code     2  heapauxi.o(.text)
    __rt_heap_expand$2region                 0x08002cd1   Thumb Code     2  heapauxi.o(.text)
    __read_errno                             0x08002cd3   Thumb Code    10  _rserrno.o(.text)
    __set_errno                              0x08002cdd   Thumb Code    12  _rserrno.o(.text)
    _printf_int_common                       0x08002ce9   Thumb Code   184  _printf_intcommon.o(.text)
    _printf_char_file                        0x08002da1   Thumb Code    32  _printf_char_file.o(.text)
    __aeabi_errno_addr                       0x08002dc5   Thumb Code     8  rt_errno_addr_intlibspace.o(.text)
    __errno$intlibspace                      0x08002dc5   Thumb Code     0  rt_errno_addr_intlibspace.o(.text)
    __rt_errno_addr$intlibspace              0x08002dc5   Thumb Code     0  rt_errno_addr_intlibspace.o(.text)
    _printf_char_common                      0x08002dd7   Thumb Code    32  _printf_char_common.o(.text)
    ferror                                   0x08002dfd   Thumb Code     8  ferror.o(.text)
    __user_libspace                          0x08002e05   Thumb Code     8  libspace.o(.text)
    __user_perproc_libspace                  0x08002e05   Thumb Code     0  libspace.o(.text)
    __user_perthread_libspace                0x08002e05   Thumb Code     0  libspace.o(.text)
    __user_setup_stackheap                   0x08002e0d   Thumb Code    74  sys_stackheap_outer.o(.text)
    exit                                     0x08002e57   Thumb Code    12  exit.o(.text)
    __ARM_fpclassify                         0x08002e63   Thumb Code    48  fpclassify.o(i.__ARM_fpclassify)
    __hardfp_atan                            0x08002e99   Thumb Code   636  atan.o(i.__hardfp_atan)
    __hardfp_pow                             0x08003181   Thumb Code  3132  pow.o(i.__hardfp_pow)
    __hardfp_sqrt                            0x08003e11   Thumb Code   122  sqrt.o(i.__hardfp_sqrt)
    __kernel_poly                            0x08003e8b   Thumb Code   248  poly.o(i.__kernel_poly)
    __mathlib_dbl_underflow                  0x08003f89   Thumb Code    24  dunder.o(i.__mathlib_dbl_underflow)
    fabs                                     0x08003fa9   Thumb Code    32  fabs.o(i.fabs)
    sqrt                                     0x08003fc9   Thumb Code   110  sqrt.o(i.sqrt)
    __aeabi_dneg                             0x08004037   Thumb Code     0  basic.o(x$fpl$basic)
    _dneg                                    0x08004037   Thumb Code     6  basic.o(x$fpl$basic)
    __aeabi_fneg                             0x0800403d   Thumb Code     0  basic.o(x$fpl$basic)
    _fneg                                    0x0800403d   Thumb Code     6  basic.o(x$fpl$basic)
    _dabs                                    0x08004043   Thumb Code     6  basic.o(x$fpl$basic)
    _fabs                                    0x08004049   Thumb Code     6  basic.o(x$fpl$basic)
    __aeabi_d2f                              0x08004051   Thumb Code     0  d2f.o(x$fpl$d2f)
    _d2f                                     0x08004051   Thumb Code    98  d2f.o(x$fpl$d2f)
    __aeabi_dadd                             0x080040b5   Thumb Code     0  daddsub_clz.o(x$fpl$dadd)
    _dadd                                    0x080040b5   Thumb Code   332  daddsub_clz.o(x$fpl$dadd)
    __fpl_dcheck_NaN1                        0x08004205   Thumb Code    10  dcheck1.o(x$fpl$dcheck1)
    __fpl_dcmp_Inf                           0x08004215   Thumb Code    24  dcmpi.o(x$fpl$dcmpinf)
    __aeabi_ddiv                             0x0800422d   Thumb Code     0  ddiv.o(x$fpl$ddiv)
    _ddiv                                    0x0800422d   Thumb Code   552  ddiv.o(x$fpl$ddiv)
    __aeabi_i2d                              0x080044dd   Thumb Code     0  dflt_clz.o(x$fpl$dflt)
    _dflt                                    0x080044dd   Thumb Code    46  dflt_clz.o(x$fpl$dflt)
    __aeabi_cdcmple                          0x0800450d   Thumb Code     0  dleqf.o(x$fpl$dleqf)
    _dcmple                                  0x0800450d   Thumb Code   120  dleqf.o(x$fpl$dleqf)
    __fpl_dcmple_InfNaN                      0x0800456f   Thumb Code     0  dleqf.o(x$fpl$dleqf)
    __aeabi_dmul                             0x08004585   Thumb Code     0  dmul.o(x$fpl$dmul)
    _dmul                                    0x08004585   Thumb Code   332  dmul.o(x$fpl$dmul)
    __fpl_dnaninf                            0x080046d9   Thumb Code   156  dnaninf.o(x$fpl$dnaninf)
    __fpl_dretinf                            0x08004775   Thumb Code    12  dretinf.o(x$fpl$dretinf)
    __aeabi_cdrcmple                         0x08004781   Thumb Code     0  drleqf.o(x$fpl$drleqf)
    _drcmple                                 0x08004781   Thumb Code   108  drleqf.o(x$fpl$drleqf)
    __aeabi_drsub                            0x080047ed   Thumb Code     0  daddsub_clz.o(x$fpl$drsb)
    _drsb                                    0x080047ed   Thumb Code    22  daddsub_clz.o(x$fpl$drsb)
    _dsqrt                                   0x08004805   Thumb Code   404  dsqrt_umaal.o(x$fpl$dsqrt)
    __aeabi_dsub                             0x0800499d   Thumb Code     0  daddsub_clz.o(x$fpl$dsub)
    _dsub                                    0x0800499d   Thumb Code   464  daddsub_clz.o(x$fpl$dsub)
    _fp_init                                 0x08004b71   Thumb Code    10  fpinit.o(x$fpl$fpinit)
    __fplib_config_fpu_vfp                   0x08004b79   Thumb Code     0  fpinit.o(x$fpl$fpinit)
    __fplib_config_pureend_doubles           0x08004b79   Thumb Code     0  fpinit.o(x$fpl$fpinit)
    __fpl_fretinf                            0x08004b7b   Thumb Code    10  fretinf.o(x$fpl$fretinf)
    __fpl_return_NaN                         0x08004b85   Thumb Code   100  retnan.o(x$fpl$retnan)
    __ARM_scalbn                             0x08004be9   Thumb Code    92  scalbn.o(x$fpl$scalbn)
    __fpl_cmpreturn                          0x08004c45   Thumb Code    48  trapv.o(x$fpl$trapveneer)
    __I$use$fp                               0x08004c74   Number         0  usenofp.o(x$fpl$usenofp)
    __mathlib_zero                           0x08004dc0   Data           8  qnan.o(.constdata)
    Region$$Table$$Base                      0x08004dc8   Number         0  anon$$obj.o(Region$$Table)
    Region$$Table$$Limit                     0x08004de8   Number         0  anon$$obj.o(Region$$Table)
    __stdout                                 0x20000000   Data           4  fputc_debug.o(.data)
    __stdin                                  0x20000004   Data           4  fputc_debug.o(.data)
    SystemCoreClock                          0x20000024   Data           4  system_stm32f4xx.o(.data)
    AHBPrescTable                            0x20000028   Data          16  system_stm32f4xx.o(.data)
    LIS302DLTimeout                          0x20000048   Data           4  stm32f4_discovery_lis302dl.o(.data)
    __libspace_start                         0x2000004c   Data          96  libspace.o(.bss)
    __temporary_stack_top$libspace           0x200000ac   Data           0  libspace.o(.bss)



==============================================================================

Memory Map of the image

  Image Entry point : 0x08000231

  Load Region LR_1 (Base: 0x08000000, Size: 0x00004e34, Max: 0xffffffff, ABSOLUTE)

    Execution Region ER_RO (Base: 0x08000000, Size: 0x00004de8, Max: 0xffffffff, ABSOLUTE)

    Base Addr    Size         Type   Attr      Idx    E Section Name        Object

    0x08000000   0x00000188   Data   RO            3    RESET               startup_stm32f40xx.o
    0x08000188   0x00000008   Code   RO          973  * !!!main             c_w.l(__main.o)
    0x08000190   0x00000034   Code   RO         1239    !!!scatter          c_w.l(__scatter.o)
    0x080001c4   0x0000001a   Code   RO         1241    !!handler_copy      c_w.l(__scatter_copy.o)
    0x080001de   0x00000002   PAD
    0x080001e0   0x0000001c   Code   RO         1243    !!handler_zi        c_w.l(__scatter_zi.o)
    0x080001fc   0x00000000   Code   RO          970    .ARM.Collect$$_printf_percent$$00000000  c_w.l(_printf_percent.o)
    0x080001fc   0x00000006   Code   RO          969    .ARM.Collect$$_printf_percent$$0000000C  c_w.l(_printf_x.o)
    0x08000202   0x00000004   Code   RO         1042    .ARM.Collect$$_printf_percent$$00000017  c_w.l(_printf_percent_end.o)
    0x08000206   0x00000002   Code   RO         1117    .ARM.Collect$$libinit$$00000000  c_w.l(libinit.o)
    0x08000208   0x00000004   Code   RO         1122    .ARM.Collect$$libinit$$00000001  c_w.l(libinit2.o)
    0x0800020c   0x00000000   Code   RO         1126    .ARM.Collect$$libinit$$00000008  c_w.l(libinit2.o)
    0x0800020c   0x00000000   Code   RO         1128    .ARM.Collect$$libinit$$0000000A  c_w.l(libinit2.o)
    0x0800020c   0x00000000   Code   RO         1130    .ARM.Collect$$libinit$$0000000C  c_w.l(libinit2.o)
    0x0800020c   0x00000000   Code   RO         1133    .ARM.Collect$$libinit$$0000000F  c_w.l(libinit2.o)
    0x0800020c   0x00000000   Code   RO         1135    .ARM.Collect$$libinit$$00000011  c_w.l(libinit2.o)
    0x0800020c   0x00000000   Code   RO         1137    .ARM.Collect$$libinit$$00000013  c_w.l(libinit2.o)
    0x0800020c   0x00000000   Code   RO         1139    .ARM.Collect$$libinit$$00000015  c_w.l(libinit2.o)
    0x0800020c   0x00000000   Code   RO         1141    .ARM.Collect$$libinit$$00000017  c_w.l(libinit2.o)
    0x0800020c   0x00000000   Code   RO         1143    .ARM.Collect$$libinit$$00000019  c_w.l(libinit2.o)
    0x0800020c   0x00000000   Code   RO         1145    .ARM.Collect$$libinit$$0000001B  c_w.l(libinit2.o)
    0x0800020c   0x00000000   Code   RO         1147    .ARM.Collect$$libinit$$0000001D  c_w.l(libinit2.o)
    0x0800020c   0x00000000   Code   RO         1149    .ARM.Collect$$libinit$$0000001F  c_w.l(libinit2.o)
    0x0800020c   0x00000000   Code   RO         1151    .ARM.Collect$$libinit$$00000021  c_w.l(libinit2.o)
    0x0800020c   0x00000000   Code   RO         1153    .ARM.Collect$$libinit$$00000023  c_w.l(libinit2.o)
    0x0800020c   0x00000000   Code   RO         1157    .ARM.Collect$$libinit$$0000002A  c_w.l(libinit2.o)
    0x0800020c   0x00000000   Code   RO         1159    .ARM.Collect$$libinit$$0000002C  c_w.l(libinit2.o)
    0x0800020c   0x00000000   Code   RO         1161    .ARM.Collect$$libinit$$0000002E  c_w.l(libinit2.o)
    0x0800020c   0x00000000   Code   RO         1163    .ARM.Collect$$libinit$$00000030  c_w.l(libinit2.o)
    0x0800020c   0x00000002   Code   RO         1164    .ARM.Collect$$libinit$$00000031  c_w.l(libinit2.o)
    0x0800020e   0x00000002   Code   RO         1184    .ARM.Collect$$libshutdown$$00000000  c_w.l(libshutdown.o)
    0x08000210   0x00000000   Code   RO         1195    .ARM.Collect$$libshutdown$$00000003  c_w.l(libshutdown2.o)
    0x08000210   0x00000000   Code   RO         1198    .ARM.Collect$$libshutdown$$00000006  c_w.l(libshutdown2.o)
    0x08000210   0x00000000   Code   RO         1201    .ARM.Collect$$libshutdown$$00000009  c_w.l(libshutdown2.o)
    0x08000210   0x00000000   Code   RO         1203    .ARM.Collect$$libshutdown$$0000000B  c_w.l(libshutdown2.o)
    0x08000210   0x00000000   Code   RO         1206    .ARM.Collect$$libshutdown$$0000000E  c_w.l(libshutdown2.o)
    0x08000210   0x00000002   Code   RO         1207    .ARM.Collect$$libshutdown$$0000000F  c_w.l(libshutdown2.o)
    0x08000212   0x00000000   Code   RO         1035    .ARM.Collect$$rtentry$$00000000  c_w.l(rtentry.o)
    0x08000212   0x00000000   Code   RO         1074    .ARM.Collect$$rtentry$$00000002  c_w.l(rtentry2.o)
    0x08000212   0x00000006   Code   RO         1086    .ARM.Collect$$rtentry$$00000004  c_w.l(rtentry4.o)
    0x08000218   0x00000000   Code   RO         1076    .ARM.Collect$$rtentry$$00000009  c_w.l(rtentry2.o)
    0x08000218   0x00000004   Code   RO         1077    .ARM.Collect$$rtentry$$0000000A  c_w.l(rtentry2.o)
    0x0800021c   0x00000000   Code   RO         1079    .ARM.Collect$$rtentry$$0000000C  c_w.l(rtentry2.o)
    0x0800021c   0x00000008   Code   RO         1080    .ARM.Collect$$rtentry$$0000000D  c_w.l(rtentry2.o)
    0x08000224   0x00000002   Code   RO         1120    .ARM.Collect$$rtexit$$00000000  c_w.l(rtexit.o)
    0x08000226   0x00000000   Code   RO         1168    .ARM.Collect$$rtexit$$00000002  c_w.l(rtexit2.o)
    0x08000226   0x00000004   Code   RO         1169    .ARM.Collect$$rtexit$$00000003  c_w.l(rtexit2.o)
    0x0800022a   0x00000006   Code   RO         1170    .ARM.Collect$$rtexit$$00000004  c_w.l(rtexit2.o)
    0x08000230   0x00000040   Code   RO            4  * .text               startup_stm32f40xx.o
    0x08000270   0x0000004c   Code   RO           12    .text               fputc_debug.o
    0x080002bc   0x000002b0   Code   RO          147    .text               main.o
    0x0800056c   0x0000020c   Code   RO          201    .text               system_stm32f4xx.o
    0x08000778   0x0000030c   Code   RO          227    .text               lab3_init.o
    0x08000a84   0x000002a0   Code   RO          247    .text               lab3_accelerometer.o
    0x08000d24   0x000000e4   Code   RO          271    .text               misc.o
    0x08000e08   0x0000011c   Code   RO          515    .text               stm32f4xx_exti.o
    0x08000f24   0x0000025c   Code   RO          575    .text               stm32f4xx_gpio.o
    0x08001180   0x00000588   Code   RO          715    .text               stm32f4xx_rcc.o
    0x08001708   0x000003f4   Code   RO          797    .text               stm32f4xx_spi.o
    0x08001afc   0x0000008c   Code   RO          817    .text               stm32f4xx_syscfg.o
    0x08001b88   0x00000ca2   Code   RO          837    .text               stm32f4xx_tim.o
    0x0800282a   0x00000002   PAD
    0x0800282c   0x000003c0   Code   RO          897    .text               stm32f4_discovery_lis302dl.o
    0x08002bec   0x00000002   Code   RO          920    .text               c_w.l(use_no_semi.o)
    0x08002bee   0x00000002   PAD
    0x08002bf0   0x00000018   Code   RO          924    .text               c_w.l(noretval__2printf.o)
    0x08002c08   0x00000068   Code   RO          926    .text               c_w.l(__printf.o)
    0x08002c70   0x0000005c   Code   RO          931    .text               c_w.l(_printf_hex_int.o)
    0x08002ccc   0x00000006   Code   RO          971    .text               c_w.l(heapauxi.o)
    0x08002cd2   0x00000016   Code   RO         1036    .text               c_w.l(_rserrno.o)
    0x08002ce8   0x000000b8   Code   RO         1038    .text               c_w.l(_printf_intcommon.o)
    0x08002da0   0x00000024   Code   RO         1040    .text               c_w.l(_printf_char_file.o)
    0x08002dc4   0x00000008   Code   RO         1091    .text               c_w.l(rt_errno_addr_intlibspace.o)
    0x08002dcc   0x00000030   Code   RO         1093    .text               c_w.l(_printf_char_common.o)
    0x08002dfc   0x00000008   Code   RO         1095    .text               c_w.l(ferror.o)
    0x08002e04   0x00000008   Code   RO         1103    .text               c_w.l(libspace.o)
    0x08002e0c   0x0000004a   Code   RO         1106    .text               c_w.l(sys_stackheap_outer.o)
    0x08002e56   0x0000000c   Code   RO         1110    .text               c_w.l(exit.o)
    0x08002e62   0x00000030   Code   RO         1068    i.__ARM_fpclassify  m_wm.l(fpclassify.o)
    0x08002e92   0x00000006   PAD
    0x08002e98   0x000002e8   Code   RO          995    i.__hardfp_atan     m_wm.l(atan.o)
    0x08003180   0x00000c90   Code   RO         1009    i.__hardfp_pow      m_wm.l(pow.o)
    0x08003e10   0x0000007a   Code   RO         1023    i.__hardfp_sqrt     m_wm.l(sqrt.o)
    0x08003e8a   0x000000f8   Code   RO         1070    i.__kernel_poly     m_wm.l(poly.o)
    0x08003f82   0x00000006   PAD
    0x08003f88   0x00000020   Code   RO         1060    i.__mathlib_dbl_underflow  m_wm.l(dunder.o)
    0x08003fa8   0x00000020   Code   RO         1064    i.fabs              m_wm.l(fabs.o)
    0x08003fc8   0x0000006e   Code   RO         1025    i.sqrt              m_wm.l(sqrt.o)
    0x08004036   0x00000018   Code   RO         1043    x$fpl$basic         fz_wm.l(basic.o)
    0x0800404e   0x00000002   PAD
    0x08004050   0x00000062   Code   RO          975    x$fpl$d2f           fz_wm.l(d2f.o)
    0x080040b2   0x00000002   PAD
    0x080040b4   0x00000150   Code   RO          977    x$fpl$dadd          fz_wm.l(daddsub_clz.o)
    0x08004204   0x00000010   Code   RO         1099    x$fpl$dcheck1       fz_wm.l(dcheck1.o)
    0x08004214   0x00000018   Code   RO         1101    x$fpl$dcmpinf       fz_wm.l(dcmpi.o)
    0x0800422c   0x000002b0   Code   RO          984    x$fpl$ddiv          fz_wm.l(ddiv.o)
    0x080044dc   0x0000002e   Code   RO          988    x$fpl$dflt          fz_wm.l(dflt_clz.o)
    0x0800450a   0x00000002   PAD
    0x0800450c   0x00000078   Code   RO         1045    x$fpl$dleqf         fz_wm.l(dleqf.o)
    0x08004584   0x00000154   Code   RO          993    x$fpl$dmul          fz_wm.l(dmul.o)
    0x080046d8   0x0000009c   Code   RO         1047    x$fpl$dnaninf       fz_wm.l(dnaninf.o)
    0x08004774   0x0000000c   Code   RO         1049    x$fpl$dretinf       fz_wm.l(dretinf.o)
    0x08004780   0x0000006c   Code   RO         1051    x$fpl$drleqf        fz_wm.l(drleqf.o)
    0x080047ec   0x00000016   Code   RO          978    x$fpl$drsb          fz_wm.l(daddsub_clz.o)
    0x08004802   0x00000002   PAD
    0x08004804   0x00000198   Code   RO         1053    x$fpl$dsqrt         fz_wm.l(dsqrt_umaal.o)
    0x0800499c   0x000001d4   Code   RO          979    x$fpl$dsub          fz_wm.l(daddsub_clz.o)
    0x08004b70   0x0000000a   Code   RO         1176    x$fpl$fpinit        fz_wm.l(fpinit.o)
    0x08004b7a   0x0000000a   Code   RO         1055    x$fpl$fretinf       fz_wm.l(fretinf.o)
    0x08004b84   0x00000064   Code   RO         1118    x$fpl$retnan        fz_wm.l(retnan.o)
    0x08004be8   0x0000005c   Code   RO         1057    x$fpl$scalbn        fz_wm.l(scalbn.o)
    0x08004c44   0x00000030   Code   RO         1165    x$fpl$trapveneer    fz_wm.l(trapv.o)
    0x08004c74   0x00000000   Code   RO         1059    x$fpl$usenofp       fz_wm.l(usenofp.o)
    0x08004c74   0x00000028   Data   RO          932    .constdata          c_w.l(_printf_hex_int.o)
    0x08004c9c   0x00000004   PAD
    0x08004ca0   0x00000098   Data   RO          998    .constdata          m_wm.l(atan.o)
    0x08004d38   0x00000088   Data   RO         1012    .constdata          m_wm.l(pow.o)
    0x08004dc0   0x00000008   Data   RO         1072    .constdata          m_wm.l(qnan.o)
    0x08004dc8   0x00000020   Data   RO         1237    Region$$Table       anon$$obj.o


    Execution Region ER_RW (Base: 0x20000000, Size: 0x0000004c, Max: 0xffffffff, ABSOLUTE)

    Base Addr    Size         Type   Attr      Idx    E Section Name        Object

    0x20000000   0x00000008   Data   RW           13    .data               fputc_debug.o
    0x20000008   0x0000001c   Data   RW          148    .data               main.o
    0x20000024   0x00000014   Data   RW          202    .data               system_stm32f4xx.o
    0x20000038   0x00000010   Data   RW          716    .data               stm32f4xx_rcc.o
    0x20000048   0x00000004   Data   RW          898    .data               stm32f4_discovery_lis302dl.o


    Execution Region ER_ZI (Base: 0x2000004c, Size: 0x00000664, Max: 0xffffffff, ABSOLUTE)

    Base Addr    Size         Type   Attr      Idx    E Section Name        Object

    0x2000004c   0x00000060   Zero   RW         1104    .bss                c_w.l(libspace.o)
    0x200000ac   0x00000004   PAD
    0x200000b0   0x00000200   Zero   RW            2    HEAP                startup_stm32f40xx.o
    0x200002b0   0x00000400   Zero   RW            1    STACK               startup_stm32f40xx.o


==============================================================================

Image component sizes


      Code (inc. data)   RO Data    RW Data    ZI Data      Debug   Object Name

        76          4          0          8          0     265061   fputc_debug.o
       672         30          0          0          0       1612   lab3_accelerometer.o
       780         24          0          0          0       1951   lab3_init.o
       688         66          0         28          0     218836   main.o
       228         22          0          0          0       1841   misc.o
        64         26        392          0       1536        808   startup_stm32f40xx.o
       960         18          0          4          0       4188   stm32f4_discovery_lis302dl.o
       284         10          0          0          0       2315   stm32f4xx_exti.o
       604         36          0          0          0       4081   stm32f4xx_gpio.o
      1416         48          0         16          0      10947   stm32f4xx_rcc.o
      1012         22          0          0          0       6781   stm32f4xx_spi.o
       140         12          0          0          0       1679   stm32f4xx_syscfg.o
      3234         60          0          0          0      22316   stm32f4xx_tim.o
       524         44          0         20          0       1679   system_stm32f4xx.o

    ----------------------------------------------------------------------
     10684        422        424         76       1536     544095   Object Totals
         0          0         32          0          0          0   (incl. Generated)
         2          0          0          0          0          0   (incl. Padding)

    ----------------------------------------------------------------------

      Code (inc. data)   RO Data    RW Data    ZI Data      Debug   Library Member Name

         8          0          0          0          0         68   __main.o
       104          0          0          0          0         84   __printf.o
        52          8          0          0          0          0   __scatter.o
        26          0          0          0          0          0   __scatter_copy.o
        28          0          0          0          0          0   __scatter_zi.o
        48          6          0          0          0         96   _printf_char_common.o
        36          4          0          0          0         80   _printf_char_file.o
        92          4         40          0          0         88   _printf_hex_int.o
       184          0          0          0          0         88   _printf_intcommon.o
         0          0          0          0          0          0   _printf_percent.o
         4          0          0          0          0          0   _printf_percent_end.o
         6          0          0          0          0          0   _printf_x.o
        22          0          0          0          0        100   _rserrno.o
        12          0          0          0          0         72   exit.o
         8          0          0          0          0         68   ferror.o
         6          0          0          0          0        152   heapauxi.o
         2          0          0          0          0          0   libinit.o
         6          0          0          0          0          0   libinit2.o
         2          0          0          0          0          0   libshutdown.o
         2          0          0          0          0          0   libshutdown2.o
         8          4          0          0         96         68   libspace.o
        24          4          0          0          0         84   noretval__2printf.o
         8          4          0          0          0         68   rt_errno_addr_intlibspace.o
         0          0          0          0          0          0   rtentry.o
        12          0          0          0          0          0   rtentry2.o
         6          0          0          0          0          0   rtentry4.o
         2          0          0          0          0          0   rtexit.o
        10          0          0          0          0          0   rtexit2.o
        74          0          0          0          0         80   sys_stackheap_outer.o
         2          0          0          0          0         68   use_no_semi.o
        24          0          0          0          0        164   basic.o
        98          4          0          0          0        140   d2f.o
       826         16          0          0          0        492   daddsub_clz.o
        16          4          0          0          0        116   dcheck1.o
        24          0          0          0          0        116   dcmpi.o
       688        140          0          0          0        256   ddiv.o
        46          0          0          0          0        116   dflt_clz.o
       120          4          0          0          0        140   dleqf.o
       340         12          0          0          0        152   dmul.o
       156          4          0          0          0        140   dnaninf.o
        12          0          0          0          0        116   dretinf.o
       108          0          0          0          0        128   drleqf.o
       408         56          0          0          0        168   dsqrt_umaal.o
        10          0          0          0          0        116   fpinit.o
        10          0          0          0          0        116   fretinf.o
       100          0          0          0          0        116   retnan.o
        92          0          0          0          0        116   scalbn.o
        48          0          0          0          0        116   trapv.o
         0          0          0          0          0          0   usenofp.o
       744        108        152          0          0        220   atan.o
        32          8          0          0          0        124   dunder.o
        32          0          0          0          0        124   fabs.o
        48          0          0          0          0        124   fpclassify.o
       248          0          0          0          0        152   poly.o
      3216        310        136          0          0        216   pow.o
         0          0          8          0          0          0   qnan.o
       232          0          0          0          0        296   sqrt.o

    ----------------------------------------------------------------------
      8496        700        340          0        100       5344   Library Totals
        24          0          4          0          4          0   (incl. Padding)

    ----------------------------------------------------------------------

      Code (inc. data)   RO Data    RW Data    ZI Data      Debug   Library Name

       794         34         40          0         96       1264   c_w.l
      3126        240          0          0          0       2824   fz_wm.l
      4552        426        296          0          0       1256   m_wm.l

    ----------------------------------------------------------------------
      8496        700        340          0        100       5344   Library Totals

    ----------------------------------------------------------------------

==============================================================================


      Code (inc. data)   RO Data    RW Data    ZI Data      Debug   

     19180       1122        764         76       1636     543263   Grand Totals
     19180       1122        764         76       1636     543263   ELF Image Totals
     19180       1122        764         76          0          0   ROM Totals

==============================================================================

    Total RO  Size (Code + RO Data)                19944 (  19.48kB)
    Total RW  Size (RW Data + ZI Data)              1712 (   1.67kB)
    Total ROM Size (Code + RO Data + RW Data)      20020 (  19.55kB)

==============================================================================

